Archive member included to satisfy reference by file (symbol)

C:/ST/STM32CubeIDE_1.17.0/STM32CubeIDE/plugins/com.st.stm32cube.ide.mcu.externaltools.gnu-tools-for-stm32.13.3.rel1.win32_1.0.0.202411081344/tools/bin/../lib/gcc/arm-none-eabi/13.3.1/../../../../arm-none-eabi/lib/thumb/v7e-m+fp/hard\libc_nano.a(libc_a-exit.o)
                              C:/ST/STM32CubeIDE_1.17.0/STM32CubeIDE/plugins/com.st.stm32cube.ide.mcu.externaltools.gnu-tools-for-stm32.13.3.rel1.win32_1.0.0.202411081344/tools/bin/../lib/gcc/arm-none-eabi/13.3.1/../../../../arm-none-eabi/lib/thumb/v7e-m+fp/hard/crt0.o (exit)
C:/ST/STM32CubeIDE_1.17.0/STM32CubeIDE/plugins/com.st.stm32cube.ide.mcu.externaltools.gnu-tools-for-stm32.13.3.rel1.win32_1.0.0.202411081344/tools/bin/../lib/gcc/arm-none-eabi/13.3.1/../../../../arm-none-eabi/lib/thumb/v7e-m+fp/hard\libc_nano.a(libc_a-itoa.o)
                              ./Core/Src/debug.o (itoa)
C:/ST/STM32CubeIDE_1.17.0/STM32CubeIDE/plugins/com.st.stm32cube.ide.mcu.externaltools.gnu-tools-for-stm32.13.3.rel1.win32_1.0.0.202411081344/tools/bin/../lib/gcc/arm-none-eabi/13.3.1/../../../../arm-none-eabi/lib/thumb/v7e-m+fp/hard\libc_nano.a(libc_a-utoa.o)
                              C:/ST/STM32CubeIDE_1.17.0/STM32CubeIDE/plugins/com.st.stm32cube.ide.mcu.externaltools.gnu-tools-for-stm32.13.3.rel1.win32_1.0.0.202411081344/tools/bin/../lib/gcc/arm-none-eabi/13.3.1/../../../../arm-none-eabi/lib/thumb/v7e-m+fp/hard\libc_nano.a(libc_a-itoa.o) (__utoa)
C:/ST/STM32CubeIDE_1.17.0/STM32CubeIDE/plugins/com.st.stm32cube.ide.mcu.externaltools.gnu-tools-for-stm32.13.3.rel1.win32_1.0.0.202411081344/tools/bin/../lib/gcc/arm-none-eabi/13.3.1/../../../../arm-none-eabi/lib/thumb/v7e-m+fp/hard\libc_nano.a(libc_a-findfp.o)
                              ./Middlewares/FreeRTOS/tasks.o (__sf)
C:/ST/STM32CubeIDE_1.17.0/STM32CubeIDE/plugins/com.st.stm32cube.ide.mcu.externaltools.gnu-tools-for-stm32.13.3.rel1.win32_1.0.0.202411081344/tools/bin/../lib/gcc/arm-none-eabi/13.3.1/../../../../arm-none-eabi/lib/thumb/v7e-m+fp/hard\libc_nano.a(libc_a-fwalk.o)
                              C:/ST/STM32CubeIDE_1.17.0/STM32CubeIDE/plugins/com.st.stm32cube.ide.mcu.externaltools.gnu-tools-for-stm32.13.3.rel1.win32_1.0.0.202411081344/tools/bin/../lib/gcc/arm-none-eabi/13.3.1/../../../../arm-none-eabi/lib/thumb/v7e-m+fp/hard\libc_nano.a(libc_a-findfp.o) (_fwalk_sglue)
C:/ST/STM32CubeIDE_1.17.0/STM32CubeIDE/plugins/com.st.stm32cube.ide.mcu.externaltools.gnu-tools-for-stm32.13.3.rel1.win32_1.0.0.202411081344/tools/bin/../lib/gcc/arm-none-eabi/13.3.1/../../../../arm-none-eabi/lib/thumb/v7e-m+fp/hard\libc_nano.a(libc_a-snprintf.o)
                              ./Core/Src/midi_modify.o (snprintf)
C:/ST/STM32CubeIDE_1.17.0/STM32CubeIDE/plugins/com.st.stm32cube.ide.mcu.externaltools.gnu-tools-for-stm32.13.3.rel1.win32_1.0.0.202411081344/tools/bin/../lib/gcc/arm-none-eabi/13.3.1/../../../../arm-none-eabi/lib/thumb/v7e-m+fp/hard\libc_nano.a(libc_a-sprintf.o)
                              ./Core/Src/debug.o (sprintf)
C:/ST/STM32CubeIDE_1.17.0/STM32CubeIDE/plugins/com.st.stm32cube.ide.mcu.externaltools.gnu-tools-for-stm32.13.3.rel1.win32_1.0.0.202411081344/tools/bin/../lib/gcc/arm-none-eabi/13.3.1/../../../../arm-none-eabi/lib/thumb/v7e-m+fp/hard\libc_nano.a(libc_a-stdio.o)
                              C:/ST/STM32CubeIDE_1.17.0/STM32CubeIDE/plugins/com.st.stm32cube.ide.mcu.externaltools.gnu-tools-for-stm32.13.3.rel1.win32_1.0.0.202411081344/tools/bin/../lib/gcc/arm-none-eabi/13.3.1/../../../../arm-none-eabi/lib/thumb/v7e-m+fp/hard\libc_nano.a(libc_a-findfp.o) (__sread)
C:/ST/STM32CubeIDE_1.17.0/STM32CubeIDE/plugins/com.st.stm32cube.ide.mcu.externaltools.gnu-tools-for-stm32.13.3.rel1.win32_1.0.0.202411081344/tools/bin/../lib/gcc/arm-none-eabi/13.3.1/../../../../arm-none-eabi/lib/thumb/v7e-m+fp/hard\libc_nano.a(libc_a-memset.o)
                              C:/ST/STM32CubeIDE_1.17.0/STM32CubeIDE/plugins/com.st.stm32cube.ide.mcu.externaltools.gnu-tools-for-stm32.13.3.rel1.win32_1.0.0.202411081344/tools/bin/../lib/gcc/arm-none-eabi/13.3.1/../../../../arm-none-eabi/lib/thumb/v7e-m+fp/hard/crt0.o (memset)
C:/ST/STM32CubeIDE_1.17.0/STM32CubeIDE/plugins/com.st.stm32cube.ide.mcu.externaltools.gnu-tools-for-stm32.13.3.rel1.win32_1.0.0.202411081344/tools/bin/../lib/gcc/arm-none-eabi/13.3.1/../../../../arm-none-eabi/lib/thumb/v7e-m+fp/hard\libc_nano.a(libc_a-closer.o)
                              C:/ST/STM32CubeIDE_1.17.0/STM32CubeIDE/plugins/com.st.stm32cube.ide.mcu.externaltools.gnu-tools-for-stm32.13.3.rel1.win32_1.0.0.202411081344/tools/bin/../lib/gcc/arm-none-eabi/13.3.1/../../../../arm-none-eabi/lib/thumb/v7e-m+fp/hard\libc_nano.a(libc_a-stdio.o) (_close_r)
C:/ST/STM32CubeIDE_1.17.0/STM32CubeIDE/plugins/com.st.stm32cube.ide.mcu.externaltools.gnu-tools-for-stm32.13.3.rel1.win32_1.0.0.202411081344/tools/bin/../lib/gcc/arm-none-eabi/13.3.1/../../../../arm-none-eabi/lib/thumb/v7e-m+fp/hard\libc_nano.a(libc_a-reent.o)
[...]
Memory Configuration

Name             Origin             Length             Attributes
RAM              0x20000000         0x00020000         xrw
FLASH            0x08000000         0x00080000         xr
*default*        0x00000000         0xffffffff

Linker script and memory map

LOAD C:/ST/STM32CubeIDE_1.17.0/STM32CubeIDE/plugins/com.st.stm32cube.ide.mcu.externaltools.gnu-tools-for-stm32.13.3.rel1.win32_1.0.0.202411081344/tools/bin/../lib/gcc/arm-none-eabi/13.3.1/thumb/v7e-m+fp/hard/crti.o
LOAD C:/ST/STM32CubeIDE_1.17.0/STM32CubeIDE/plugins/com.st.stm32cube.ide.mcu.externaltools.gnu-tools-for-stm32.13.3.rel1.win32_1.0.0.202411081344/tools/bin/../lib/gcc/arm-none-eabi/13.3.1/thumb/v7e-m+fp/hard/crtbegin.o
LOAD C:/ST/STM32CubeIDE_1.17.0/STM32CubeIDE/plugins/com.st.stm32cube.ide.mcu.externaltools.gnu-tools-for-stm32.13.3.rel1.win32_1.0.0.202411081344/tools/bin/../lib/gcc/arm-none-eabi/13.3.1/../../../../arm-none-eabi/lib/thumb/v7e-m+fp/hard/crt0.o
LOAD ./Core/Src/debug.o
LOAD ./Core/Src/display.o
LOAD ./Core/Src/freertos.o
LOAD ./Core/Src/main.o
LOAD ./Core/Src/menu.o
LOAD ./Core/Src/midi_modify.o
LOAD ./Core/Src/midi_tempo.o
LOAD ./Core/Src/screen_driver.o
LOAD ./Core/Src/screen_driver_fonts.o
LOAD ./Core/Src/stm32f4xx_hal_msp.o
LOAD ./Core/Src/stm32f4xx_hal_timebase_tim.o
LOAD ./Core/Src/stm32f4xx_it.o
LOAD ./Core/Src/syscalls.o
LOAD ./Core/Src/sysmem.o
LOAD ./Core/Src/system_stm32f4xx.o
LOAD ./Core/Startup/startup_stm32f411ceux.o
LOAD ./Drivers/STM32F4xx_HAL_Driver/stm32f4xx_hal.o
LOAD ./Drivers/STM32F4xx_HAL_Driver/stm32f4xx_hal_adc.o
LOAD ./Drivers/STM32F4xx_HAL_Driver/stm32f4xx_hal_adc_ex.o
LOAD ./Drivers/STM32F4xx_HAL_Driver/stm32f4xx_hal_cortex.o
LOAD ./Drivers/STM32F4xx_HAL_Driver/stm32f4xx_hal_dma.o
LOAD ./Drivers/STM32F4xx_HAL_Driver/stm32f4xx_hal_dma_ex.o
LOAD ./Drivers/STM32F4xx_HAL_Driver/stm32f4xx_hal_exti.o
LOAD ./Drivers/STM32F4xx_HAL_Driver/stm32f4xx_hal_flash.o
LOAD ./Drivers/STM32F4xx_HAL_Driver/stm32f4xx_hal_flash_ex.o
LOAD ./Drivers/STM32F4xx_HAL_Driver/stm32f4xx_hal_flash_ramfunc.o
LOAD ./Drivers/STM32F4xx_HAL_Driver/stm32f4xx_hal_gpio.o
LOAD ./Drivers/STM32F4xx_HAL_Driver/stm32f4xx_hal_pcd.o
LOAD ./Drivers/STM32F4xx_HAL_Driver/stm32f4xx_hal_pcd_ex.o
LOAD ./Drivers/STM32F4xx_HAL_Driver/stm32f4xx_hal_pwr.o
LOAD ./Drivers/STM32F4xx_HAL_Driver/stm32f4xx_hal_pwr_ex.o
LOAD ./Drivers/STM32F4xx_HAL_Driver/stm32f4xx_hal_rcc.o
LOAD ./Drivers/STM32F4xx_HAL_Driver/stm32f4xx_hal_rcc_ex.o
LOAD ./Drivers/STM32F4xx_HAL_Driver/stm32f4xx_hal_spi.o
LOAD ./Drivers/STM32F4xx_HAL_Driver/stm32f4xx_hal_tim.o
LOAD ./Drivers/STM32F4xx_HAL_Driver/stm32f4xx_hal_tim_ex.o
LOAD ./Drivers/STM32F4xx_HAL_Driver/stm32f4xx_hal_uart.o
LOAD ./Drivers/STM32F4xx_HAL_Driver/stm32f4xx_ll_adc.o
LOAD ./Drivers/STM32F4xx_HAL_Driver/stm32f4xx_ll_usb.o
LOAD ./Middlewares/FreeRTOS/cmsis_os2.o
LOAD ./Middlewares/FreeRTOS/croutine.o
LOAD ./Middlewares/FreeRTOS/event_groups.o
LOAD ./Middlewares/FreeRTOS/heap_4.o
LOAD ./Middlewares/FreeRTOS/list.o
LOAD ./Middlewares/FreeRTOS/port.o
LOAD ./Middlewares/FreeRTOS/queue.o
LOAD ./Middlewares/FreeRTOS/stream_buffer.o
LOAD ./Middlewares/FreeRTOS/tasks.o
LOAD ./Middlewares/FreeRTOS/timers.o
LOAD ./Middlewares/USB_Device_Library/usbd_core.o
LOAD ./Middlewares/USB_Device_Library/usbd_ctlreq.o
LOAD ./Middlewares/USB_Device_Library/usbd_hid.o
LOAD ./Middlewares/USB_Device_Library/usbd_ioreq.o
LOAD ./USB_DEVICE/App/usb_device.o
LOAD ./USB_DEVICE/App/usbd_desc.o
LOAD ./USB_DEVICE/Target/usbd_conf.o
START GROUP
LOAD C:/ST/STM32CubeIDE_1.17.0/STM32CubeIDE/plugins/com.st.stm32cube.ide.mcu.externaltools.gnu-tools-for-stm32.13.3.rel1.win32_1.0.0.202411081344/tools/bin/../lib/gcc/arm-none-eabi/13.3.1/../../../../arm-none-eabi/lib/thumb/v7e-m+fp/hard\libc_nano.a
LOAD C:/ST/STM32CubeIDE_1.17.0/STM32CubeIDE/plugins/com.st.stm32cube.ide.mcu.externaltools.gnu-tools-for-stm32.13.3.rel1.win32_1.0.0.202411081344/tools/bin/../lib/gcc/arm-none-eabi/13.3.1/../../../../arm-none-eabi/lib/thumb/v7e-m+fp/hard\libm.a
END GROUP
START GROUP
LOAD C:/ST/STM32CubeIDE_1.17.0/STM32CubeIDE/plugins/com.st.stm32cube.ide.mcu.externaltools.gnu-tools-for-stm32.13.3.rel1.win32_1.0.0.202411081344/tools/bin/../lib/gcc/arm-none-eabi/13.3.1/thumb/v7e-m+fp/hard\libgcc.a
LOAD C:/ST/STM32CubeIDE_1.17.0/STM32CubeIDE/plugins/com.st.stm32cube.ide.mcu.externaltools.gnu-tools-for-stm32.13.3.rel1.win32_1.0.0.202411081344/tools/bin/../lib/gcc/arm-none-eabi/13.3.1/../../../../arm-none-eabi/lib/thumb/v7e-m+fp/hard\libc_nano.a
END GROUP
START GROUP
LOAD C:/ST/STM32CubeIDE_1.17.0/STM32CubeIDE/plugins/com.st.stm32cube.ide.mcu.externaltools.gnu-tools-for-stm32.13.3.rel1.win32_1.0.0.202411081344/tools/bin/../lib/gcc/arm-none-eabi/13.3.1/thumb/v7e-m+fp/hard\libgcc.a
LOAD C:/ST/STM32CubeIDE_1.17.0/STM32CubeIDE/plugins/com.st.stm32cube.ide.mcu.externaltools.gnu-tools-for-stm32.13.3.rel1.win32_1.0.0.202411081344/tools/bin/../lib/gcc/arm-none-eabi/13.3.1/../../../../arm-none-eabi/lib/thumb/v7e-m+fp/hard\libc_nano.a
LOAD C:/ST/STM32CubeIDE_1.17.0/STM32CubeIDE/plugins/com.st.stm32cube.ide.mcu.externaltools.gnu-tools-for-stm32.13.3.rel1.win32_1.0.0.202411081344/tools/bin/../lib/gcc/arm-none-eabi/13.3.1/../../../../arm-none-eabi/lib/thumb/v7e-m+fp/hard\libnosys.a
END GROUP
START GROUP
LOAD C:/ST/STM32CubeIDE_1.17.0/STM32CubeIDE/plugins/com.st.stm32cube.ide.mcu.externaltools.gnu-tools-for-stm32.13.3.rel1.win32_1.0.0.202411081344/tools/bin/../lib/gcc/arm-none-eabi/13.3.1/thumb/v7e-m+fp/hard\libgcc.a
LOAD C:/ST/STM32CubeIDE_1.17.0/STM32CubeIDE/plugins/com.st.stm32cube.ide.mcu.externaltools.gnu-tools-for-stm32.13.3.rel1.win32_1.0.0.202411081344/tools/bin/../lib/gcc/arm-none-eabi/13.3.1/../../../../arm-none-eabi/lib/thumb/v7e-m+fp/hard\libc_nano.a
LOAD C:/ST/STM32CubeIDE_1.17.0/STM32CubeIDE/plugins/com.st.stm32cube.ide.mcu.externaltools.gnu-tools-for-stm32.13.3.rel1.win32_1.0.0.202411081344/tools/bin/../lib/gcc/arm-none-eabi/13.3.1/../../../../arm-none-eabi/lib/thumb/v7e-m+fp/hard\libnosys.a
END GROUP
LOAD C:/ST/STM32CubeIDE_1.17.0/STM32CubeIDE/plugins/com.st.stm32cube.ide.mcu.externaltools.gnu-tools-for-stm32.13.3.rel1.win32_1.0.0.202411081344/tools/bin/../lib/gcc/arm-none-eabi/13.3.1/thumb/v7e-m+fp/hard/crtend.o
LOAD C:/ST/STM32CubeIDE_1.17.0/STM32CubeIDE/plugins/com.st.stm32cube.ide.mcu.externaltools.gnu-tools-for-stm32.13.3.rel1.win32_1.0.0.202411081344/tools/bin/../lib/gcc/arm-none-eabi/13.3.1/thumb/v7e-m+fp/hard/crtn.o
                0x20020000                        _estack = (ORIGIN (RAM) + LENGTH (RAM))
                0x00000200                        _Min_Heap_Size = 0x200
                0x00000400                        _Min_Stack_Size = 0x400

.isr_vector     0x08000000      0x198
                0x08000000                        . = ALIGN (0x4)
 *(.isr_vector)
 .isr_vector    0x08000000      0x198 ./Core/Startup/startup_stm32f411ceux.o
                0x08000000                g_pfnVectors
                0x08000198                        . = ALIGN (0x4)

.text           0x080001a0     0xd6dc
                0x080001a0                        . = ALIGN (0x4)
 *(.text)
 .text          0x080001a0       0x40 C:/ST/STM32CubeIDE_1.17.0/STM32CubeIDE/plugins/com.st.stm32cube.ide.mcu.externaltools.gnu-tools-for-stm32.13.3.rel1.win32_1.0.0.202411081344/tools/bin/../lib/gcc/arm-none-eabi/13.3.1/thumb/v7e-m+fp/hard/crtbegin.o
 .text          0x080001e0       0xa0 C:/ST/STM32CubeIDE_1.17.0/STM32CubeIDE/plugins/com.st.stm32cube.ide.mcu.externaltools.gnu-tools-for-stm32.13.3.rel1.win32_1.0.0.202411081344/tools/bin/../lib/gcc/arm-none-eabi/13.3.1/../../../../arm-none-eabi/lib/thumb/v7e-m+fp/hard\libc_nano.a(libc_a-memchr.o)
                0x080001e0                memchr
 .text          0x08000280       0x30 C:/ST/STM32CubeIDE_1.17.0/STM32CubeIDE/plugins/com.st.stm32cube.ide.mcu.externaltools.gnu-tools-for-stm32.13.3.rel1.win32_1.0.0.202411081344/tools/bin/../lib/gcc/arm-none-eabi/13.3.1/thumb/v7e-m+fp/hard\libgcc.a(_aeabi_uldivmod.o)
                0x08000280                __aeabi_uldivmod
 .text          0x080002b0      0x2f8 C:/ST/STM32CubeIDE_1.17.0/STM32CubeIDE/plugins/com.st.stm32cube.ide.mcu.externaltools.gnu-tools-for-stm32.13.3.rel1.win32_1.0.0.202411081344/tools/bin/../lib/gcc/arm-none-eabi/13.3.1/thumb/v7e-m+fp/hard\libgcc.a(_udivmoddi4.o)
                0x080002b0                __udivmoddi4
 .text          0x080005a8        0x4 C:/ST/STM32CubeIDE_1.17.0/STM32CubeIDE/plugins/com.st.stm32cube.ide.mcu.externaltools.gnu-tools-for-stm32.13.3.rel1.win32_1.0.0.202411081344/tools/bin/../lib/gcc/arm-none-eabi/13.3.1/thumb/v7e-m+fp/hard\libgcc.a(_dvmd_tls.o)
                0x080005a8                __aeabi_idiv0
                0x080005a8                __aeabi_ldiv0
 *(.text*)
 .text.main     0x080005ac       0xb4 ./Core/Src/main.o
                0x080005ac                main
 .text.SystemClock_Config
                0x08000660       0xd0 ./Core/Src/main.o
                0x08000660                SystemClock_Config
 .text.MX_ADC1_Init
                0x08000730       0xa4 ./Core/Src/main.o
 .text.MX_SPI1_Init
                0x080007d4       0x6c ./Core/Src/main.o
 .text.MX_TIM2_Init
                0x08000840       0x9c ./Core/Src/main.o
 .text.MX_TIM3_Init
                0x080008dc       0xac ./Core/Src/main.o
 .text.MX_TIM4_Init
                0x08000988       0xac ./Core/Src/main.o
 .text.MX_USART1_UART_Init
                0x08000a34       0x54 ./Core/Src/main.o
 .text.MX_USART2_UART_Init
                0x08000a88       0x54 ./Core/Src/main.o
 .text.MX_GPIO_Init
                0x08000adc      0x118 ./Core/Src/main.o
 .text.HAL_GPIO_EXTI_Callback
                0x08000bf4       0x74 ./Core/Src/main.o
                0x08000bf4                HAL_GPIO_EXTI_Callback
 .text.HAL_UART_RxCpltCallback
                0x08000c68       0x34 ./Core/Src/main.o
                0x08000c68                HAL_UART_RxCpltCallback
 .text.StartDefaultTask
                0x08000c9c       0x14 ./Core/Src/main.o
                0x08000c9c                StartDefaultTask
 .text.StartTask02
                0x08000cb0       0xf8 ./Core/Src/main.o
                0x08000cb0                StartTask02
 .text.HAL_TIM_PeriodElapsedCallback
                0x08000da8       0x5c ./Core/Src/main.o
                0x08000da8                HAL_TIM_PeriodElapsedCallback
 .text.Error_Handler
                0x08000e04        0xc ./Core/Src/main.o
                0x08000e04                Error_Handler
 .text.menu_display
                0x08000e10       0x3c ./Core/Src/menu.o
                0x08000e10                menu_display
 .text.menu_change
                0x08000e4c       0x3a ./Core/Src/menu.o
                0x08000e4c                menu_change
 *fill*         0x08000e86        0x2 
 .text.display_incoming_midi
                0x08000e88       0x9c ./Core/Src/midi_modify.o
                0x08000e88                display_incoming_midi
 .text.send_midi_to_midi_out
                0x08000f24       0x60 ./Core/Src/midi_tempo.o
                0x08000f24                send_midi_to_midi_out
 .text.mt_press_btn3
                0x08000f84       0x60 ./Core/Src/midi_tempo.o
                0x08000f84                mt_press_btn3
 .text.mt_press_btn4
                0x08000fe4       0x60 ./Core/Src/midi_tempo.o
                0x08000fe4                mt_press_btn4
 .text.midi_tempo_counter
                0x08001044       0xdc ./Core/Src/midi_tempo.o
                0x08001044                midi_tempo_counter
 .text.screen_driver_Reset
                0x08001120       0x38 ./Core/Src/screen_driver.o
                0x08001120                screen_driver_Reset
 .text.screen_driver_WriteCommand
                0x08001158       0x4c ./Core/Src/screen_driver.o
                0x08001158                screen_driver_WriteCommand
 .text.screen_driver_WriteData
                0x080011a4       0x4c ./Core/Src/screen_driver.o
                0x080011a4                screen_driver_WriteData
 .text.screen_driver_Init
                0x080011f0       0xdc ./Core/Src/screen_driver.o
                0x080011f0                screen_driver_Init
 .text.screen_driver_Fill
                0x080012cc       0x30 ./Core/Src/screen_driver.o
                0x080012cc                screen_driver_Fill
 .text.screen_driver_UpdateScreen
                0x080012fc       0x50 ./Core/Src/screen_driver.o
                0x080012fc                screen_driver_UpdateScreen
 .text.screen_driver_DrawPixel
                0x0800134c       0xa8 ./Core/Src/screen_driver.o
                0x0800134c                screen_driver_DrawPixel
 .text.screen_driver_WriteChar
                0x080013f4      0x120 ./Core/Src/screen_driver.o
                0x080013f4                screen_driver_WriteChar
 .text.screen_driver_WriteString
                0x08001514       0x4c ./Core/Src/screen_driver.o
                0x08001514                screen_driver_WriteString
 .text.screen_driver_SetCursor
                0x08001560       0x30 ./Core/Src/screen_driver.o
                0x08001560                screen_driver_SetCursor
 .text.screen_driver_Line
                0x08001590       0xd8 ./Core/Src/screen_driver.o
                0x08001590                screen_driver_Line
 .text.screen_driver_SetContrast
                0x08001668       0x26 ./Core/Src/screen_driver.o
                0x08001668                screen_driver_SetContrast
 *fill*         0x0800168e        0x2 
 .text.screen_driver_SetDisplayOn
                0x08001690       0x3c ./Core/Src/screen_driver.o
                0x08001690                screen_driver_SetDisplayOn
 .text.HAL_MspInit
                0x080016cc       0x58 ./Core/Src/stm32f4xx_hal_msp.o
                0x080016cc                HAL_MspInit
 .text.HAL_ADC_MspInit
                0x08001724       0x88 ./Core/Src/stm32f4xx_hal_msp.o
                0x08001724                HAL_ADC_MspInit
 .text.HAL_SPI_MspInit
                0x080017ac       0x90 ./Core/Src/stm32f4xx_hal_msp.o
                0x080017ac                HAL_SPI_MspInit
 .text.HAL_TIM_Base_MspInit
                0x0800183c       0x4c ./Core/Src/stm32f4xx_hal_msp.o
                0x0800183c                HAL_TIM_Base_MspInit
 .text.HAL_TIM_Encoder_MspInit
                0x08001888      0x118 ./Core/Src/stm32f4xx_hal_msp.o
                0x08001888                HAL_TIM_Encoder_MspInit
 .text.HAL_UART_MspInit
                0x080019a0      0x108 ./Core/Src/stm32f4xx_hal_msp.o
                0x080019a0                HAL_UART_MspInit
 .text.HAL_InitTick
                0x08001aa8       0xe4 ./Core/Src/stm32f4xx_hal_timebase_tim.o
                0x08001aa8                HAL_InitTick
 .text.NMI_Handler
                0x08001b8c        0x8 ./Core/Src/stm32f4xx_it.o
                0x08001b8c                NMI_Handler
 .text.HardFault_Handler
                0x08001b94        0x8 ./Core/Src/stm32f4xx_it.o
                0x08001b94                HardFault_Handler
 .text.MemManage_Handler
                0x08001b9c        0x8 ./Core/Src/stm32f4xx_it.o
                0x08001b9c                MemManage_Handler
 .text.BusFault_Handler
                0x08001ba4        0x8 ./Core/Src/stm32f4xx_it.o
                0x08001ba4                BusFault_Handler
 .text.UsageFault_Handler
                0x08001bac        0x8 ./Core/Src/stm32f4xx_it.o
                0x08001bac                UsageFault_Handler
 .text.DebugMon_Handler
                0x08001bb4        0xe ./Core/Src/stm32f4xx_it.o
                0x08001bb4                DebugMon_Handler
 *fill*         0x08001bc2        0x2 
 .text.TIM1_UP_TIM10_IRQHandler
                0x08001bc4       0x14 ./Core/Src/stm32f4xx_it.o
                0x08001bc4                TIM1_UP_TIM10_IRQHandler
 .text.TIM2_IRQHandler
                0x08001bd8       0x14 ./Core/Src/stm32f4xx_it.o
                0x08001bd8                TIM2_IRQHandler
 .text.TIM3_IRQHandler
                0x08001bec       0x14 ./Core/Src/stm32f4xx_it.o
                0x08001bec                TIM3_IRQHandler
 .text.TIM4_IRQHandler
                0x08001c00       0x14 ./Core/Src/stm32f4xx_it.o
                0x08001c00                TIM4_IRQHandler
 .text.USART2_IRQHandler
                0x08001c14       0x14 ./Core/Src/stm32f4xx_it.o
                0x08001c14                USART2_IRQHandler
 .text.EXTI15_10_IRQHandler
                0x08001c28       0x28 ./Core/Src/stm32f4xx_it.o
                0x08001c28                EXTI15_10_IRQHandler
 .text.OTG_FS_IRQHandler
                0x08001c50       0x14 ./Core/Src/stm32f4xx_it.o
                0x08001c50                OTG_FS_IRQHandler
 .text._sbrk    0x08001c64       0x6c ./Core/Src/sysmem.o
                0x08001c64                _sbrk
 .text.SystemInit
                0x08001cd0       0x24 ./Core/Src/system_stm32f4xx.o
                0x08001cd0                SystemInit
 .text.Reset_Handler
                0x08001cf4       0x50 ./Core/Startup/startup_stm32f411ceux.o
                0x08001cf4                Reset_Handler
 .text.Default_Handler
                0x08001d44        0x2 ./Core/Startup/startup_stm32f411ceux.o
                0x08001d44                RTC_Alarm_IRQHandler
                0x08001d44                EXTI2_IRQHandler
                0x08001d44                SPI4_IRQHandler
                0x08001d44                TIM1_CC_IRQHandler
                0x08001d44                DMA2_Stream5_IRQHandler
                0x08001d44                DMA1_Stream5_IRQHandler
                0x08001d44                PVD_IRQHandler
                0x08001d44                SDIO_IRQHandler
                0x08001d44                TAMP_STAMP_IRQHandler
                0x08001d44                EXTI3_IRQHandler
                0x08001d44                I2C3_ER_IRQHandler
                0x08001d44                EXTI0_IRQHandler
                0x08001d44                I2C2_EV_IRQHandler
                0x08001d44                DMA1_Stream2_IRQHandler
                0x08001d44                FPU_IRQHandler
                0x08001d44                DMA2_Stream2_IRQHandler
                0x08001d44                SPI1_IRQHandler
                0x08001d44                TIM1_BRK_TIM9_IRQHandler
                0x08001d44                DMA2_Stream3_IRQHandler
                0x08001d44                USART6_IRQHandler
                0x08001d44                DMA2_Stream0_IRQHandler
                0x08001d44                I2C1_EV_IRQHandler
                0x08001d44                DMA1_Stream6_IRQHandler
                0x08001d44                DMA1_Stream1_IRQHandler
                0x08001d44                RCC_IRQHandler
                0x08001d44                Default_Handler
                0x08001d44                ADC_IRQHandler
                0x08001d44                DMA1_Stream7_IRQHandler
                0x08001d44                SPI5_IRQHandler
                0x08001d44                TIM5_IRQHandler
                0x08001d44                DMA2_Stream7_IRQHandler
                0x08001d44                I2C3_EV_IRQHandler
                0x08001d44                EXTI9_5_IRQHandler
                0x08001d44                RTC_WKUP_IRQHandler
                0x08001d44                SPI2_IRQHandler
                0x08001d44                DMA1_Stream0_IRQHandler
                0x08001d44                EXTI4_IRQHandler
                0x08001d44                WWDG_IRQHandler
                0x08001d44                OTG_FS_WKUP_IRQHandler
                0x08001d44                TIM1_TRG_COM_TIM11_IRQHandler
                0x08001d44                EXTI1_IRQHandler
                0x08001d44                I2C2_ER_IRQHandler
                0x08001d44                DMA2_Stream1_IRQHandler
                0x08001d44                FLASH_IRQHandler
                0x08001d44                DMA2_Stream4_IRQHandler
                0x08001d44                USART1_IRQHandler
                0x08001d44                SPI3_IRQHandler
                0x08001d44                DMA1_Stream4_IRQHandler
                0x08001d44                I2C1_ER_IRQHandler
                0x08001d44                DMA2_Stream6_IRQHandler
                0x08001d44                DMA1_Stream3_IRQHandler
 *fill*         0x08001d46        0x2 
 .text.HAL_Init
                0x08001d48       0x44 ./Drivers/STM32F4xx_HAL_Driver/stm32f4xx_hal.o
                0x08001d48                HAL_Init
 .text.HAL_IncTick
                0x08001d8c       0x28 ./Drivers/STM32F4xx_HAL_Driver/stm32f4xx_hal.o
                0x08001d8c                HAL_IncTick
 .text.HAL_GetTick
                0x08001db4       0x18 ./Drivers/STM32F4xx_HAL_Driver/stm32f4xx_hal.o
                0x08001db4                HAL_GetTick
 .text.HAL_Delay
                0x08001dcc       0x48 ./Drivers/STM32F4xx_HAL_Driver/stm32f4xx_hal.o
                0x08001dcc                HAL_Delay
 .text.HAL_ADC_Init
                0x08001e14       0x86 ./Drivers/STM32F4xx_HAL_Driver/stm32f4xx_hal_adc.o
                0x08001e14                HAL_ADC_Init
 *fill*         0x08001e9a        0x2 
 .text.HAL_ADC_ConfigChannel
                0x08001e9c      0x264 ./Drivers/STM32F4xx_HAL_Driver/stm32f4xx_hal_adc.o
                0x08001e9c                HAL_ADC_ConfigChannel
 .text.ADC_Init
                0x08002100      0x1f8 ./Drivers/STM32F4xx_HAL_Driver/stm32f4xx_hal_adc.o
 .text.__NVIC_SetPriorityGrouping
                0x080022f8       0x48 ./Drivers/STM32F4xx_HAL_Driver/stm32f4xx_hal_cortex.o
 .text.__NVIC_GetPriorityGrouping
                0x08002340       0x1c ./Drivers/STM32F4xx_HAL_Driver/stm32f4xx_hal_cortex.o
 .text.__NVIC_EnableIRQ
                0x0800235c       0x3c ./Drivers/STM32F4xx_HAL_Driver/stm32f4xx_hal_cortex.o
 .text.__NVIC_SetPriority
                0x08002398       0x54 ./Drivers/STM32F4xx_HAL_Driver/stm32f4xx_hal_cortex.o
 .text.NVIC_EncodePriority
                0x080023ec       0x66 ./Drivers/STM32F4xx_HAL_Driver/stm32f4xx_hal_cortex.o
 .text.HAL_NVIC_SetPriorityGrouping
                0x08002452       0x16 ./Drivers/STM32F4xx_HAL_Driver/stm32f4xx_hal_cortex.o
                0x08002452                HAL_NVIC_SetPriorityGrouping
 .text.HAL_NVIC_SetPriority
                0x08002468       0x38 ./Drivers/STM32F4xx_HAL_Driver/stm32f4xx_hal_cortex.o
                0x08002468                HAL_NVIC_SetPriority
 .text.HAL_NVIC_EnableIRQ
                0x080024a0       0x1c ./Drivers/STM32F4xx_HAL_Driver/stm32f4xx_hal_cortex.o
                0x080024a0                HAL_NVIC_EnableIRQ
 .text.HAL_DMA_Abort
                0x080024bc       0xe0 ./Drivers/STM32F4xx_HAL_Driver/stm32f4xx_hal_dma.o
                0x080024bc                HAL_DMA_Abort
 .text.HAL_DMA_Abort_IT
                0x0800259c       0x44 ./Drivers/STM32F4xx_HAL_Driver/stm32f4xx_hal_dma.o
                0x0800259c                HAL_DMA_Abort_IT
 .text.HAL_GPIO_Init
                0x080025e0      0x308 ./Drivers/STM32F4xx_HAL_Driver/stm32f4xx_hal_gpio.o
                0x080025e0                HAL_GPIO_Init
 .text.HAL_GPIO_WritePin
                0x080028e8       0x32 ./Drivers/STM32F4xx_HAL_Driver/stm32f4xx_hal_gpio.o
                0x080028e8                HAL_GPIO_WritePin
 *fill*         0x0800291a        0x2 
 .text.HAL_GPIO_EXTI_IRQHandler
                0x0800291c       0x30 ./Drivers/STM32F4xx_HAL_Driver/stm32f4xx_hal_gpio.o
                0x0800291c                HAL_GPIO_EXTI_IRQHandler
 .text.HAL_PCD_Init
                0x0800294c      0x21e ./Drivers/STM32F4xx_HAL_Driver/stm32f4xx_hal_pcd.o
                0x0800294c                HAL_PCD_Init
 .text.HAL_PCD_Start
                0x08002b6a       0x6a ./Drivers/STM32F4xx_HAL_Driver/stm32f4xx_hal_pcd.o
                0x08002b6a                HAL_PCD_Start
 .text.HAL_PCD_IRQHandler
                0x08002bd4      0x942 ./Drivers/STM32F4xx_HAL_Driver/stm32f4xx_hal_pcd.o
                0x08002bd4                HAL_PCD_IRQHandler
 .text.HAL_PCD_SetAddress
                0x08003516       0x48 ./Drivers/STM32F4xx_HAL_Driver/stm32f4xx_hal_pcd.o
                0x08003516                HAL_PCD_SetAddress
 .text.HAL_PCD_EP_Open
                0x0800355e       0xd4 ./Drivers/STM32F4xx_HAL_Driver/stm32f4xx_hal_pcd.o
                0x0800355e                HAL_PCD_EP_Open
 .text.HAL_PCD_EP_Close
                0x08003632       0x94 ./Drivers/STM32F4xx_HAL_Driver/stm32f4xx_hal_pcd.o
                0x08003632                HAL_PCD_EP_Close
 .text.HAL_PCD_EP_Receive
                0x080036c6       0x76 ./Drivers/STM32F4xx_HAL_Driver/stm32f4xx_hal_pcd.o
                0x080036c6                HAL_PCD_EP_Receive
 .text.HAL_PCD_EP_Transmit
                0x0800373c       0x74 ./Drivers/STM32F4xx_HAL_Driver/stm32f4xx_hal_pcd.o
                0x0800373c                HAL_PCD_EP_Transmit
 .text.HAL_PCD_EP_SetStall
                0x080037b0       0xc6 ./Drivers/STM32F4xx_HAL_Driver/stm32f4xx_hal_pcd.o
                0x080037b0                HAL_PCD_EP_SetStall
 .text.HAL_PCD_EP_ClrStall
                0x08003876       0xac ./Drivers/STM32F4xx_HAL_Driver/stm32f4xx_hal_pcd.o
                0x08003876                HAL_PCD_EP_ClrStall
 .text.HAL_PCD_EP_Abort
                0x08003922       0x62 ./Drivers/STM32F4xx_HAL_Driver/stm32f4xx_hal_pcd.o
                0x08003922                HAL_PCD_EP_Abort
 .text.PCD_WriteEmptyTxFifo
                0x08003984      0x118 ./Drivers/STM32F4xx_HAL_Driver/stm32f4xx_hal_pcd.o
 .text.PCD_EP_OutXfrComplete_int
                0x08003a9c      0x1d0 ./Drivers/STM32F4xx_HAL_Driver/stm32f4xx_hal_pcd.o
 .text.PCD_EP_OutSetupPacket_int
                0x08003c6c       0x8c ./Drivers/STM32F4xx_HAL_Driver/stm32f4xx_hal_pcd.o
 .text.HAL_PCDEx_SetTxFiFo
                0x08003cf8       0x8e ./Drivers/STM32F4xx_HAL_Driver/stm32f4xx_hal_pcd_ex.o
                0x08003cf8                HAL_PCDEx_SetTxFiFo
 .text.HAL_PCDEx_SetRxFiFo
                0x08003d86       0x22 ./Drivers/STM32F4xx_HAL_Driver/stm32f4xx_hal_pcd_ex.o
                0x08003d86                HAL_PCDEx_SetRxFiFo
 .text.HAL_PCDEx_LPM_Callback
                0x08003da8       0x18 ./Drivers/STM32F4xx_HAL_Driver/stm32f4xx_hal_pcd_ex.o
                0x08003da8                HAL_PCDEx_LPM_Callback
 .text.HAL_RCC_OscConfig
                0x08003dc0      0x4f0 ./Drivers/STM32F4xx_HAL_Driver/stm32f4xx_hal_rcc.o
                0x08003dc0                HAL_RCC_OscConfig
 .text.HAL_RCC_ClockConfig
                0x080042b0      0x1cc ./Drivers/STM32F4xx_HAL_Driver/stm32f4xx_hal_rcc.o
                0x080042b0                HAL_RCC_ClockConfig
 .text.HAL_RCC_GetSysClockFreq
                0x0800447c      0x18c ./Drivers/STM32F4xx_HAL_Driver/stm32f4xx_hal_rcc.o
                0x0800447c                HAL_RCC_GetSysClockFreq
 .text.HAL_RCC_GetHCLKFreq
                0x08004608       0x18 ./Drivers/STM32F4xx_HAL_Driver/stm32f4xx_hal_rcc.o
                0x08004608                HAL_RCC_GetHCLKFreq
 .text.HAL_RCC_GetPCLK1Freq
                0x08004620       0x28 ./Drivers/STM32F4xx_HAL_Driver/stm32f4xx_hal_rcc.o
                0x08004620                HAL_RCC_GetPCLK1Freq
 .text.HAL_RCC_GetPCLK2Freq
                0x08004648       0x28 ./Drivers/STM32F4xx_HAL_Driver/stm32f4xx_hal_rcc.o
                0x08004648                HAL_RCC_GetPCLK2Freq
 .text.HAL_RCC_GetClockConfig
                0x08004670       0x64 ./Drivers/STM32F4xx_HAL_Driver/stm32f4xx_hal_rcc.o
                0x08004670                HAL_RCC_GetClockConfig
 .text.HAL_SPI_Init
                0x080046d4      0x112 ./Drivers/STM32F4xx_HAL_Driver/stm32f4xx_hal_spi.o
                0x080046d4                HAL_SPI_Init
 .text.HAL_SPI_Transmit
                0x080047e6      0x288 ./Drivers/STM32F4xx_HAL_Driver/stm32f4xx_hal_spi.o
                0x080047e6                HAL_SPI_Transmit
 *fill*         0x08004a6e        0x2 
 .text.SPI_WaitFlagStateUntilTimeout
                0x08004a70      0x110 ./Drivers/STM32F4xx_HAL_Driver/stm32f4xx_hal_spi.o
 .text.SPI_EndRxTxTransaction
                0x08004b80       0xa8 ./Drivers/STM32F4xx_HAL_Driver/stm32f4xx_hal_spi.o
 .text.HAL_TIM_Base_Init
                0x08004c28       0x9e ./Drivers/STM32F4xx_HAL_Driver/stm32f4xx_hal_tim.o
                0x08004c28                HAL_TIM_Base_Init
 *fill*         0x08004cc6        0x2 
 .text.HAL_TIM_Base_Start_IT
                0x08004cc8       0xc4 ./Drivers/STM32F4xx_HAL_Driver/stm32f4xx_hal_tim.o
                0x08004cc8                HAL_TIM_Base_Start_IT
 .text.HAL_TIM_Base_Stop_IT
                0x08004d8c       0x5e ./Drivers/STM32F4xx_HAL_Driver/stm32f4xx_hal_tim.o
                0x08004d8c                HAL_TIM_Base_Stop_IT
 .text.HAL_TIM_Encoder_Init
                0x08004dea      0x14c ./Drivers/STM32F4xx_HAL_Driver/stm32f4xx_hal_tim.o
                0x08004dea                HAL_TIM_Encoder_Init
 .text.HAL_TIM_Encoder_Start
                0x08004f36      0x11c ./Drivers/STM32F4xx_HAL_Driver/stm32f4xx_hal_tim.o
                0x08004f36                HAL_TIM_Encoder_Start
 .text.HAL_TIM_IRQHandler
                0x08005052      0x1e0 ./Drivers/STM32F4xx_HAL_Driver/stm32f4xx_hal_tim.o
                0x08005052                HAL_TIM_IRQHandler
 .text.HAL_TIM_ConfigClockSource
                0x08005232      0x18e ./Drivers/STM32F4xx_HAL_Driver/stm32f4xx_hal_tim.o
                0x08005232                HAL_TIM_ConfigClockSource
 .text.HAL_TIM_OC_DelayElapsedCallback
                0x080053c0       0x14 ./Drivers/STM32F4xx_HAL_Driver/stm32f4xx_hal_tim.o
                0x080053c0                HAL_TIM_OC_DelayElapsedCallback
 .text.HAL_TIM_IC_CaptureCallback
                0x080053d4       0x14 ./Drivers/STM32F4xx_HAL_Driver/stm32f4xx_hal_tim.o
                0x080053d4                HAL_TIM_IC_CaptureCallback
 .text.HAL_TIM_PWM_PulseFinishedCallback
                0x080053e8       0x14 ./Drivers/STM32F4xx_HAL_Driver/stm32f4xx_hal_tim.o
                0x080053e8                HAL_TIM_PWM_PulseFinishedCallback
 .text.HAL_TIM_TriggerCallback
                0x080053fc       0x14 ./Drivers/STM32F4xx_HAL_Driver/stm32f4xx_hal_tim.o
                0x080053fc                HAL_TIM_TriggerCallback
 .text.TIM_Base_SetConfig
                0x08005410      0x118 ./Drivers/STM32F4xx_HAL_Driver/stm32f4xx_hal_tim.o
                0x08005410                TIM_Base_SetConfig
 .text.TIM_TI1_ConfigInputStage
                0x08005528       0x5e ./Drivers/STM32F4xx_HAL_Driver/stm32f4xx_hal_tim.o
 .text.TIM_TI2_ConfigInputStage
                0x08005586       0x60 ./Drivers/STM32F4xx_HAL_Driver/stm32f4xx_hal_tim.o
 .text.TIM_ITRx_SetConfig
                0x080055e6       0x36 ./Drivers/STM32F4xx_HAL_Driver/stm32f4xx_hal_tim.o
 .text.TIM_ETR_SetConfig
                0x0800561c       0x40 ./Drivers/STM32F4xx_HAL_Driver/stm32f4xx_hal_tim.o
                0x0800561c                TIM_ETR_SetConfig
 .text.TIM_CCxChannelCmd
                0x0800565c       0x4a ./Drivers/STM32F4xx_HAL_Driver/stm32f4xx_hal_tim.o
                0x0800565c                TIM_CCxChannelCmd
 *fill*         0x080056a6        0x2 
 .text.HAL_TIMEx_MasterConfigSynchronization
                0x080056a8       0xdc ./Drivers/STM32F4xx_HAL_Driver/stm32f4xx_hal_tim_ex.o
                0x080056a8                HAL_TIMEx_MasterConfigSynchronization
 .text.HAL_TIMEx_CommutCallback
                0x08005784       0x14 ./Drivers/STM32F4xx_HAL_Driver/stm32f4xx_hal_tim_ex.o
                0x08005784                HAL_TIMEx_CommutCallback
 .text.HAL_TIMEx_BreakCallback
                0x08005798       0x14 ./Drivers/STM32F4xx_HAL_Driver/stm32f4xx_hal_tim_ex.o
                0x08005798                HAL_TIMEx_BreakCallback
 .text.HAL_UART_Init
                0x080057ac       0xa0 ./Drivers/STM32F4xx_HAL_Driver/stm32f4xx_hal_uart.o
                0x080057ac                HAL_UART_Init
 .text.HAL_UART_Transmit
                0x0800584c      0x116 ./Drivers/STM32F4xx_HAL_Driver/stm32f4xx_hal_uart.o
                0x0800584c                HAL_UART_Transmit
 .text.HAL_UART_Receive_IT
                0x08005962       0x4a ./Drivers/STM32F4xx_HAL_Driver/stm32f4xx_hal_uart.o
                0x08005962                HAL_UART_Receive_IT
 .text.HAL_UART_IRQHandler
                0x080059ac      0x524 ./Drivers/STM32F4xx_HAL_Driver/stm32f4xx_hal_uart.o
                0x080059ac                HAL_UART_IRQHandler
 .text.HAL_UART_TxCpltCallback
                0x08005ed0       0x14 ./Drivers/STM32F4xx_HAL_Driver/stm32f4xx_hal_uart.o
                0x08005ed0                HAL_UART_TxCpltCallback
 .text.HAL_UART_ErrorCallback
                0x08005ee4       0x14 ./Drivers/STM32F4xx_HAL_Driver/stm32f4xx_hal_uart.o
                0x08005ee4                HAL_UART_ErrorCallback
 .text.HAL_UARTEx_RxEventCallback
                0x08005ef8       0x18 ./Drivers/STM32F4xx_HAL_Driver/stm32f4xx_hal_uart.o
                0x08005ef8                HAL_UARTEx_RxEventCallback
 .text.UART_WaitOnFlagUntilTimeout
                0x08005f10       0xb2 ./Drivers/STM32F4xx_HAL_Driver/stm32f4xx_hal_uart.o
 .text.UART_Start_Receive_IT
                0x08005fc2       0x74 ./Drivers/STM32F4xx_HAL_Driver/stm32f4xx_hal_uart.o
                0x08005fc2                UART_Start_Receive_IT
 .text.UART_EndRxTransfer
                0x08006036       0xc6 ./Drivers/STM32F4xx_HAL_Driver/stm32f4xx_hal_uart.o
 .text.UART_DMAAbortOnError
                0x080060fc       0x28 ./Drivers/STM32F4xx_HAL_Driver/stm32f4xx_hal_uart.o
 .text.UART_Transmit_IT
                0x08006124       0xa0 ./Drivers/STM32F4xx_HAL_Driver/stm32f4xx_hal_uart.o
 .text.UART_EndTransmit_IT
                0x080061c4       0x30 ./Drivers/STM32F4xx_HAL_Driver/stm32f4xx_hal_uart.o
 .text.UART_Receive_IT
                0x080061f4      0x17c ./Drivers/STM32F4xx_HAL_Driver/stm32f4xx_hal_uart.o
 .text.UART_SetConfig
                0x08006370      0x4e8 ./Drivers/STM32F4xx_HAL_Driver/stm32f4xx_hal_uart.o
 .text.USB_CoreInit
                0x08006858       0xc8 ./Drivers/STM32F4xx_HAL_Driver/stm32f4xx_ll_usb.o
                0x08006858                USB_CoreInit
 .text.USB_SetTurnaroundTime
                0x08006920      0x144 ./Drivers/STM32F4xx_HAL_Driver/stm32f4xx_ll_usb.o
                0x08006920                USB_SetTurnaroundTime
 .text.USB_EnableGlobalInt
                0x08006a64       0x22 ./Drivers/STM32F4xx_HAL_Driver/stm32f4xx_ll_usb.o
                0x08006a64                USB_EnableGlobalInt
 .text.USB_DisableGlobalInt
                0x08006a86       0x22 ./Drivers/STM32F4xx_HAL_Driver/stm32f4xx_ll_usb.o
                0x08006a86                USB_DisableGlobalInt
 .text.USB_SetCurrentMode
                0x08006aa8       0x98 ./Drivers/STM32F4xx_HAL_Driver/stm32f4xx_ll_usb.o
                0x08006aa8                USB_SetCurrentMode
 .text.USB_DevInit
                0x08006b40      0x2c8 ./Drivers/STM32F4xx_HAL_Driver/stm32f4xx_ll_usb.o
                0x08006b40                USB_DevInit
 .text.USB_FlushTxFifo
                0x08006e08       0x64 ./Drivers/STM32F4xx_HAL_Driver/stm32f4xx_ll_usb.o
                0x08006e08                USB_FlushTxFifo
 .text.USB_FlushRxFifo
                0x08006e6c       0x5c ./Drivers/STM32F4xx_HAL_Driver/stm32f4xx_ll_usb.o
                0x08006e6c                USB_FlushRxFifo
 .text.USB_SetDevSpeed
                0x08006ec8       0x32 ./Drivers/STM32F4xx_HAL_Driver/stm32f4xx_ll_usb.o
                0x08006ec8                USB_SetDevSpeed
 .text.USB_GetDevSpeed
                0x08006efa       0x4a ./Drivers/STM32F4xx_HAL_Driver/stm32f4xx_ll_usb.o
                0x08006efa                USB_GetDevSpeed
 .text.USB_ActivateEndpoint
                0x08006f44      0x10e ./Drivers/STM32F4xx_HAL_Driver/stm32f4xx_ll_usb.o
                0x08006f44                USB_ActivateEndpoint
 *fill*         0x08007052        0x2 
 .text.USB_DeactivateEndpoint
                0x08007054      0x1b8 ./Drivers/STM32F4xx_HAL_Driver/stm32f4xx_ll_usb.o
                0x08007054                USB_DeactivateEndpoint
 .text.USB_EPStartXfer
                0x0800720c      0x53c ./Drivers/STM32F4xx_HAL_Driver/stm32f4xx_ll_usb.o
                0x0800720c                USB_EPStartXfer
 .text.USB_EPStopXfer
                0x08007748      0x154 ./Drivers/STM32F4xx_HAL_Driver/stm32f4xx_ll_usb.o
                0x08007748                USB_EPStopXfer
 .text.USB_WritePacket
                0x0800789c       0x7c ./Drivers/STM32F4xx_HAL_Driver/stm32f4xx_ll_usb.o
                0x0800789c                USB_WritePacket
 .text.USB_ReadPacket
                0x08007918       0xb0 ./Drivers/STM32F4xx_HAL_Driver/stm32f4xx_ll_usb.o
                0x08007918                USB_ReadPacket
 .text.USB_EPSetStall
                0x080079c8       0xdc ./Drivers/STM32F4xx_HAL_Driver/stm32f4xx_ll_usb.o
                0x080079c8                USB_EPSetStall
 .text.USB_EPClearStall
                0x08007aa4       0xcc ./Drivers/STM32F4xx_HAL_Driver/stm32f4xx_ll_usb.o
                0x08007aa4                USB_EPClearStall
 .text.USB_SetDevAddress
                0x08007b70       0x4c ./Drivers/STM32F4xx_HAL_Driver/stm32f4xx_ll_usb.o
                0x08007b70                USB_SetDevAddress
 .text.USB_DevConnect
                0x08007bbc       0x42 ./Drivers/STM32F4xx_HAL_Driver/stm32f4xx_ll_usb.o
                0x08007bbc                USB_DevConnect
 .text.USB_DevDisconnect
                0x08007bfe       0x42 ./Drivers/STM32F4xx_HAL_Driver/stm32f4xx_ll_usb.o
                0x08007bfe                USB_DevDisconnect
 .text.USB_ReadInterrupts
                0x08007c40       0x26 ./Drivers/STM32F4xx_HAL_Driver/stm32f4xx_ll_usb.o
                0x08007c40                USB_ReadInterrupts
 .text.USB_ReadDevAllOutEpInterrupt
                0x08007c66       0x34 ./Drivers/STM32F4xx_HAL_Driver/stm32f4xx_ll_usb.o
                0x08007c66                USB_ReadDevAllOutEpInterrupt
 .text.USB_ReadDevAllInEpInterrupt
                0x08007c9a       0x34 ./Drivers/STM32F4xx_HAL_Driver/stm32f4xx_ll_usb.o
                0x08007c9a                USB_ReadDevAllInEpInterrupt
 .text.USB_ReadDevOutEPInterrupt
                0x08007cce       0x3c ./Drivers/STM32F4xx_HAL_Driver/stm32f4xx_ll_usb.o
                0x08007cce                USB_ReadDevOutEPInterrupt
 .text.USB_ReadDevInEPInterrupt
                0x08007d0a       0x5c ./Drivers/STM32F4xx_HAL_Driver/stm32f4xx_ll_usb.o
                0x08007d0a                USB_ReadDevInEPInterrupt
 .text.USB_GetMode
                0x08007d66       0x1c ./Drivers/STM32F4xx_HAL_Driver/stm32f4xx_ll_usb.o
                0x08007d66                USB_GetMode
 .text.USB_ActivateSetup
                0x08007d82       0x46 ./Drivers/STM32F4xx_HAL_Driver/stm32f4xx_ll_usb.o
                0x08007d82                USB_ActivateSetup
 .text.USB_EP0_OutStart
                0x08007dc8       0xbc ./Drivers/STM32F4xx_HAL_Driver/stm32f4xx_ll_usb.o
                0x08007dc8                USB_EP0_OutStart
 .text.USB_CoreReset
                0x08007e84       0x62 ./Drivers/STM32F4xx_HAL_Driver/stm32f4xx_ll_usb.o
 *fill*         0x08007ee6        0x2 
 .text.__NVIC_SetPriority
                0x08007ee8       0x54 ./Middlewares/FreeRTOS/cmsis_os2.o
 .text.SysTick_Handler
                0x08007f3c       0x20 ./Middlewares/FreeRTOS/cmsis_os2.o
                0x08007f3c                SysTick_Handler
 .text.SVC_Setup
                0x08007f5c       0x12 ./Middlewares/FreeRTOS/cmsis_os2.o
 *fill*         0x08007f6e        0x2 
 .text.osKernelInitialize
                0x08007f70       0x48 ./Middlewares/FreeRTOS/cmsis_os2.o
                0x08007f70                osKernelInitialize
 .text.osKernelStart
                0x08007fb8       0x4c ./Middlewares/FreeRTOS/cmsis_os2.o
                0x08007fb8                osKernelStart
 .text.osThreadNew
                0x08008004      0x124 ./Middlewares/FreeRTOS/cmsis_os2.o
                0x08008004                osThreadNew
 .text.osDelay  0x08008128       0x36 ./Middlewares/FreeRTOS/cmsis_os2.o
                0x08008128                osDelay
 *fill*         0x0800815e        0x2 
 .text.vApplicationGetIdleTaskMemory
                0x08008160       0x34 ./Middlewares/FreeRTOS/cmsis_os2.o
                0x08008160                vApplicationGetIdleTaskMemory
 .text.vApplicationGetTimerTaskMemory
                0x08008194       0x34 ./Middlewares/FreeRTOS/cmsis_os2.o
                0x08008194                vApplicationGetTimerTaskMemory
 .text.pvPortMalloc
                0x080081c8      0x19c ./Middlewares/FreeRTOS/heap_4.o
                0x080081c8                pvPortMalloc
 .text.vPortFree
                0x08008364       0xc8 ./Middlewares/FreeRTOS/heap_4.o
                0x08008364                vPortFree
 .text.prvHeapInit
                0x0800842c       0xc4 ./Middlewares/FreeRTOS/heap_4.o
 .text.prvInsertBlockIntoFreeList
                0x080084f0       0xb4 ./Middlewares/FreeRTOS/heap_4.o
 .text.vListInitialise
                0x080085a4       0x40 ./Middlewares/FreeRTOS/list.o
                0x080085a4                vListInitialise
 .text.vListInitialiseItem
                0x080085e4       0x1a ./Middlewares/FreeRTOS/list.o
                0x080085e4                vListInitialiseItem
 .text.vListInsertEnd
                0x080085fe       0x48 ./Middlewares/FreeRTOS/list.o
                0x080085fe                vListInsertEnd
 .text.vListInsert
                0x08008646       0x72 ./Middlewares/FreeRTOS/list.o
                0x08008646                vListInsert
 .text.uxListRemove
                0x080086b8       0x54 ./Middlewares/FreeRTOS/list.o
                0x080086b8                uxListRemove
 .text.pxPortInitialiseStack
                0x0800870c       0x68 ./Middlewares/FreeRTOS/port.o
                0x0800870c                pxPortInitialiseStack
 .text.prvTaskExitError
                0x08008774       0x5c ./Middlewares/FreeRTOS/port.o
 .text.SVC_Handler
                0x080087d0       0x28 ./Middlewares/FreeRTOS/port.o
                0x080087d0                SVC_Handler
 .text.prvPortStartFirstTask
                0x080087f8       0x28 ./Middlewares/FreeRTOS/port.o
 .text.xPortStartScheduler
                0x08008820      0x148 ./Middlewares/FreeRTOS/port.o
                0x08008820                xPortStartScheduler
 .text.vPortEnterCritical
                0x08008968       0x64 ./Middlewares/FreeRTOS/port.o
                0x08008968                vPortEnterCritical
 .text.vPortExitCritical
                0x080089cc       0x54 ./Middlewares/FreeRTOS/port.o
                0x080089cc                vPortExitCritical
 .text.PendSV_Handler
                0x08008a20       0x68 ./Middlewares/FreeRTOS/port.o
                0x08008a20                PendSV_Handler
 .text.xPortSysTickHandler
                0x08008a88       0x44 ./Middlewares/FreeRTOS/port.o
                0x08008a88                xPortSysTickHandler
 .text.vPortSetupTimerInterrupt
                0x08008acc       0x48 ./Middlewares/FreeRTOS/port.o
                0x08008acc                vPortSetupTimerInterrupt
 .text.vPortEnableVFP
                0x08008b14       0x14 ./Middlewares/FreeRTOS/port.o
 .text.vPortValidateInterruptPriority
                0x08008b28       0x84 ./Middlewares/FreeRTOS/port.o
                0x08008b28                vPortValidateInterruptPriority
 .text.xQueueGenericReset
                0x08008bac       0xd4 ./Middlewares/FreeRTOS/queue.o
                0x08008bac                xQueueGenericReset
 .text.xQueueGenericCreateStatic
                0x08008c80       0xfa ./Middlewares/FreeRTOS/queue.o
                0x08008c80                xQueueGenericCreateStatic
 .text.prvInitialiseNewQueue
                0x08008d7a       0x46 ./Middlewares/FreeRTOS/queue.o
 .text.xQueueGenericSend
                0x08008dc0      0x204 ./Middlewares/FreeRTOS/queue.o
                0x08008dc0                xQueueGenericSend
 .text.xQueueGenericSendFromISR
                0x08008fc4      0x13c ./Middlewares/FreeRTOS/queue.o
                0x08008fc4                xQueueGenericSendFromISR
 .text.xQueueReceive
                0x08009100      0x1c4 ./Middlewares/FreeRTOS/queue.o
                0x08009100                xQueueReceive
 .text.prvCopyDataToQueue
                0x080092c4       0xd4 ./Middlewares/FreeRTOS/queue.o
 .text.prvCopyDataFromQueue
                0x08009398       0x4c ./Middlewares/FreeRTOS/queue.o
 .text.prvUnlockQueue
                0x080093e4       0xa4 ./Middlewares/FreeRTOS/queue.o
 .text.prvIsQueueEmpty
                0x08009488       0x2c ./Middlewares/FreeRTOS/queue.o
 .text.prvIsQueueFull
                0x080094b4       0x30 ./Middlewares/FreeRTOS/queue.o
 .text.vQueueAddToRegistry
                0x080094e4       0x54 ./Middlewares/FreeRTOS/queue.o
                0x080094e4                vQueueAddToRegistry
 .text.vQueueWaitForMessageRestricted
                0x08009538       0x68 ./Middlewares/FreeRTOS/queue.o
                0x08009538                vQueueWaitForMessageRestricted
 .text.xTaskCreateStatic
                0x080095a0       0xc0 ./Middlewares/FreeRTOS/tasks.o
                0x080095a0                xTaskCreateStatic
 .text.xTaskCreate
                0x08009660       0x8a ./Middlewares/FreeRTOS/tasks.o
                0x08009660                xTaskCreate
 *fill*         0x080096ea        0x2 
 .text.prvInitialiseNewTask
                0x080096ec      0x150 ./Middlewares/FreeRTOS/tasks.o
 .text.prvAddNewTaskToReadyList
                0x0800983c       0xe0 ./Middlewares/FreeRTOS/tasks.o
 .text.vTaskDelay
                0x0800991c       0x6c ./Middlewares/FreeRTOS/tasks.o
                0x0800991c                vTaskDelay
 .text.vTaskStartScheduler
                0x08009988       0xe0 ./Middlewares/FreeRTOS/tasks.o
                0x08009988                vTaskStartScheduler
 .text.vTaskSuspendAll
                0x08009a68       0x1c ./Middlewares/FreeRTOS/tasks.o
                0x08009a68                vTaskSuspendAll
 .text.xTaskResumeAll
                0x08009a84      0x13c ./Middlewares/FreeRTOS/tasks.o
                0x08009a84                xTaskResumeAll
 .text.xTaskGetTickCount
                0x08009bc0       0x20 ./Middlewares/FreeRTOS/tasks.o
                0x08009bc0                xTaskGetTickCount
 .text.xTaskIncrementTick
                0x08009be0      0x174 ./Middlewares/FreeRTOS/tasks.o
                0x08009be0                xTaskIncrementTick
 .text.vTaskSwitchContext
                0x08009d54       0xcc ./Middlewares/FreeRTOS/tasks.o
                0x08009d54                vTaskSwitchContext
 .text.vTaskPlaceOnEventList
                0x08009e20       0x4c ./Middlewares/FreeRTOS/tasks.o
                0x08009e20                vTaskPlaceOnEventList
 .text.vTaskPlaceOnEventListRestricted
                0x08009e6c       0x58 ./Middlewares/FreeRTOS/tasks.o
                0x08009e6c                vTaskPlaceOnEventListRestricted
 .text.xTaskRemoveFromEventList
                0x08009ec4       0xc8 ./Middlewares/FreeRTOS/tasks.o
                0x08009ec4                xTaskRemoveFromEventList
 .text.vTaskInternalSetTimeOutState
                0x08009f8c       0x2c ./Middlewares/FreeRTOS/tasks.o
                0x08009f8c                vTaskInternalSetTimeOutState
 .text.xTaskCheckForTimeOut
                0x08009fb8       0xc8 ./Middlewares/FreeRTOS/tasks.o
                0x08009fb8                xTaskCheckForTimeOut
 .text.vTaskMissedYield
                0x0800a080       0x18 ./Middlewares/FreeRTOS/tasks.o
                0x0800a080                vTaskMissedYield
 .text.prvIdleTask
                0x0800a098       0x30 ./Middlewares/FreeRTOS/tasks.o
 .text.prvInitialiseTaskLists
                0x0800a0c8       0x80 ./Middlewares/FreeRTOS/tasks.o
 .text.prvCheckTasksWaitingTermination
                0x0800a148       0x5c ./Middlewares/FreeRTOS/tasks.o
 .text.prvDeleteTCB
                0x0800a1a4       0x6a ./Middlewares/FreeRTOS/tasks.o
 *fill*         0x0800a20e        0x2 
 .text.prvResetNextTaskUnblockTime
                0x0800a210       0x40 ./Middlewares/FreeRTOS/tasks.o
 .text.xTaskGetSchedulerState
                0x0800a250       0x3c ./Middlewares/FreeRTOS/tasks.o
                0x0800a250                xTaskGetSchedulerState
 .text.xTaskPriorityDisinherit
                0x0800a28c       0xe0 ./Middlewares/FreeRTOS/tasks.o
                0x0800a28c                xTaskPriorityDisinherit
 .text.prvAddCurrentTaskToDelayedList
                0x0800a36c       0xa8 ./Middlewares/FreeRTOS/tasks.o
 .text.xTimerCreateTimerTask
                0x0800a414       0x94 ./Middlewares/FreeRTOS/timers.o
                0x0800a414                xTimerCreateTimerTask
 .text.xTimerGenericCommand
                0x0800a4a8       0x9c ./Middlewares/FreeRTOS/timers.o
                0x0800a4a8                xTimerGenericCommand
 .text.prvProcessExpiredTimer
                0x0800a544       0x9c ./Middlewares/FreeRTOS/timers.o
 .text.prvTimerTask
                0x0800a5e0       0x26 ./Middlewares/FreeRTOS/timers.o
 *fill*         0x0800a606        0x2 
 .text.prvProcessTimerOrBlockTask
                0x0800a608       0x9c ./Middlewares/FreeRTOS/timers.o
 .text.prvGetNextExpireTime
                0x0800a6a4       0x48 ./Middlewares/FreeRTOS/timers.o
 .text.prvSampleTimeNow
                0x0800a6ec       0x40 ./Middlewares/FreeRTOS/timers.o
 .text.prvInsertTimerInActiveList
                0x0800a72c       0x84 ./Middlewares/FreeRTOS/timers.o
 .text.prvProcessReceivedCommands
                0x0800a7b0      0x1cc ./Middlewares/FreeRTOS/timers.o
 .text.prvSwitchTimerLists
                0x0800a97c       0xcc ./Middlewares/FreeRTOS/timers.o
 .text.prvCheckForValidListAndQueue
                0x0800aa48       0x80 ./Middlewares/FreeRTOS/timers.o
 .text.USBD_Init
                0x0800aac8       0x60 ./Middlewares/USB_Device_Library/usbd_core.o
                0x0800aac8                USBD_Init
 .text.USBD_RegisterClass
                0x0800ab28       0x6c ./Middlewares/USB_Device_Library/usbd_core.o
                0x0800ab28                USBD_RegisterClass
 .text.USBD_Start
                0x0800ab94       0x18 ./Middlewares/USB_Device_Library/usbd_core.o
                0x0800ab94                USBD_Start
 .text.USBD_RunTestMode
                0x0800abac       0x16 ./Middlewares/USB_Device_Library/usbd_core.o
                0x0800abac                USBD_RunTestMode
 .text.USBD_SetClassConfig
                0x0800abc2       0x38 ./Middlewares/USB_Device_Library/usbd_core.o
                0x0800abc2                USBD_SetClassConfig
 .text.USBD_ClrClassConfig
                0x0800abfa       0x34 ./Middlewares/USB_Device_Library/usbd_core.o
                0x0800abfa                USBD_ClrClassConfig
 .text.USBD_LL_SetupStage
                0x0800ac2e       0xaa ./Middlewares/USB_Device_Library/usbd_core.o
                0x0800ac2e                USBD_LL_SetupStage
 .text.USBD_LL_DataOutStage
                0x0800acd8      0x166 ./Middlewares/USB_Device_Library/usbd_core.o
                0x0800acd8                USBD_LL_DataOutStage
 .text.USBD_LL_DataInStage
                0x0800ae3e      0x164 ./Middlewares/USB_Device_Library/usbd_core.o
                0x0800ae3e                USBD_LL_DataInStage
 .text.USBD_LL_Reset
                0x0800afa2       0xa4 ./Middlewares/USB_Device_Library/usbd_core.o
                0x0800afa2                USBD_LL_Reset
 .text.USBD_LL_SetSpeed
                0x0800b046       0x20 ./Middlewares/USB_Device_Library/usbd_core.o
                0x0800b046                USBD_LL_SetSpeed
 .text.USBD_LL_Suspend
                0x0800b066       0x38 ./Middlewares/USB_Device_Library/usbd_core.o
                0x0800b066                USBD_LL_Suspend
 .text.USBD_LL_Resume
                0x0800b09e       0x30 ./Middlewares/USB_Device_Library/usbd_core.o
                0x0800b09e                USBD_LL_Resume
 .text.USBD_LL_SOF
                0x0800b0ce       0x40 ./Middlewares/USB_Device_Library/usbd_core.o
                0x0800b0ce                USBD_LL_SOF
 .text.USBD_LL_IsoINIncomplete
                0x0800b10e       0x64 ./Middlewares/USB_Device_Library/usbd_core.o
                0x0800b10e                USBD_LL_IsoINIncomplete
 .text.USBD_LL_IsoOUTIncomplete
                0x0800b172       0x64 ./Middlewares/USB_Device_Library/usbd_core.o
                0x0800b172                USBD_LL_IsoOUTIncomplete
 .text.USBD_LL_DevConnected
                0x0800b1d6       0x16 ./Middlewares/USB_Device_Library/usbd_core.o
                0x0800b1d6                USBD_LL_DevConnected
 .text.USBD_LL_DevDisconnected
                0x0800b1ec       0x46 ./Middlewares/USB_Device_Library/usbd_core.o
                0x0800b1ec                USBD_LL_DevDisconnected
 .text.USBD_CoreFindIF
                0x0800b232       0x1a ./Middlewares/USB_Device_Library/usbd_core.o
                0x0800b232                USBD_CoreFindIF
 .text.USBD_CoreFindEP
                0x0800b24c       0x1a ./Middlewares/USB_Device_Library/usbd_core.o
                0x0800b24c                USBD_CoreFindEP
 .text.USBD_GetEpDesc
                0x0800b266       0x70 ./Middlewares/USB_Device_Library/usbd_core.o
                0x0800b266                USBD_GetEpDesc
 .text.USBD_GetNextDesc
                0x0800b2d6       0x38 ./Middlewares/USB_Device_Library/usbd_core.o
                0x0800b2d6                USBD_GetNextDesc
 .text.SWAPBYTE
                0x0800b30e       0x3e ./Middlewares/USB_Device_Library/usbd_ctlreq.o
 .text.USBD_StdDevReq
                0x0800b34c       0xe4 ./Middlewares/USB_Device_Library/usbd_ctlreq.o
                0x0800b34c                USBD_StdDevReq
 .text.USBD_StdItfReq
                0x0800b430       0xd8 ./Middlewares/USB_Device_Library/usbd_ctlreq.o
                0x0800b430                USBD_StdItfReq
 .text.USBD_StdEPReq
                0x0800b508      0x33a ./Middlewares/USB_Device_Library/usbd_ctlreq.o
                0x0800b508                USBD_StdEPReq
 *fill*         0x0800b842        0x2 
 .text.USBD_GetDescriptor
                0x0800b844      0x2d4 ./Middlewares/USB_Device_Library/usbd_ctlreq.o
 .text.USBD_SetAddress
                0x0800bb18       0x88 ./Middlewares/USB_Device_Library/usbd_ctlreq.o
 .text.USBD_SetConfig
                0x0800bba0      0x154 ./Middlewares/USB_Device_Library/usbd_ctlreq.o
 .text.USBD_GetConfig
                0x0800bcf4       0x6c ./Middlewares/USB_Device_Library/usbd_ctlreq.o
 .text.USBD_GetStatus
                0x0800bd60       0x68 ./Middlewares/USB_Device_Library/usbd_ctlreq.o
 .text.USBD_SetFeature
                0x0800bdc8       0x52 ./Middlewares/USB_Device_Library/usbd_ctlreq.o
 .text.USBD_ClrFeature
                0x0800be1a       0x44 ./Middlewares/USB_Device_Library/usbd_ctlreq.o
 .text.USBD_ParseSetupRequest
                0x0800be5e       0x74 ./Middlewares/USB_Device_Library/usbd_ctlreq.o
                0x0800be5e                USBD_ParseSetupRequest
 .text.USBD_CtlError
                0x0800bed2       0x22 ./Middlewares/USB_Device_Library/usbd_ctlreq.o
                0x0800bed2                USBD_CtlError
 .text.USBD_GetString
                0x0800bef4       0xa4 ./Middlewares/USB_Device_Library/usbd_ctlreq.o
                0x0800bef4                USBD_GetString
 .text.USBD_GetLen
                0x0800bf98       0x34 ./Middlewares/USB_Device_Library/usbd_ctlreq.o
 .text.USBD_HID_Init
                0x0800bfcc       0xcc ./Middlewares/USB_Device_Library/usbd_hid.o
 .text.USBD_HID_DeInit
                0x0800c098       0x90 ./Middlewares/USB_Device_Library/usbd_hid.o
 .text.USBD_HID_Setup
                0x0800c128      0x210 ./Middlewares/USB_Device_Library/usbd_hid.o
 .text.USBD_HID_GetFSCfgDesc
                0x0800c338       0x34 ./Middlewares/USB_Device_Library/usbd_hid.o
 .text.USBD_HID_GetHSCfgDesc
                0x0800c36c       0x34 ./Middlewares/USB_Device_Library/usbd_hid.o
 .text.USBD_HID_GetOtherSpeedCfgDesc
                0x0800c3a0       0x34 ./Middlewares/USB_Device_Library/usbd_hid.o
 .text.USBD_HID_DataIn
                0x0800c3d4       0x2c ./Middlewares/USB_Device_Library/usbd_hid.o
 .text.USBD_HID_GetDeviceQualifierDesc
                0x0800c400       0x20 ./Middlewares/USB_Device_Library/usbd_hid.o
 .text.USBD_CtlSendData
                0x0800c420       0x36 ./Middlewares/USB_Device_Library/usbd_ioreq.o
                0x0800c420                USBD_CtlSendData
 .text.USBD_CtlContinueSendData
                0x0800c456       0x22 ./Middlewares/USB_Device_Library/usbd_ioreq.o
                0x0800c456                USBD_CtlContinueSendData
 .text.USBD_CtlContinueRx
                0x0800c478       0x22 ./Middlewares/USB_Device_Library/usbd_ioreq.o
                0x0800c478                USBD_CtlContinueRx
 .text.USBD_CtlSendStatus
                0x0800c49a       0x26 ./Middlewares/USB_Device_Library/usbd_ioreq.o
                0x0800c49a                USBD_CtlSendStatus
 .text.USBD_CtlReceiveStatus
                0x0800c4c0       0x26 ./Middlewares/USB_Device_Library/usbd_ioreq.o
                0x0800c4c0                USBD_CtlReceiveStatus
 *fill*         0x0800c4e6        0x2 
 .text.MX_USB_DEVICE_Init
                0x0800c4e8       0x4c ./USB_DEVICE/App/usb_device.o
                0x0800c4e8                MX_USB_DEVICE_Init
 .text.USBD_FS_DeviceDescriptor
                0x0800c534       0x24 ./USB_DEVICE/App/usbd_desc.o
                0x0800c534                USBD_FS_DeviceDescriptor
 .text.USBD_FS_LangIDStrDescriptor
                0x0800c558       0x24 ./USB_DEVICE/App/usbd_desc.o
                0x0800c558                USBD_FS_LangIDStrDescriptor
 .text.USBD_FS_ProductStrDescriptor
                0x0800c57c       0x3c ./USB_DEVICE/App/usbd_desc.o
                0x0800c57c                USBD_FS_ProductStrDescriptor
 .text.USBD_FS_ManufacturerStrDescriptor
                0x0800c5b8       0x28 ./USB_DEVICE/App/usbd_desc.o
                0x0800c5b8                USBD_FS_ManufacturerStrDescriptor
 .text.USBD_FS_SerialStrDescriptor
                0x0800c5e0       0x24 ./USB_DEVICE/App/usbd_desc.o
                0x0800c5e0                USBD_FS_SerialStrDescriptor
 .text.USBD_FS_ConfigStrDescriptor
                0x0800c604       0x3c ./USB_DEVICE/App/usbd_desc.o
                0x0800c604                USBD_FS_ConfigStrDescriptor
 .text.USBD_FS_InterfaceStrDescriptor
                0x0800c640       0x3c ./USB_DEVICE/App/usbd_desc.o
                0x0800c640                USBD_FS_InterfaceStrDescriptor
 .text.Get_SerialNum
                0x0800c67c       0x58 ./USB_DEVICE/App/usbd_desc.o
 .text.IntToUnicode
                0x0800c6d4       0x7e ./USB_DEVICE/App/usbd_desc.o
 *fill*         0x0800c752        0x2 
 .text.HAL_PCD_MspInit
                0x0800c754       0xa8 ./USB_DEVICE/Target/usbd_conf.o
                0x0800c754                HAL_PCD_MspInit
 .text.HAL_PCD_SetupStageCallback
                0x0800c7fc       0x24 ./USB_DEVICE/Target/usbd_conf.o
                0x0800c7fc                HAL_PCD_SetupStageCallback
 .text.HAL_PCD_DataOutStageCallback
                0x0800c820       0x36 ./USB_DEVICE/Target/usbd_conf.o
                0x0800c820                HAL_PCD_DataOutStageCallback
 .text.HAL_PCD_DataInStageCallback
                0x0800c856       0x34 ./USB_DEVICE/Target/usbd_conf.o
                0x0800c856                HAL_PCD_DataInStageCallback
 .text.HAL_PCD_SOFCallback
                0x0800c88a       0x1c ./USB_DEVICE/Target/usbd_conf.o
                0x0800c88a                HAL_PCD_SOFCallback
 .text.HAL_PCD_ResetCallback
                0x0800c8a6       0x3c ./USB_DEVICE/Target/usbd_conf.o
                0x0800c8a6                HAL_PCD_ResetCallback
 *fill*         0x0800c8e2        0x2 
 .text.HAL_PCD_SuspendCallback
                0x0800c8e4       0x4c ./USB_DEVICE/Target/usbd_conf.o
                0x0800c8e4                HAL_PCD_SuspendCallback
 .text.HAL_PCD_ResumeCallback
                0x0800c930       0x1c ./USB_DEVICE/Target/usbd_conf.o
                0x0800c930                HAL_PCD_ResumeCallback
 .text.HAL_PCD_ISOOUTIncompleteCallback
                0x0800c94c       0x24 ./USB_DEVICE/Target/usbd_conf.o
                0x0800c94c                HAL_PCD_ISOOUTIncompleteCallback
 .text.HAL_PCD_ISOINIncompleteCallback
                0x0800c970       0x24 ./USB_DEVICE/Target/usbd_conf.o
                0x0800c970                HAL_PCD_ISOINIncompleteCallback
 .text.HAL_PCD_ConnectCallback
                0x0800c994       0x1c ./USB_DEVICE/Target/usbd_conf.o
                0x0800c994                HAL_PCD_ConnectCallback
 .text.HAL_PCD_DisconnectCallback
                0x0800c9b0       0x1c ./USB_DEVICE/Target/usbd_conf.o
                0x0800c9b0                HAL_PCD_DisconnectCallback
 .text.USBD_LL_Init
                0x0800c9cc       0x98 ./USB_DEVICE/Target/usbd_conf.o
                0x0800c9cc                USBD_LL_Init
 .text.USBD_LL_Start
                0x0800ca64       0x36 ./USB_DEVICE/Target/usbd_conf.o
                0x0800ca64                USBD_LL_Start
 .text.USBD_LL_OpenEP
                0x0800ca9a       0x4c ./USB_DEVICE/Target/usbd_conf.o
                0x0800ca9a                USBD_LL_OpenEP
 .text.USBD_LL_CloseEP
                0x0800cae6       0x3e ./USB_DEVICE/Target/usbd_conf.o
                0x0800cae6                USBD_LL_CloseEP
 .text.USBD_LL_StallEP
                0x0800cb24       0x3e ./USB_DEVICE/Target/usbd_conf.o
                0x0800cb24                USBD_LL_StallEP
 .text.USBD_LL_ClearStallEP
                0x0800cb62       0x3e ./USB_DEVICE/Target/usbd_conf.o
                0x0800cb62                USBD_LL_ClearStallEP
 .text.USBD_LL_IsStallEP
                0x0800cba0       0x58 ./USB_DEVICE/Target/usbd_conf.o
                0x0800cba0                USBD_LL_IsStallEP
 .text.USBD_LL_SetUSBAddress
                0x0800cbf8       0x3e ./USB_DEVICE/Target/usbd_conf.o
                0x0800cbf8                USBD_LL_SetUSBAddress
 .text.USBD_LL_Transmit
                0x0800cc36       0x42 ./USB_DEVICE/Target/usbd_conf.o
                0x0800cc36                USBD_LL_Transmit
 .text.USBD_LL_PrepareReceive
                0x0800cc78       0x42 ./USB_DEVICE/Target/usbd_conf.o
                0x0800cc78                USBD_LL_PrepareReceive
 *fill*         0x0800ccba        0x2 
 .text.USBD_static_malloc
                0x0800ccbc       0x1c ./USB_DEVICE/Target/usbd_conf.o
                0x0800ccbc                USBD_static_malloc
 .text.USBD_static_free
                0x0800ccd8       0x14 ./USB_DEVICE/Target/usbd_conf.o
                0x0800ccd8                USBD_static_free
 .text.USBD_Get_USB_Status
                0x0800ccec       0x58 ./USB_DEVICE/Target/usbd_conf.o
                0x0800ccec                USBD_Get_USB_Status
 .text.__itoa   0x0800cd44       0x30 C:/ST/STM32CubeIDE_1.17.0/STM32CubeIDE/plugins/com.st.stm32cube.ide.mcu.externaltools.gnu-tools-for-stm32.13.3.rel1.win32_1.0.0.202411081344/tools/bin/../lib/gcc/arm-none-eabi/13.3.1/../../../../arm-none-eabi/lib/thumb/v7e-m+fp/hard\libc_nano.a(libc_a-itoa.o)
                0x0800cd44                __itoa
 .text.itoa     0x0800cd74        0x4 C:/ST/STM32CubeIDE_1.17.0/STM32CubeIDE/plugins/com.st.stm32cube.ide.mcu.externaltools.gnu-tools-for-stm32.13.3.rel1.win32_1.0.0.202411081344/tools/bin/../lib/gcc/arm-none-eabi/13.3.1/../../../../arm-none-eabi/lib/thumb/v7e-m+fp/hard\libc_nano.a(libc_a-itoa.o)
                0x0800cd74                itoa
 .text.__utoa   0x0800cd78       0x84 C:/ST/STM32CubeIDE_1.17.0/STM32CubeIDE/plugins/com.st.stm32cube.ide.mcu.externaltools.gnu-tools-for-stm32.13.3.rel1.win32_1.0.0.202411081344/tools/bin/../lib/gcc/arm-none-eabi/13.3.1/../../../../arm-none-eabi/lib/thumb/v7e-m+fp/hard\libc_nano.a(libc_a-utoa.o)
                0x0800cd78                __utoa
 .text.snprintf
                0x0800cdfc       0x6c C:/ST/STM32CubeIDE_1.17.0/STM32CubeIDE/plugins/com.st.stm32cube.ide.mcu.externaltools.gnu-tools-for-stm32.13.3.rel1.win32_1.0.0.202411081344/tools/bin/../lib/gcc/arm-none-eabi/13.3.1/../../../../arm-none-eabi/lib/thumb/v7e-m+fp/hard\libc_nano.a(libc_a-snprintf.o)
                0x0800cdfc                sniprintf
                0x0800cdfc                snprintf
 .text.sprintf  0x0800ce68       0x44 C:/ST/STM32CubeIDE_1.17.0/STM32CubeIDE/plugins/com.st.stm32cube.ide.mcu.externaltools.gnu-tools-for-stm32.13.3.rel1.win32_1.0.0.202411081344/tools/bin/../lib/gcc/arm-none-eabi/13.3.1/../../../../arm-none-eabi/lib/thumb/v7e-m+fp/hard\libc_nano.a(libc_a-sprintf.o)
                0x0800ce68                siprintf
                0x0800ce68                sprintf
 .text.memset   0x0800ceac       0x10 C:/ST/STM32CubeIDE_1.17.0/STM32CubeIDE/plugins/com.st.stm32cube.ide.mcu.externaltools.gnu-tools-for-stm32.13.3.rel1.win32_1.0.0.202411081344/tools/bin/../lib/gcc/arm-none-eabi/13.3.1/../../../../arm-none-eabi/lib/thumb/v7e-m+fp/hard\libc_nano.a(libc_a-memset.o)
                0x0800ceac                memset
 .text._reclaim_reent
                0x0800cebc       0xbc C:/ST/STM32CubeIDE_1.17.0/STM32CubeIDE/plugins/com.st.stm32cube.ide.mcu.externaltools.gnu-tools-for-stm32.13.3.rel1.win32_1.0.0.202411081344/tools/bin/../lib/gcc/arm-none-eabi/13.3.1/../../../../arm-none-eabi/lib/thumb/v7e-m+fp/hard\libc_nano.a(libc_a-reent.o)
                0x0800cebc                _reclaim_reent
 .text.__errno  0x0800cf78        0xc C:/ST/STM32CubeIDE_1.17.0/STM32CubeIDE/plugins/com.st.stm32cube.ide.mcu.externaltools.gnu-tools-for-stm32.13.3.rel1.win32_1.0.0.202411081344/tools/bin/../lib/gcc/arm-none-eabi/13.3.1/../../../../arm-none-eabi/lib/thumb/v7e-m+fp/hard\libc_nano.a(libc_a-errno.o)
                0x0800cf78                __errno
 .text.__libc_init_array
                0x0800cf84       0x48 C:/ST/STM32CubeIDE_1.17.0/STM32CubeIDE/plugins/com.st.stm32cube.ide.mcu.externaltools.gnu-tools-for-stm32.13.3.rel1.win32_1.0.0.202411081344/tools/bin/../lib/gcc/arm-none-eabi/13.3.1/../../../../arm-none-eabi/lib/thumb/v7e-m+fp/hard\libc_nano.a(libc_a-init.o)
                0x0800cf84                __libc_init_array
 .text.__retarget_lock_acquire_recursive
                0x0800cfcc        0x2 C:/ST/STM32CubeIDE_1.17.0/STM32CubeIDE/plugins/com.st.stm32cube.ide.mcu.externaltools.gnu-tools-for-stm32.13.3.rel1.win32_1.0.0.202411081344/tools/bin/../lib/gcc/arm-none-eabi/13.3.1/../../../../arm-none-eabi/lib/thumb/v7e-m+fp/hard\libc_nano.a(libc_a-lock.o)
                0x0800cfcc                __retarget_lock_acquire_recursive
 .text.__retarget_lock_release_recursive
                0x0800cfce        0x2 C:/ST/STM32CubeIDE_1.17.0/STM32CubeIDE/plugins/com.st.stm32cube.ide.mcu.externaltools.gnu-tools-for-stm32.13.3.rel1.win32_1.0.0.202411081344/tools/bin/../lib/gcc/arm-none-eabi/13.3.1/../../../../arm-none-eabi/lib/thumb/v7e-m+fp/hard\libc_nano.a(libc_a-lock.o)
                0x0800cfce                __retarget_lock_release_recursive
 .text.memcpy   0x0800cfd0       0x1c C:/ST/STM32CubeIDE_1.17.0/STM32CubeIDE/plugins/com.st.stm32cube.ide.mcu.externaltools.gnu-tools-for-stm32.13.3.rel1.win32_1.0.0.202411081344/tools/bin/../lib/gcc/arm-none-eabi/13.3.1/../../../../arm-none-eabi/lib/thumb/v7e-m+fp/hard\libc_nano.a(libc_a-memcpy-stub.o)
                0x0800cfd0                memcpy
 .text._free_r  0x0800cfec       0x94 C:/ST/STM32CubeIDE_1.17.0/STM32CubeIDE/plugins/com.st.stm32cube.ide.mcu.externaltools.gnu-tools-for-stm32.13.3.rel1.win32_1.0.0.202411081344/tools/bin/../lib/gcc/arm-none-eabi/13.3.1/../../../../arm-none-eabi/lib/thumb/v7e-m+fp/hard\libc_nano.a(libc_a-freer.o)
                0x0800cfec                _free_r
 .text.sbrk_aligned
                0x0800d080       0x44 C:/ST/STM32CubeIDE_1.17.0/STM32CubeIDE/plugins/com.st.stm32cube.ide.mcu.externaltools.gnu-tools-for-stm32.13.3.rel1.win32_1.0.0.202411081344/tools/bin/../lib/gcc/arm-none-eabi/13.3.1/../../../../arm-none-eabi/lib/thumb/v7e-m+fp/hard\libc_nano.a(libc_a-mallocr.o)
 .text._malloc_r
                0x0800d0c4      0x100 C:/ST/STM32CubeIDE_1.17.0/STM32CubeIDE/plugins/com.st.stm32cube.ide.mcu.externaltools.gnu-tools-for-stm32.13.3.rel1.win32_1.0.0.202411081344/tools/bin/../lib/gcc/arm-none-eabi/13.3.1/../../../../arm-none-eabi/lib/thumb/v7e-m+fp/hard\libc_nano.a(libc_a-mallocr.o)
                0x0800d0c4                _malloc_r
 .text.__malloc_lock
                0x0800d1c4        0xc C:/ST/STM32CubeIDE_1.17.0/STM32CubeIDE/plugins/com.st.stm32cube.ide.mcu.externaltools.gnu-tools-for-stm32.13.3.rel1.win32_1.0.0.202411081344/tools/bin/../lib/gcc/arm-none-eabi/13.3.1/../../../../arm-none-eabi/lib/thumb/v7e-m+fp/hard\libc_nano.a(libc_a-mlock.o)
                0x0800d1c4                __malloc_lock
 .text.__malloc_unlock
                0x0800d1d0        0xc C:/ST/STM32CubeIDE_1.17.0/STM32CubeIDE/plugins/com.st.stm32cube.ide.mcu.externaltools.gnu-tools-for-stm32.13.3.rel1.win32_1.0.0.202411081344/tools/bin/../lib/gcc/arm-none-eabi/13.3.1/../../../../arm-none-eabi/lib/thumb/v7e-m+fp/hard\libc_nano.a(libc_a-mlock.o)
                0x0800d1d0                __malloc_unlock
 .text.__ssputs_r
                0x0800d1dc       0xb6 C:/ST/STM32CubeIDE_1.17.0/STM32CubeIDE/plugins/com.st.stm32cube.ide.mcu.externaltools.gnu-tools-for-stm32.13.3.rel1.win32_1.0.0.202411081344/tools/bin/../lib/gcc/arm-none-eabi/13.3.1/../../../../arm-none-eabi/lib/thumb/v7e-m+fp/hard\libc_nano.a(libc_a-nano-svfprintf.o)
                0x0800d1dc                __ssputs_r
 *fill*         0x0800d292        0x2 
 .text._svfprintf_r
                0x0800d294      0x1f8 C:/ST/STM32CubeIDE_1.17.0/STM32CubeIDE/plugins/com.st.stm32cube.ide.mcu.externaltools.gnu-tools-for-stm32.13.3.rel1.win32_1.0.0.202411081344/tools/bin/../lib/gcc/arm-none-eabi/13.3.1/../../../../arm-none-eabi/lib/thumb/v7e-m+fp/hard\libc_nano.a(libc_a-nano-svfprintf.o)
                0x0800d294                _svfiprintf_r
                0x0800d294                _svfprintf_r
 .text._printf_common
                0x0800d48c       0xda C:/ST/STM32CubeIDE_1.17.0/STM32CubeIDE/plugins/com.st.stm32cube.ide.mcu.externaltools.gnu-tools-for-stm32.13.3.rel1.win32_1.0.0.202411081344/tools/bin/../lib/gcc/arm-none-eabi/13.3.1/../../../../arm-none-eabi/lib/thumb/v7e-m+fp/hard\libc_nano.a(libc_a-nano-vfprintf_i.o)
                0x0800d48c                _printf_common
 *fill*         0x0800d566        0x2 
 .text._printf_i
                0x0800d568      0x23c C:/ST/STM32CubeIDE_1.17.0/STM32CubeIDE/plugins/com.st.stm32cube.ide.mcu.externaltools.gnu-tools-for-stm32.13.3.rel1.win32_1.0.0.202411081344/tools/bin/../lib/gcc/arm-none-eabi/13.3.1/../../../../arm-none-eabi/lib/thumb/v7e-m+fp/hard\libc_nano.a(libc_a-nano-vfprintf_i.o)
                0x0800d568                _printf_i
 .text.memmove  0x0800d7a4       0x34 C:/ST/STM32CubeIDE_1.17.0/STM32CubeIDE/plugins/com.st.stm32cube.ide.mcu.externaltools.gnu-tools-for-stm32.13.3.rel1.win32_1.0.0.202411081344/tools/bin/../lib/gcc/arm-none-eabi/13.3.1/../../../../arm-none-eabi/lib/thumb/v7e-m+fp/hard\libc_nano.a(libc_a-memmove.o)
                0x0800d7a4                memmove
 .text._sbrk_r  0x0800d7d8       0x20 C:/ST/STM32CubeIDE_1.17.0/STM32CubeIDE/plugins/com.st.stm32cube.ide.mcu.externaltools.gnu-tools-for-stm32.13.3.rel1.win32_1.0.0.202411081344/tools/bin/../lib/gcc/arm-none-eabi/13.3.1/../../../../arm-none-eabi/lib/thumb/v7e-m+fp/hard\libc_nano.a(libc_a-sbrkr.o)
                0x0800d7d8                _sbrk_r
 .text._realloc_r
                0x0800d7f8       0x5c C:/ST/STM32CubeIDE_1.17.0/STM32CubeIDE/plugins/com.st.stm32cube.ide.mcu.externaltools.gnu-tools-for-stm32.13.3.rel1.win32_1.0.0.202411081344/tools/bin/../lib/gcc/arm-none-eabi/13.3.1/../../../../arm-none-eabi/lib/thumb/v7e-m+fp/hard\libc_nano.a(libc_a-reallocr.o)
                0x0800d7f8                _realloc_r
 .text._malloc_usable_size_r
                0x0800d854       0x10 C:/ST/STM32CubeIDE_1.17.0/STM32CubeIDE/plugins/com.st.stm32cube.ide.mcu.externaltools.gnu-tools-for-stm32.13.3.rel1.win32_1.0.0.202411081344/tools/bin/../lib/gcc/arm-none-eabi/13.3.1/../../../../arm-none-eabi/lib/thumb/v7e-m+fp/hard\libc_nano.a(libc_a-msizer.o)
                0x0800d854                _malloc_usable_size_r
 *(.glue_7)
 .glue_7        0x0800d864        0x0 linker stubs
 *(.glue_7t)
 .glue_7t       0x0800d864        0x0 linker stubs
 *(.eh_frame)
 .eh_frame      0x0800d864        0x0 C:/ST/STM32CubeIDE_1.17.0/STM32CubeIDE/plugins/com.st.stm32cube.ide.mcu.externaltools.gnu-tools-for-stm32.13.3.rel1.win32_1.0.0.202411081344/tools/bin/../lib/gcc/arm-none-eabi/13.3.1/thumb/v7e-m+fp/hard/crtbegin.o
 *(.init)
 .init          0x0800d864        0x4 C:/ST/STM32CubeIDE_1.17.0/STM32CubeIDE/plugins/com.st.stm32cube.ide.mcu.externaltools.gnu-tools-for-stm32.13.3.rel1.win32_1.0.0.202411081344/tools/bin/../lib/gcc/arm-none-eabi/13.3.1/thumb/v7e-m+fp/hard/crti.o
                0x0800d864                _init
 .init          0x0800d868        0x8 C:/ST/STM32CubeIDE_1.17.0/STM32CubeIDE/plugins/com.st.stm32cube.ide.mcu.externaltools.gnu-tools-for-stm32.13.3.rel1.win32_1.0.0.202411081344/tools/bin/../lib/gcc/arm-none-eabi/13.3.1/thumb/v7e-m+fp/hard/crtn.o
 *(.fini)
 .fini          0x0800d870        0x4 C:/ST/STM32CubeIDE_1.17.0/STM32CubeIDE/plugins/com.st.stm32cube.ide.mcu.externaltools.gnu-tools-for-stm32.13.3.rel1.win32_1.0.0.202411081344/tools/bin/../lib/gcc/arm-none-eabi/13.3.1/thumb/v7e-m+fp/hard/crti.o
                0x0800d870                _fini
 .fini          0x0800d874        0x8 C:/ST/STM32CubeIDE_1.17.0/STM32CubeIDE/plugins/com.st.stm32cube.ide.mcu.externaltools.gnu-tools-for-stm32.13.3.rel1.win32_1.0.0.202411081344/tools/bin/../lib/gcc/arm-none-eabi/13.3.1/thumb/v7e-m+fp/hard/crtn.o
                0x0800d87c                        . = ALIGN (0x4)
                0x0800d87c                        _etext = .

.vfp11_veneer   0x0800d87c        0x0
 .vfp11_veneer  0x0800d87c        0x0 linker stubs

.v4_bx          0x0800d87c        0x0
 .v4_bx         0x0800d87c        0x0 linker stubs

.iplt           0x0800d87c        0x0
 .iplt          0x0800d87c        0x0 C:/ST/STM32CubeIDE_1.17.0/STM32CubeIDE/plugins/com.st.stm32cube.ide.mcu.externaltools.gnu-tools-for-stm32.13.3.rel1.win32_1.0.0.202411081344/tools/bin/../lib/gcc/arm-none-eabi/13.3.1/thumb/v7e-m+fp/hard/crtbegin.o

.rodata         0x0800d87c     0x1988
                0x0800d87c                        . = ALIGN (0x4)
 *(.rodata)
 .rodata        0x0800d87c       0x54 ./Core/Src/main.o
 .rodata        0x0800d8d0       0x11 ./Core/Src/midi_modify.o
 *fill*         0x0800d8e1        0x3 
 .rodata        0x0800d8e4       0x2e ./Core/Src/midi_tempo.o
 *fill*         0x0800d912        0x2 
 .rodata        0x0800d914        0x5 ./Middlewares/FreeRTOS/tasks.o
 *fill*         0x0800d919        0x3 
 .rodata        0x0800d91c        0xd ./Middlewares/FreeRTOS/timers.o
 *fill*         0x0800d929        0x3 
 .rodata        0x0800d92c       0x46 ./USB_DEVICE/App/usbd_desc.o
 *(.rodata*)
 *fill*         0x0800d972        0x2 
 .rodata.midi_send_attributes
                0x0800d974       0x24 ./Core/Src/main.o
                0x0800d974                midi_send_attributes
 .rodata.other_tasks_attributes
                0x0800d998       0x24 ./Core/Src/main.o
                0x0800d998                other_tasks_attributes
 .rodata.Font6x8
                0x0800d9bc      0x5f0 ./Core/Src/screen_driver_fonts.o
 .rodata.Font16x24
                0x0800dfac     0x11d0 ./Core/Src/screen_driver_fonts.o
 .rodata.Font_6x8
                0x0800f17c        0xc ./Core/Src/screen_driver_fonts.o
                0x0800f17c                Font_6x8
 .rodata.Font_16x24
                0x0800f188        0xc ./Core/Src/screen_driver_fonts.o
                0x0800f188                Font_16x24
 .rodata.AHBPrescTable
                0x0800f194       0x10 ./Core/Src/system_stm32f4xx.o
                0x0800f194                AHBPrescTable
 .rodata.APBPrescTable
                0x0800f1a4        0x8 ./Core/Src/system_stm32f4xx.o
                0x0800f1a4                APBPrescTable
 .rodata.__utoa.str1.1
                0x0800f1ac       0x58 C:/ST/STM32CubeIDE_1.17.0/STM32CubeIDE/plugins/com.st.stm32cube.ide.mcu.externaltools.gnu-tools-for-stm32.13.3.rel1.win32_1.0.0.202411081344/tools/bin/../lib/gcc/arm-none-eabi/13.3.1/../../../../arm-none-eabi/lib/thumb/v7e-m+fp/hard\libc_nano.a(libc_a-utoa.o)
                                 0x25 (size before relaxing)
 .rodata._svfprintf_r.str1.1
                0x0800f204       0x11 C:/ST/STM32CubeIDE_1.17.0/STM32CubeIDE/plugins/com.st.stm32cube.ide.mcu.externaltools.gnu-tools-for-stm32.13.3.rel1.win32_1.0.0.202411081344/tools/bin/../lib/gcc/arm-none-eabi/13.3.1/../../../../arm-none-eabi/lib/thumb/v7e-m+fp/hard\libc_nano.a(libc_a-nano-svfprintf.o)
 .rodata._printf_i.str1.1
                0x0800f204       0x22 C:/ST/STM32CubeIDE_1.17.0/STM32CubeIDE/plugins/com.st.stm32cube.ide.mcu.externaltools.gnu-tools-for-stm32.13.3.rel1.win32_1.0.0.202411081344/tools/bin/../lib/gcc/arm-none-eabi/13.3.1/../../../../arm-none-eabi/lib/thumb/v7e-m+fp/hard\libc_nano.a(libc_a-nano-vfprintf_i.o)
                0x0800f228                        . = ALIGN (0x4)

.ARM.extab      0x0800f204        0x0
                0x0800f204                        . = ALIGN (0x4)
 *(.ARM.extab* .gnu.linkonce.armextab.*)
                0x0800f204                        . = ALIGN (0x4)

.ARM            0x0800f204        0x8
                0x0800f204                        . = ALIGN (0x4)
                0x0800f204                        __exidx_start = .
 *(.ARM.exidx*)
 .ARM.exidx     0x0800f204        0x8 C:/ST/STM32CubeIDE_1.17.0/STM32CubeIDE/plugins/com.st.stm32cube.ide.mcu.externaltools.gnu-tools-for-stm32.13.3.rel1.win32_1.0.0.202411081344/tools/bin/../lib/gcc/arm-none-eabi/13.3.1/../../../../arm-none-eabi/lib/thumb/v7e-m+fp/hard\libc_nano.a(libc_a-memchr.o)
 .ARM.exidx     0x0800f20c        0x0 C:/ST/STM32CubeIDE_1.17.0/STM32CubeIDE/plugins/com.st.stm32cube.ide.mcu.externaltools.gnu-tools-for-stm32.13.3.rel1.win32_1.0.0.202411081344/tools/bin/../lib/gcc/arm-none-eabi/13.3.1/thumb/v7e-m+fp/hard\libgcc.a(_udivmoddi4.o)
                                  0x8 (size before relaxing)
                0x0800f20c                        __exidx_end = .
                0x0800f20c                        . = ALIGN (0x4)

.preinit_array  0x0800f20c        0x0
                0x0800f20c                        . = ALIGN (0x4)
                0x0800f20c                        PROVIDE (__preinit_array_start = .)
 *(.preinit_array*)
                0x0800f20c                        PROVIDE (__preinit_array_end = .)
                0x0800f20c                        . = ALIGN (0x4)

.init_array     0x0800f20c        0x4
                0x0800f20c                        . = ALIGN (0x4)
                0x0800f20c                        PROVIDE (__init_array_start = .)
 *(SORT_BY_NAME(.init_array.*))
 *(.init_array*)
 .init_array    0x0800f20c        0x4 C:/ST/STM32CubeIDE_1.17.0/STM32CubeIDE/plugins/com.st.stm32cube.ide.mcu.externaltools.gnu-tools-for-stm32.13.3.rel1.win32_1.0.0.202411081344/tools/bin/../lib/gcc/arm-none-eabi/13.3.1/thumb/v7e-m+fp/hard/crtbegin.o
                0x0800f210                        PROVIDE (__init_array_end = .)
                0x0800f210                        . = ALIGN (0x4)

.fini_array     0x0800f210        0x4
                0x0800f210                        . = ALIGN (0x4)
                [!provide]                        PROVIDE (__fini_array_start = .)
 *(SORT_BY_NAME(.fini_array.*))
 *(.fini_array*)
 .fini_array    0x0800f210        0x4 C:/ST/STM32CubeIDE_1.17.0/STM32CubeIDE/plugins/com.st.stm32cube.ide.mcu.externaltools.gnu-tools-for-stm32.13.3.rel1.win32_1.0.0.202411081344/tools/bin/../lib/gcc/arm-none-eabi/13.3.1/thumb/v7e-m+fp/hard/crtbegin.o
                [!provide]                        PROVIDE (__fini_array_end = .)
                0x0800f214                        . = ALIGN (0x4)
                0x0800f214                        _sidata = LOADADDR (.data)

.rel.dyn        0x0800f214        0x0
 .rel.iplt      0x0800f214        0x0 C:/ST/STM32CubeIDE_1.17.0/STM32CubeIDE/plugins/com.st.stm32cube.ide.mcu.externaltools.gnu-tools-for-stm32.13.3.rel1.win32_1.0.0.202411081344/tools/bin/../lib/gcc/arm-none-eabi/13.3.1/thumb/v7e-m+fp/hard/crtbegin.o

.data           0x20000000      0x184 load address 0x0800f214
                0x20000000                        . = ALIGN (0x4)
                0x20000000                        _sdata = .
 *(.data)
 *(.data*)
 .data.tempo_counter
                0x20000000        0x4 ./Core/Src/main.o
                0x20000000                tempo_counter
 .data.tempo_click_rate
                0x20000004        0x4 ./Core/Src/main.o
                0x20000004                tempo_click_rate
 .data.current_menu
                0x20000008        0x1 ./Core/Src/main.o
                0x20000008                current_menu
 *fill*         0x20000009        0x3 
 .data.midi_rx_buff_ptr
                0x2000000c        0x4 ./Core/Src/main.o
                0x2000000c                midi_rx_buff_ptr
 .data.tempo    0x20000010        0x4 ./Core/Src/midi_tempo.o
                0x20000010                tempo
 .data.SystemCoreClock
                0x20000014        0x4 ./Core/Src/system_stm32f4xx.o
                0x20000014                SystemCoreClock
 .data.uwTickPrio
                0x20000018        0x4 ./Drivers/STM32F4xx_HAL_Driver/stm32f4xx_hal.o
                0x20000018                uwTickPrio
 .data.uwTickFreq
                0x2000001c        0x1 ./Drivers/STM32F4xx_HAL_Driver/stm32f4xx_hal.o
                0x2000001c                uwTickFreq
 *fill*         0x2000001d        0x3 
 .data.uxCriticalNesting
                0x20000020        0x4 ./Middlewares/FreeRTOS/port.o
 .data.USBD_HID
                0x20000024       0x38 ./Middlewares/USB_Device_Library/usbd_hid.o
                0x20000024                USBD_HID
 .data.USBD_HID_CfgDesc
                0x2000005c       0x22 ./Middlewares/USB_Device_Library/usbd_hid.o
 *fill*         0x2000007e        0x2 
 .data.USBD_HID_Desc
                0x20000080        0x9 ./Middlewares/USB_Device_Library/usbd_hid.o
 *fill*         0x20000089        0x3 
 .data.USBD_HID_DeviceQualifierDesc
                0x2000008c        0xa ./Middlewares/USB_Device_Library/usbd_hid.o
 *fill*         0x20000096        0x2 
 .data.HID_MOUSE_ReportDesc
                0x20000098       0x4a ./Middlewares/USB_Device_Library/usbd_hid.o
 .data.HIDInEpAdd
                0x200000e2        0x1 ./Middlewares/USB_Device_Library/usbd_hid.o
 *fill*         0x200000e3        0x1 
 .data.FS_Desc  0x200000e4       0x1c ./USB_DEVICE/App/usbd_desc.o
                0x200000e4                FS_Desc
 .data.USBD_FS_DeviceDesc
                0x20000100       0x12 ./USB_DEVICE/App/usbd_desc.o
                0x20000100                USBD_FS_DeviceDesc
 *fill*         0x20000112        0x2 
 .data.USBD_LangIDDesc
                0x20000114        0x4 ./USB_DEVICE/App/usbd_desc.o
                0x20000114                USBD_LangIDDesc
 .data.USBD_StringSerial
                0x20000118       0x1a ./USB_DEVICE/App/usbd_desc.o
                0x20000118                USBD_StringSerial
 *fill*         0x20000132        0x2 
 .data._impure_ptr
                0x20000134        0x4 C:/ST/STM32CubeIDE_1.17.0/STM32CubeIDE/plugins/com.st.stm32cube.ide.mcu.externaltools.gnu-tools-for-stm32.13.3.rel1.win32_1.0.0.202411081344/tools/bin/../lib/gcc/arm-none-eabi/13.3.1/../../../../arm-none-eabi/lib/thumb/v7e-m+fp/hard\libc_nano.a(libc_a-impure.o)
                0x20000134                _impure_ptr
 .data._impure_data
                0x20000138       0x4c C:/ST/STM32CubeIDE_1.17.0/STM32CubeIDE/plugins/com.st.stm32cube.ide.mcu.externaltools.gnu-tools-for-stm32.13.3.rel1.win32_1.0.0.202411081344/tools/bin/../lib/gcc/arm-none-eabi/13.3.1/../../../../arm-none-eabi/lib/thumb/v7e-m+fp/hard\libc_nano.a(libc_a-impure.o)
                0x20000138                _impure_data
 *(.RamFunc)
 *(.RamFunc*)
                0x20000184                        . = ALIGN (0x4)
                0x20000184                        _edata = .

.igot.plt       0x20000184        0x0 load address 0x0800f398
 .igot.plt      0x20000184        0x0 C:/ST/STM32CubeIDE_1.17.0/STM32CubeIDE/plugins/com.st.stm32cube.ide.mcu.externaltools.gnu-tools-for-stm32.13.3.rel1.win32_1.0.0.202411081344/tools/bin/../lib/gcc/arm-none-eabi/13.3.1/thumb/v7e-m+fp/hard/crtbegin.o
                0x20000184                        . = ALIGN (0x4)

.bss            0x20000184     0x5f90 load address 0x0800f398
                0x20000184                        _sbss = .
                0x20000184                        __bss_start__ = _sbss
 *(.bss)
 .bss           0x20000184       0x1c C:/ST/STM32CubeIDE_1.17.0/STM32CubeIDE/plugins/com.st.stm32cube.ide.mcu.externaltools.gnu-tools-for-stm32.13.3.rel1.win32_1.0.0.202411081344/tools/bin/../lib/gcc/arm-none-eabi/13.3.1/thumb/v7e-m+fp/hard/crtbegin.o
 *(.bss*)
 .bss.hadc1     0x200001a0       0x48 ./Core/Src/main.o
                0x200001a0                hadc1
 .bss.hspi1     0x200001e8       0x58 ./Core/Src/main.o
                0x200001e8                hspi1
 .bss.htim2     0x20000240       0x48 ./Core/Src/main.o
                0x20000240                htim2
 .bss.htim3     0x20000288       0x48 ./Core/Src/main.o
                0x20000288                htim3
 .bss.htim4     0x200002d0       0x48 ./Core/Src/main.o
                0x200002d0                htim4
 .bss.huart1    0x20000318       0x48 ./Core/Src/main.o
                0x20000318                huart1
 .bss.huart2    0x20000360       0x48 ./Core/Src/main.o
                0x20000360                huart2
 .bss.midi_sendHandle
                0x200003a8        0x4 ./Core/Src/main.o
                0x200003a8                midi_sendHandle
 .bss.other_tasksHandle
                0x200003ac        0x4 ./Core/Src/main.o
                0x200003ac                other_tasksHandle
 .bss.midi_rx_buff
                0x200003b0        0x3 ./Core/Src/main.o
                0x200003b0                midi_rx_buff
 *fill*         0x200003b3        0x1 
 .bss.screen_driver_Buffer
                0x200003b4      0x800 ./Core/Src/screen_driver.o
 .bss.screen_driver
                0x20000bb4        0x6 ./Core/Src/screen_driver.o
 *fill*         0x20000bba        0x2 
 .bss.htim1     0x20000bbc       0x48 ./Core/Src/stm32f4xx_hal_timebase_tim.o
                0x20000bbc                htim1
 .bss.__sbrk_heap_end
                0x20000c04        0x4 ./Core/Src/sysmem.o
 .bss.uwTick    0x20000c08        0x4 ./Drivers/STM32F4xx_HAL_Driver/stm32f4xx_hal.o
                0x20000c08                uwTick
 .bss.KernelState
                0x20000c0c        0x4 ./Middlewares/FreeRTOS/cmsis_os2.o
 .bss.Idle_TCB.3
                0x20000c10       0xa8 ./Middlewares/FreeRTOS/cmsis_os2.o
 .bss.Idle_Stack.2
                0x20000cb8      0x200 ./Middlewares/FreeRTOS/cmsis_os2.o
 .bss.Timer_TCB.1
                0x20000eb8       0xa8 ./Middlewares/FreeRTOS/cmsis_os2.o
 .bss.Timer_Stack.0
                0x20000f60      0x400 ./Middlewares/FreeRTOS/cmsis_os2.o
 .bss.ucHeap    0x20001360     0x3c00 ./Middlewares/FreeRTOS/heap_4.o
 .bss.xStart    0x20004f60        0x8 ./Middlewares/FreeRTOS/heap_4.o
 .bss.pxEnd     0x20004f68        0x4 ./Middlewares/FreeRTOS/heap_4.o
 .bss.xFreeBytesRemaining
                0x20004f6c        0x4 ./Middlewares/FreeRTOS/heap_4.o
 .bss.xMinimumEverFreeBytesRemaining
                0x20004f70        0x4 ./Middlewares/FreeRTOS/heap_4.o
 .bss.xNumberOfSuccessfulAllocations
                0x20004f74        0x4 ./Middlewares/FreeRTOS/heap_4.o
 .bss.xNumberOfSuccessfulFrees
                0x20004f78        0x4 ./Middlewares/FreeRTOS/heap_4.o
 .bss.xBlockAllocatedBit
                0x20004f7c        0x4 ./Middlewares/FreeRTOS/heap_4.o
 .bss.ucMaxSysCallPriority
                0x20004f80        0x1 ./Middlewares/FreeRTOS/port.o
 *fill*         0x20004f81        0x3 
 .bss.ulMaxPRIGROUPValue
                0x20004f84        0x4 ./Middlewares/FreeRTOS/port.o
 .bss.xQueueRegistry
                0x20004f88       0x40 ./Middlewares/FreeRTOS/queue.o
                0x20004f88                xQueueRegistry
 .bss.pxCurrentTCB
                0x20004fc8        0x4 ./Middlewares/FreeRTOS/tasks.o
                0x20004fc8                pxCurrentTCB
 .bss.pxReadyTasksLists
                0x20004fcc      0x460 ./Middlewares/FreeRTOS/tasks.o
 .bss.xDelayedTaskList1
                0x2000542c       0x14 ./Middlewares/FreeRTOS/tasks.o
 .bss.xDelayedTaskList2
                0x20005440       0x14 ./Middlewares/FreeRTOS/tasks.o
 .bss.pxDelayedTaskList
                0x20005454        0x4 ./Middlewares/FreeRTOS/tasks.o
 .bss.pxOverflowDelayedTaskList
                0x20005458        0x4 ./Middlewares/FreeRTOS/tasks.o
 .bss.xPendingReadyList
                0x2000545c       0x14 ./Middlewares/FreeRTOS/tasks.o
 .bss.xTasksWaitingTermination
                0x20005470       0x14 ./Middlewares/FreeRTOS/tasks.o
 .bss.uxDeletedTasksWaitingCleanUp
                0x20005484        0x4 ./Middlewares/FreeRTOS/tasks.o
 .bss.xSuspendedTaskList
                0x20005488       0x14 ./Middlewares/FreeRTOS/tasks.o
 .bss.uxCurrentNumberOfTasks
                0x2000549c        0x4 ./Middlewares/FreeRTOS/tasks.o
 .bss.xTickCount
                0x200054a0        0x4 ./Middlewares/FreeRTOS/tasks.o
 .bss.uxTopReadyPriority
                0x200054a4        0x4 ./Middlewares/FreeRTOS/tasks.o
 .bss.xSchedulerRunning
                0x200054a8        0x4 ./Middlewares/FreeRTOS/tasks.o
 .bss.xPendedTicks
                0x200054ac        0x4 ./Middlewares/FreeRTOS/tasks.o
 .bss.xYieldPending
                0x200054b0        0x4 ./Middlewares/FreeRTOS/tasks.o
 .bss.xNumOfOverflows
                0x200054b4        0x4 ./Middlewares/FreeRTOS/tasks.o
 .bss.uxTaskNumber
                0x200054b8        0x4 ./Middlewares/FreeRTOS/tasks.o
 .bss.xNextTaskUnblockTime
                0x200054bc        0x4 ./Middlewares/FreeRTOS/tasks.o
 .bss.xIdleTaskHandle
                0x200054c0        0x4 ./Middlewares/FreeRTOS/tasks.o
 .bss.uxSchedulerSuspended
                0x200054c4        0x4 ./Middlewares/FreeRTOS/tasks.o
 .bss.xActiveTimerList1
                0x200054c8       0x14 ./Middlewares/FreeRTOS/timers.o
 .bss.xActiveTimerList2
                0x200054dc       0x14 ./Middlewares/FreeRTOS/timers.o
 .bss.pxCurrentTimerList
                0x200054f0        0x4 ./Middlewares/FreeRTOS/timers.o
 .bss.pxOverflowTimerList
                0x200054f4        0x4 ./Middlewares/FreeRTOS/timers.o
 .bss.xTimerQueue
                0x200054f8        0x4 ./Middlewares/FreeRTOS/timers.o
 .bss.xTimerTaskHandle
                0x200054fc        0x4 ./Middlewares/FreeRTOS/timers.o
 .bss.xLastTime.2
                0x20005500        0x4 ./Middlewares/FreeRTOS/timers.o
 .bss.ucStaticTimerQueueStorage.1
                0x20005504       0xa0 ./Middlewares/FreeRTOS/timers.o
 .bss.xStaticTimerQueue.0
                0x200055a4       0x50 ./Middlewares/FreeRTOS/timers.o
 .bss.cfgidx.0  0x200055f4        0x1 ./Middlewares/USB_Device_Library/usbd_ctlreq.o
 *fill*         0x200055f5        0x3 
 .bss.hUsbDeviceFS
                0x200055f8      0x2dc ./USB_DEVICE/App/usb_device.o
                0x200055f8                hUsbDeviceFS
 .bss.USBD_StrDesc
                0x200058d4      0x200 ./USB_DEVICE/App/usbd_desc.o
                0x200058d4                USBD_StrDesc
 .bss.hpcd_USB_OTG_FS
                0x20005ad4      0x4e4 ./USB_DEVICE/Target/usbd_conf.o
                0x20005ad4                hpcd_USB_OTG_FS
 .bss.mem.0     0x20005fb8       0x14 ./USB_DEVICE/Target/usbd_conf.o
 .bss.__sf      0x20005fcc      0x138 C:/ST/STM32CubeIDE_1.17.0/STM32CubeIDE/plugins/com.st.stm32cube.ide.mcu.externaltools.gnu-tools-for-stm32.13.3.rel1.win32_1.0.0.202411081344/tools/bin/../lib/gcc/arm-none-eabi/13.3.1/../../../../arm-none-eabi/lib/thumb/v7e-m+fp/hard\libc_nano.a(libc_a-findfp.o)
                0x20005fcc                __sf
 .bss.errno     0x20006104        0x4 C:/ST/STM32CubeIDE_1.17.0/STM32CubeIDE/plugins/com.st.stm32cube.ide.mcu.externaltools.gnu-tools-for-stm32.13.3.rel1.win32_1.0.0.202411081344/tools/bin/../lib/gcc/arm-none-eabi/13.3.1/../../../../arm-none-eabi/lib/thumb/v7e-m+fp/hard\libc_nano.a(libc_a-reent.o)
                0x20006104                errno
 .bss.__lock___malloc_recursive_mutex
                0x20006108        0x1 C:/ST/STM32CubeIDE_1.17.0/STM32CubeIDE/plugins/com.st.stm32cube.ide.mcu.externaltools.gnu-tools-for-stm32.13.3.rel1.win32_1.0.0.202411081344/tools/bin/../lib/gcc/arm-none-eabi/13.3.1/../../../../arm-none-eabi/lib/thumb/v7e-m+fp/hard\libc_nano.a(libc_a-lock.o)
                0x20006108                __lock___malloc_recursive_mutex
 *fill*         0x20006109        0x3 
 .bss.__malloc_sbrk_start
                0x2000610c        0x4 C:/ST/STM32CubeIDE_1.17.0/STM32CubeIDE/plugins/com.st.stm32cube.ide.mcu.externaltools.gnu-tools-for-stm32.13.3.rel1.win32_1.0.0.202411081344/tools/bin/../lib/gcc/arm-none-eabi/13.3.1/../../../../arm-none-eabi/lib/thumb/v7e-m+fp/hard\libc_nano.a(libc_a-mallocr.o)
                0x2000610c                __malloc_sbrk_start
 .bss.__malloc_free_list
                0x20006110        0x4 C:/ST/STM32CubeIDE_1.17.0/STM32CubeIDE/plugins/com.st.stm32cube.ide.mcu.externaltools.gnu-tools-for-stm32.13.3.rel1.win32_1.0.0.202411081344/tools/bin/../lib/gcc/arm-none-eabi/13.3.1/../../../../arm-none-eabi/lib/thumb/v7e-m+fp/hard\libc_nano.a(libc_a-mallocr.o)
                0x20006110                __malloc_free_list
 *(COMMON)
                0x20006114                        . = ALIGN (0x4)
                0x20006114                        _ebss = .
                0x20006114                        __bss_end__ = _ebss

._user_heap_stack
                0x20006114      0x604 load address 0x0800f398
                0x20006118                        . = ALIGN (0x8)
 *fill*         0x20006114        0x4 
                [!provide]                        PROVIDE (end = .)
                0x20006118                        PROVIDE (_end = .)
                0x20006318                        . = (. + _Min_Heap_Size)
 *fill*         0x20006118      0x200 