Archive member included to satisfy reference by file (symbol)

C:/ST/STM32CubeIDE_1.17.0/STM32CubeIDE/plugins/com.st.stm32cube.ide.mcu.externaltools.gnu-tools-for-stm32.13.3.rel1.win32_1.0.0.202411081344/tools/bin/../lib/gcc/arm-none-eabi/13.3.1/../../../../arm-none-eabi/lib/thumb/v7e-m+fp/hard\libc_nano.a(libc_a-exit.o)
                              C:/ST/STM32CubeIDE_1.17.0/STM32CubeIDE/plugins/com.st.stm32cube.ide.mcu.externaltools.gnu-tools-for-stm32.13.3.rel1.win32_1.0.0.202411081344/tools/bin/../lib/gcc/arm-none-eabi/13.3.1/../../../../arm-none-eabi/lib/thumb/v7e-m+fp/hard/crt0.o (exit)
C:/ST/STM32CubeIDE_1.17.0/STM32CubeIDE/plugins/com.st.stm32cube.ide.mcu.externaltools.gnu-tools-for-stm32.13.3.rel1.win32_1.0.0.202411081344/tools/bin/../lib/gcc/arm-none-eabi/13.3.1/../../../../arm-none-eabi/lib/thumb/v7e-m+fp/hard\libc_nano.a(libc_a-itoa.o)
                              ./Core/Src/debug.o (itoa)
C:/ST/STM32CubeIDE_1.17.0/STM32CubeIDE/plugins/com.st.stm32cube.ide.mcu.externaltools.gnu-tools-for-stm32.13.3.rel1.win32_1.0.0.202411081344/tools/bin/../lib/gcc/arm-none-eabi/13.3.1/../../../../arm-none-eabi/lib/thumb/v7e-m+fp/hard\libc_nano.a(libc_a-utoa.o)
                              C:/ST/STM32CubeIDE_1.17.0/STM32CubeIDE/plugins/com.st.stm32cube.ide.mcu.externaltools.gnu-tools-for-stm32.13.3.rel1.win32_1.0.0.202411081344/tools/bin/../lib/gcc/arm-none-eabi/13.3.1/../../../../arm-none-eabi/lib/thumb/v7e-m+fp/hard\libc_nano.a(libc_a-itoa.o) (__utoa)
C:/ST/STM32CubeIDE_1.17.0/STM32CubeIDE/plugins/com.st.stm32cube.ide.mcu.externaltools.gnu-tools-for-stm32.13.3.rel1.win32_1.0.0.202411081344/tools/bin/../lib/gcc/arm-none-eabi/13.3.1/../../../../arm-none-eabi/lib/thumb/v7e-m+fp/hard\libc_nano.a(libc_a-findfp.o)
                              ./Middlewares/FreeRTOS/tasks.o (__sf)
C:/ST/STM32CubeIDE_1.17.0/STM32CubeIDE/plugins/com.st.stm32cube.ide.mcu.externaltools.gnu-tools-for-stm32.13.3.rel1.win32_1.0.0.202411081344/tools/bin/../lib/gcc/arm-none-eabi/13.3.1/../../../../arm-none-eabi/lib/thumb/v7e-m+fp/hard\libc_nano.a(libc_a-fwalk.o)
                              C:/ST/STM32CubeIDE_1.17.0/STM32CubeIDE/plugins/com.st.stm32cube.ide.mcu.externaltools.gnu-tools-for-stm32.13.3.rel1.win32_1.0.0.202411081344/tools/bin/../lib/gcc/arm-none-eabi/13.3.1/../../../../arm-none-eabi/lib/thumb/v7e-m+fp/hard\libc_nano.a(libc_a-findfp.o) (_fwalk_sglue)
C:/ST/STM32CubeIDE_1.17.0/STM32CubeIDE/plugins/com.st.stm32cube.ide.mcu.externaltools.gnu-tools-for-stm32.13.3.rel1.win32_1.0.0.202411081344/tools/bin/../lib/gcc/arm-none-eabi/13.3.1/../../../../arm-none-eabi/lib/thumb/v7e-m+fp/hard\libc_nano.a(libc_a-snprintf.o)
                              ./Core/Src/midi_modify.o (snprintf)
C:/ST/STM32CubeIDE_1.17.0/STM32CubeIDE/plugins/com.st.stm32cube.ide.mcu.externaltools.gnu-tools-for-stm32.13.3.rel1.win32_1.0.0.202411081344/tools/bin/../lib/gcc/arm-none-eabi/13.3.1/../../../../arm-none-eabi/lib/thumb/v7e-m+fp/hard\libc_nano.a(libc_a-sprintf.o)
                              ./Core/Src/debug.o (sprintf)
C:/ST/STM32CubeIDE_1.17.0/STM32CubeIDE/plugins/com.st.stm32cube.ide.mcu.externaltools.gnu-tools-for-stm32.13.3.rel1.win32_1.0.0.202411081344/tools/bin/../lib/gcc/arm-none-eabi/13.3.1/../../../../arm-none-eabi/lib/thumb/v7e-m+fp/hard\libc_nano.a(libc_a-stdio.o)
                              C:/ST/STM32CubeIDE_1.17.0/STM32CubeIDE/plugins/com.st.stm32cube.ide.mcu.externaltools.gnu-tools-for-stm32.13.3.rel1.win32_1.0.0.202411081344/tools/bin/../lib/gcc/arm-none-eabi/13.3.1/../../../../arm-none-eabi/lib/thumb/v7e-m+fp/hard\libc_nano.a(libc_a-findfp.o) (__sread)
C:/ST/STM32CubeIDE_1.17.0/STM32CubeIDE/plugins/com.st.stm32cube.ide.mcu.externaltools.gnu-tools-for-stm32.13.3.rel1.win32_1.0.0.202411081344/tools/bin/../lib/gcc/arm-none-eabi/13.3.1/../../../../arm-none-eabi/lib/thumb/v7e-m+fp/hard\libc_nano.a(libc_a-memset.o)
                              C:/ST/STM32CubeIDE_1.17.0/STM32CubeIDE/plugins/com.st.stm32cube.ide.mcu.externaltools.gnu-tools-for-stm32.13.3.rel1.win32_1.0.0.202411081344/tools/bin/../lib/gcc/arm-none-eabi/13.3.1/../../../../arm-none-eabi/lib/thumb/v7e-m+fp/hard/crt0.o (memset)
C:/ST/STM32CubeIDE_1.17.0/STM32CubeIDE/plugins/com.st.stm32cube.ide.mcu.externaltools.gnu-tools-for-stm32.13.3.rel1.win32_1.0.0.202411081344/tools/bin/../lib/gcc/arm-none-eabi/13.3.1/../../../../arm-none-eabi/lib/thumb/v7e-m+fp/hard\libc_nano.a(libc_a-closer.o)
                              C:/ST/STM32CubeIDE_1.17.0/STM32CubeIDE/plugins/com.st.stm32cube.ide.mcu.externaltools.gnu-tools-for-stm32.13.3.rel1.win32_1.0.0.202411081344/tools/bin/../lib/gcc/arm-none-eabi/13.3.1/../../../../arm-none-eabi/lib/thumb/v7e-m+fp/hard\libc_nano.a(libc_a-stdio.o) (_close_r)
C:/ST/STM32CubeIDE_1.17.0/STM32CubeIDE/plugins/com.st.stm32cube.ide.mcu.externaltools.gnu-tools-for-stm32.13.3.rel1.win32_1.0.0.202411081344/tools/bin/../lib/gcc/arm-none-eabi/13.3.1/../../../../arm-none-eabi/lib/thumb/v7e-m+fp/hard\libc_nano.a(libc_a-reent.o)
[...]
Memory Configuration

Name             Origin             Length             Attributes
RAM              0x20000000         0x00020000         xrw
FLASH            0x08000000         0x00080000         xr
*default*        0x00000000         0xffffffff

Linker script and memory map

LOAD C:/ST/STM32CubeIDE_1.17.0/STM32CubeIDE/plugins/com.st.stm32cube.ide.mcu.externaltools.gnu-tools-for-stm32.13.3.rel1.win32_1.0.0.202411081344/tools/bin/../lib/gcc/arm-none-eabi/13.3.1/thumb/v7e-m+fp/hard/crti.o
LOAD C:/ST/STM32CubeIDE_1.17.0/STM32CubeIDE/plugins/com.st.stm32cube.ide.mcu.externaltools.gnu-tools-for-stm32.13.3.rel1.win32_1.0.0.202411081344/tools/bin/../lib/gcc/arm-none-eabi/13.3.1/thumb/v7e-m+fp/hard/crtbegin.o
LOAD C:/ST/STM32CubeIDE_1.17.0/STM32CubeIDE/plugins/com.st.stm32cube.ide.mcu.externaltools.gnu-tools-for-stm32.13.3.rel1.win32_1.0.0.202411081344/tools/bin/../lib/gcc/arm-none-eabi/13.3.1/../../../../arm-none-eabi/lib/thumb/v7e-m+fp/hard/crt0.o
LOAD ./Core/Src/debug.o
LOAD ./Core/Src/display.o
LOAD ./Core/Src/freertos.o
LOAD ./Core/Src/main.o
LOAD ./Core/Src/menu.o
LOAD ./Core/Src/midi_modify.o
LOAD ./Core/Src/midi_tempo.o
LOAD ./Core/Src/screen_driver.o
LOAD ./Core/Src/screen_driver_fonts.o
LOAD ./Core/Src/stm32f4xx_hal_msp.o
LOAD ./Core/Src/stm32f4xx_hal_timebase_tim.o
LOAD ./Core/Src/stm32f4xx_it.o
LOAD ./Core/Src/syscalls.o
LOAD ./Core/Src/sysmem.o
LOAD ./Core/Src/system_stm32f4xx.o
LOAD ./Core/Startup/startup_stm32f411ceux.o
LOAD ./Drivers/STM32F4xx_HAL_Driver/stm32f4xx_hal.o
LOAD ./Drivers/STM32F4xx_HAL_Driver/stm32f4xx_hal_cortex.o
LOAD ./Drivers/STM32F4xx_HAL_Driver/stm32f4xx_hal_dma.o
LOAD ./Drivers/STM32F4xx_HAL_Driver/stm32f4xx_hal_dma_ex.o
LOAD ./Drivers/STM32F4xx_HAL_Driver/stm32f4xx_hal_exti.o
LOAD ./Drivers/STM32F4xx_HAL_Driver/stm32f4xx_hal_flash.o
LOAD ./Drivers/STM32F4xx_HAL_Driver/stm32f4xx_hal_flash_ex.o
LOAD ./Drivers/STM32F4xx_HAL_Driver/stm32f4xx_hal_flash_ramfunc.o
LOAD ./Drivers/STM32F4xx_HAL_Driver/stm32f4xx_hal_gpio.o
LOAD ./Drivers/STM32F4xx_HAL_Driver/stm32f4xx_hal_i2c.o
LOAD ./Drivers/STM32F4xx_HAL_Driver/stm32f4xx_hal_i2c_ex.o
LOAD ./Drivers/STM32F4xx_HAL_Driver/stm32f4xx_hal_pcd.o
LOAD ./Drivers/STM32F4xx_HAL_Driver/stm32f4xx_hal_pcd_ex.o
LOAD ./Drivers/STM32F4xx_HAL_Driver/stm32f4xx_hal_pwr.o
LOAD ./Drivers/STM32F4xx_HAL_Driver/stm32f4xx_hal_pwr_ex.o
LOAD ./Drivers/STM32F4xx_HAL_Driver/stm32f4xx_hal_rcc.o
LOAD ./Drivers/STM32F4xx_HAL_Driver/stm32f4xx_hal_rcc_ex.o
LOAD ./Drivers/STM32F4xx_HAL_Driver/stm32f4xx_hal_tim.o
LOAD ./Drivers/STM32F4xx_HAL_Driver/stm32f4xx_hal_tim_ex.o
LOAD ./Drivers/STM32F4xx_HAL_Driver/stm32f4xx_hal_uart.o
LOAD ./Drivers/STM32F4xx_HAL_Driver/stm32f4xx_ll_usb.o
LOAD ./Middlewares/FreeRTOS/cmsis_os2.o
LOAD ./Middlewares/FreeRTOS/croutine.o
LOAD ./Middlewares/FreeRTOS/event_groups.o
LOAD ./Middlewares/FreeRTOS/heap_4.o
LOAD ./Middlewares/FreeRTOS/list.o
LOAD ./Middlewares/FreeRTOS/port.o
LOAD ./Middlewares/FreeRTOS/queue.o
LOAD ./Middlewares/FreeRTOS/stream_buffer.o
LOAD ./Middlewares/FreeRTOS/tasks.o
LOAD ./Middlewares/FreeRTOS/timers.o
LOAD ./Middlewares/USB_Device_Library/usbd_core.o
LOAD ./Middlewares/USB_Device_Library/usbd_ctlreq.o
LOAD ./Middlewares/USB_Device_Library/usbd_hid.o
LOAD ./Middlewares/USB_Device_Library/usbd_ioreq.o
LOAD ./USB_DEVICE/App/usb_device.o
LOAD ./USB_DEVICE/App/usbd_desc.o
LOAD ./USB_DEVICE/Target/usbd_conf.o
START GROUP
LOAD C:/ST/STM32CubeIDE_1.17.0/STM32CubeIDE/plugins/com.st.stm32cube.ide.mcu.externaltools.gnu-tools-for-stm32.13.3.rel1.win32_1.0.0.202411081344/tools/bin/../lib/gcc/arm-none-eabi/13.3.1/../../../../arm-none-eabi/lib/thumb/v7e-m+fp/hard\libc_nano.a
LOAD C:/ST/STM32CubeIDE_1.17.0/STM32CubeIDE/plugins/com.st.stm32cube.ide.mcu.externaltools.gnu-tools-for-stm32.13.3.rel1.win32_1.0.0.202411081344/tools/bin/../lib/gcc/arm-none-eabi/13.3.1/../../../../arm-none-eabi/lib/thumb/v7e-m+fp/hard\libm.a
END GROUP
START GROUP
LOAD C:/ST/STM32CubeIDE_1.17.0/STM32CubeIDE/plugins/com.st.stm32cube.ide.mcu.externaltools.gnu-tools-for-stm32.13.3.rel1.win32_1.0.0.202411081344/tools/bin/../lib/gcc/arm-none-eabi/13.3.1/thumb/v7e-m+fp/hard\libgcc.a
LOAD C:/ST/STM32CubeIDE_1.17.0/STM32CubeIDE/plugins/com.st.stm32cube.ide.mcu.externaltools.gnu-tools-for-stm32.13.3.rel1.win32_1.0.0.202411081344/tools/bin/../lib/gcc/arm-none-eabi/13.3.1/../../../../arm-none-eabi/lib/thumb/v7e-m+fp/hard\libc_nano.a
END GROUP
START GROUP
LOAD C:/ST/STM32CubeIDE_1.17.0/STM32CubeIDE/plugins/com.st.stm32cube.ide.mcu.externaltools.gnu-tools-for-stm32.13.3.rel1.win32_1.0.0.202411081344/tools/bin/../lib/gcc/arm-none-eabi/13.3.1/thumb/v7e-m+fp/hard\libgcc.a
LOAD C:/ST/STM32CubeIDE_1.17.0/STM32CubeIDE/plugins/com.st.stm32cube.ide.mcu.externaltools.gnu-tools-for-stm32.13.3.rel1.win32_1.0.0.202411081344/tools/bin/../lib/gcc/arm-none-eabi/13.3.1/../../../../arm-none-eabi/lib/thumb/v7e-m+fp/hard\libc_nano.a
LOAD C:/ST/STM32CubeIDE_1.17.0/STM32CubeIDE/plugins/com.st.stm32cube.ide.mcu.externaltools.gnu-tools-for-stm32.13.3.rel1.win32_1.0.0.202411081344/tools/bin/../lib/gcc/arm-none-eabi/13.3.1/../../../../arm-none-eabi/lib/thumb/v7e-m+fp/hard\libnosys.a
END GROUP
START GROUP
LOAD C:/ST/STM32CubeIDE_1.17.0/STM32CubeIDE/plugins/com.st.stm32cube.ide.mcu.externaltools.gnu-tools-for-stm32.13.3.rel1.win32_1.0.0.202411081344/tools/bin/../lib/gcc/arm-none-eabi/13.3.1/thumb/v7e-m+fp/hard\libgcc.a
LOAD C:/ST/STM32CubeIDE_1.17.0/STM32CubeIDE/plugins/com.st.stm32cube.ide.mcu.externaltools.gnu-tools-for-stm32.13.3.rel1.win32_1.0.0.202411081344/tools/bin/../lib/gcc/arm-none-eabi/13.3.1/../../../../arm-none-eabi/lib/thumb/v7e-m+fp/hard\libc_nano.a
LOAD C:/ST/STM32CubeIDE_1.17.0/STM32CubeIDE/plugins/com.st.stm32cube.ide.mcu.externaltools.gnu-tools-for-stm32.13.3.rel1.win32_1.0.0.202411081344/tools/bin/../lib/gcc/arm-none-eabi/13.3.1/../../../../arm-none-eabi/lib/thumb/v7e-m+fp/hard\libnosys.a
END GROUP
LOAD C:/ST/STM32CubeIDE_1.17.0/STM32CubeIDE/plugins/com.st.stm32cube.ide.mcu.externaltools.gnu-tools-for-stm32.13.3.rel1.win32_1.0.0.202411081344/tools/bin/../lib/gcc/arm-none-eabi/13.3.1/thumb/v7e-m+fp/hard/crtend.o
LOAD C:/ST/STM32CubeIDE_1.17.0/STM32CubeIDE/plugins/com.st.stm32cube.ide.mcu.externaltools.gnu-tools-for-stm32.13.3.rel1.win32_1.0.0.202411081344/tools/bin/../lib/gcc/arm-none-eabi/13.3.1/thumb/v7e-m+fp/hard/crtn.o
                0x20020000                        _estack = (ORIGIN (RAM) + LENGTH (RAM))
                0x00000200                        _Min_Heap_Size = 0x200
                0x00000400                        _Min_Stack_Size = 0x400

.isr_vector     0x08000000      0x198
                0x08000000                        . = ALIGN (0x4)
 *(.isr_vector)
 .isr_vector    0x08000000      0x198 ./Core/Startup/startup_stm32f411ceux.o
                0x08000000                g_pfnVectors
                0x08000198                        . = ALIGN (0x4)

.text           0x080001a0     0xd3dc
                0x080001a0                        . = ALIGN (0x4)
 *(.text)
 .text          0x080001a0       0x40 C:/ST/STM32CubeIDE_1.17.0/STM32CubeIDE/plugins/com.st.stm32cube.ide.mcu.externaltools.gnu-tools-for-stm32.13.3.rel1.win32_1.0.0.202411081344/tools/bin/../lib/gcc/arm-none-eabi/13.3.1/thumb/v7e-m+fp/hard/crtbegin.o
 .text          0x080001e0       0xa0 C:/ST/STM32CubeIDE_1.17.0/STM32CubeIDE/plugins/com.st.stm32cube.ide.mcu.externaltools.gnu-tools-for-stm32.13.3.rel1.win32_1.0.0.202411081344/tools/bin/../lib/gcc/arm-none-eabi/13.3.1/../../../../arm-none-eabi/lib/thumb/v7e-m+fp/hard\libc_nano.a(libc_a-memchr.o)
                0x080001e0                memchr
 .text          0x08000280       0x30 C:/ST/STM32CubeIDE_1.17.0/STM32CubeIDE/plugins/com.st.stm32cube.ide.mcu.externaltools.gnu-tools-for-stm32.13.3.rel1.win32_1.0.0.202411081344/tools/bin/../lib/gcc/arm-none-eabi/13.3.1/thumb/v7e-m+fp/hard\libgcc.a(_aeabi_uldivmod.o)
                0x08000280                __aeabi_uldivmod
 .text          0x080002b0      0x2f8 C:/ST/STM32CubeIDE_1.17.0/STM32CubeIDE/plugins/com.st.stm32cube.ide.mcu.externaltools.gnu-tools-for-stm32.13.3.rel1.win32_1.0.0.202411081344/tools/bin/../lib/gcc/arm-none-eabi/13.3.1/thumb/v7e-m+fp/hard\libgcc.a(_udivmoddi4.o)
                0x080002b0                __udivmoddi4
 .text          0x080005a8        0x4 C:/ST/STM32CubeIDE_1.17.0/STM32CubeIDE/plugins/com.st.stm32cube.ide.mcu.externaltools.gnu-tools-for-stm32.13.3.rel1.win32_1.0.0.202411081344/tools/bin/../lib/gcc/arm-none-eabi/13.3.1/thumb/v7e-m+fp/hard\libgcc.a(_dvmd_tls.o)
                0x080005a8                __aeabi_idiv0
                0x080005a8                __aeabi_ldiv0
 *(.text*)
 .text.main     0x080005ac       0xb0 ./Core/Src/main.o
                0x080005ac                main
 .text.SystemClock_Config
                0x0800065c       0xd0 ./Core/Src/main.o
                0x0800065c                SystemClock_Config
 .text.MX_I2C1_Init
                0x0800072c       0x5c ./Core/Src/main.o
 .text.MX_TIM2_Init
                0x08000788       0x9c ./Core/Src/main.o
 .text.MX_TIM3_Init
                0x08000824       0xac ./Core/Src/main.o
 .text.MX_TIM4_Init
                0x080008d0       0xac ./Core/Src/main.o
 .text.MX_USART1_UART_Init
                0x0800097c       0x54 ./Core/Src/main.o
 .text.MX_USART2_UART_Init
                0x080009d0       0x54 ./Core/Src/main.o
 .text.MX_GPIO_Init
                0x08000a24       0xc8 ./Core/Src/main.o
 .text.HAL_GPIO_EXTI_Callback
                0x08000aec       0x74 ./Core/Src/main.o
                0x08000aec                HAL_GPIO_EXTI_Callback
 .text.HAL_UART_RxCpltCallback
                0x08000b60       0x34 ./Core/Src/main.o
                0x08000b60                HAL_UART_RxCpltCallback
 .text.StartDefaultTask
                0x08000b94       0x14 ./Core/Src/main.o
                0x08000b94                StartDefaultTask
 .text.StartTask02
                0x08000ba8       0xf4 ./Core/Src/main.o
                0x08000ba8                StartTask02
 .text.HAL_TIM_PeriodElapsedCallback
                0x08000c9c       0x5c ./Core/Src/main.o
                0x08000c9c                HAL_TIM_PeriodElapsedCallback
 .text.Error_Handler
                0x08000cf8        0xc ./Core/Src/main.o
                0x08000cf8                Error_Handler
 .text.menu_display
                0x08000d04       0x3c ./Core/Src/menu.o
                0x08000d04                menu_display
 .text.menu_change
                0x08000d40       0x3a ./Core/Src/menu.o
                0x08000d40                menu_change
 *fill*         0x08000d7a        0x2 
 .text.display_incoming_midi
                0x08000d7c       0x9c ./Core/Src/midi_modify.o
                0x08000d7c                display_incoming_midi
 .text.send_midi_to_midi_out
                0x08000e18       0x60 ./Core/Src/midi_tempo.o
                0x08000e18                send_midi_to_midi_out
 .text.mt_press_btn3
                0x08000e78       0x60 ./Core/Src/midi_tempo.o
                0x08000e78                mt_press_btn3
 .text.mt_press_btn4
                0x08000ed8       0x60 ./Core/Src/midi_tempo.o
                0x08000ed8                mt_press_btn4
 .text.midi_tempo_counter
                0x08000f38       0xdc ./Core/Src/midi_tempo.o
                0x08000f38                midi_tempo_counter
 .text.screen_driver_Reset
                0x08001014        0xe ./Core/Src/screen_driver.o
                0x08001014                screen_driver_Reset
 *fill*         0x08001022        0x2 
 .text.screen_driver_WriteCommand
                0x08001024       0x30 ./Core/Src/screen_driver.o
                0x08001024                screen_driver_WriteCommand
 .text.screen_driver_WriteData
                0x08001054       0x34 ./Core/Src/screen_driver.o
                0x08001054                screen_driver_WriteData
 .text.screen_driver_Init
                0x08001088       0xdc ./Core/Src/screen_driver.o
                0x08001088                screen_driver_Init
 .text.screen_driver_Fill
                0x08001164       0x30 ./Core/Src/screen_driver.o
                0x08001164                screen_driver_Fill
 .text.screen_driver_UpdateScreen
                0x08001194       0x50 ./Core/Src/screen_driver.o
                0x08001194                screen_driver_UpdateScreen
 .text.screen_driver_DrawPixel
                0x080011e4       0xa8 ./Core/Src/screen_driver.o
                0x080011e4                screen_driver_DrawPixel
 .text.screen_driver_WriteChar
                0x0800128c      0x120 ./Core/Src/screen_driver.o
                0x0800128c                screen_driver_WriteChar
 .text.screen_driver_WriteString
                0x080013ac       0x4c ./Core/Src/screen_driver.o
                0x080013ac                screen_driver_WriteString
 .text.screen_driver_SetCursor
                0x080013f8       0x30 ./Core/Src/screen_driver.o
                0x080013f8                screen_driver_SetCursor
 .text.screen_driver_Line
                0x08001428       0xd8 ./Core/Src/screen_driver.o
                0x08001428                screen_driver_Line
 .text.screen_driver_SetContrast
                0x08001500       0x26 ./Core/Src/screen_driver.o
                0x08001500                screen_driver_SetContrast
 *fill*         0x08001526        0x2 
 .text.screen_driver_SetDisplayOn
                0x08001528       0x3c ./Core/Src/screen_driver.o
                0x08001528                screen_driver_SetDisplayOn
 .text.HAL_MspInit
                0x08001564       0x58 ./Core/Src/stm32f4xx_hal_msp.o
                0x08001564                HAL_MspInit
 .text.HAL_I2C_MspInit
                0x080015bc       0x90 ./Core/Src/stm32f4xx_hal_msp.o
                0x080015bc                HAL_I2C_MspInit
 .text.HAL_TIM_Base_MspInit
                0x0800164c       0x4c ./Core/Src/stm32f4xx_hal_msp.o
                0x0800164c                HAL_TIM_Base_MspInit
 .text.HAL_TIM_Encoder_MspInit
                0x08001698      0x118 ./Core/Src/stm32f4xx_hal_msp.o
                0x08001698                HAL_TIM_Encoder_MspInit
 .text.HAL_UART_MspInit
                0x080017b0      0x108 ./Core/Src/stm32f4xx_hal_msp.o
                0x080017b0                HAL_UART_MspInit
 .text.HAL_InitTick
                0x080018b8       0xe4 ./Core/Src/stm32f4xx_hal_timebase_tim.o
                0x080018b8                HAL_InitTick
 .text.NMI_Handler
                0x0800199c        0x8 ./Core/Src/stm32f4xx_it.o
                0x0800199c                NMI_Handler
 .text.HardFault_Handler
                0x080019a4        0x8 ./Core/Src/stm32f4xx_it.o
                0x080019a4                HardFault_Handler
 .text.MemManage_Handler
                0x080019ac        0x8 ./Core/Src/stm32f4xx_it.o
                0x080019ac                MemManage_Handler
 .text.BusFault_Handler
                0x080019b4        0x8 ./Core/Src/stm32f4xx_it.o
                0x080019b4                BusFault_Handler
 .text.UsageFault_Handler
                0x080019bc        0x8 ./Core/Src/stm32f4xx_it.o
                0x080019bc                UsageFault_Handler
 .text.DebugMon_Handler
                0x080019c4        0xe ./Core/Src/stm32f4xx_it.o
                0x080019c4                DebugMon_Handler
 *fill*         0x080019d2        0x2 
 .text.TIM1_UP_TIM10_IRQHandler
                0x080019d4       0x14 ./Core/Src/stm32f4xx_it.o
                0x080019d4                TIM1_UP_TIM10_IRQHandler
 .text.TIM2_IRQHandler
                0x080019e8       0x14 ./Core/Src/stm32f4xx_it.o
                0x080019e8                TIM2_IRQHandler
 .text.TIM3_IRQHandler
                0x080019fc       0x14 ./Core/Src/stm32f4xx_it.o
                0x080019fc                TIM3_IRQHandler
 .text.TIM4_IRQHandler
                0x08001a10       0x14 ./Core/Src/stm32f4xx_it.o
                0x08001a10                TIM4_IRQHandler
 .text.USART2_IRQHandler
                0x08001a24       0x14 ./Core/Src/stm32f4xx_it.o
                0x08001a24                USART2_IRQHandler
 .text.EXTI15_10_IRQHandler
                0x08001a38       0x28 ./Core/Src/stm32f4xx_it.o
                0x08001a38                EXTI15_10_IRQHandler
 .text.OTG_FS_IRQHandler
                0x08001a60       0x14 ./Core/Src/stm32f4xx_it.o
                0x08001a60                OTG_FS_IRQHandler
 .text._sbrk    0x08001a74       0x6c ./Core/Src/sysmem.o
                0x08001a74                _sbrk
 .text.SystemInit
                0x08001ae0       0x24 ./Core/Src/system_stm32f4xx.o
                0x08001ae0                SystemInit
 .text.Reset_Handler
                0x08001b04       0x50 ./Core/Startup/startup_stm32f411ceux.o
                0x08001b04                Reset_Handler
 .text.Default_Handler
                0x08001b54        0x2 ./Core/Startup/startup_stm32f411ceux.o
                0x08001b54                RTC_Alarm_IRQHandler
                0x08001b54                EXTI2_IRQHandler
                0x08001b54                SPI4_IRQHandler
                0x08001b54                TIM1_CC_IRQHandler
                0x08001b54                DMA2_Stream5_IRQHandler
                0x08001b54                DMA1_Stream5_IRQHandler
                0x08001b54                PVD_IRQHandler
                0x08001b54                SDIO_IRQHandler
                0x08001b54                TAMP_STAMP_IRQHandler
                0x08001b54                EXTI3_IRQHandler
                0x08001b54                I2C3_ER_IRQHandler
                0x08001b54                EXTI0_IRQHandler
                0x08001b54                I2C2_EV_IRQHandler
                0x08001b54                DMA1_Stream2_IRQHandler
                0x08001b54                FPU_IRQHandler
                0x08001b54                DMA2_Stream2_IRQHandler
                0x08001b54                SPI1_IRQHandler
                0x08001b54                TIM1_BRK_TIM9_IRQHandler
                0x08001b54                DMA2_Stream3_IRQHandler
                0x08001b54                USART6_IRQHandler
                0x08001b54                DMA2_Stream0_IRQHandler
                0x08001b54                I2C1_EV_IRQHandler
                0x08001b54                DMA1_Stream6_IRQHandler
                0x08001b54                DMA1_Stream1_IRQHandler
                0x08001b54                RCC_IRQHandler
                0x08001b54                Default_Handler
                0x08001b54                ADC_IRQHandler
                0x08001b54                DMA1_Stream7_IRQHandler
                0x08001b54                SPI5_IRQHandler
                0x08001b54                TIM5_IRQHandler
                0x08001b54                DMA2_Stream7_IRQHandler
                0x08001b54                I2C3_EV_IRQHandler
                0x08001b54                EXTI9_5_IRQHandler
                0x08001b54                RTC_WKUP_IRQHandler
                0x08001b54                SPI2_IRQHandler
                0x08001b54                DMA1_Stream0_IRQHandler
                0x08001b54                EXTI4_IRQHandler
                0x08001b54                WWDG_IRQHandler
                0x08001b54                OTG_FS_WKUP_IRQHandler
                0x08001b54                TIM1_TRG_COM_TIM11_IRQHandler
                0x08001b54                EXTI1_IRQHandler
                0x08001b54                I2C2_ER_IRQHandler
                0x08001b54                DMA2_Stream1_IRQHandler
                0x08001b54                FLASH_IRQHandler
                0x08001b54                DMA2_Stream4_IRQHandler
                0x08001b54                USART1_IRQHandler
                0x08001b54                SPI3_IRQHandler
                0x08001b54                DMA1_Stream4_IRQHandler
                0x08001b54                I2C1_ER_IRQHandler
                0x08001b54                DMA2_Stream6_IRQHandler
                0x08001b54                DMA1_Stream3_IRQHandler
 *fill*         0x08001b56        0x2 
 .text.HAL_Init
                0x08001b58       0x44 ./Drivers/STM32F4xx_HAL_Driver/stm32f4xx_hal.o
                0x08001b58                HAL_Init
 .text.HAL_IncTick
                0x08001b9c       0x28 ./Drivers/STM32F4xx_HAL_Driver/stm32f4xx_hal.o
                0x08001b9c                HAL_IncTick
 .text.HAL_GetTick
                0x08001bc4       0x18 ./Drivers/STM32F4xx_HAL_Driver/stm32f4xx_hal.o
                0x08001bc4                HAL_GetTick
 .text.HAL_Delay
                0x08001bdc       0x48 ./Drivers/STM32F4xx_HAL_Driver/stm32f4xx_hal.o
                0x08001bdc                HAL_Delay
 .text.__NVIC_SetPriorityGrouping
                0x08001c24       0x48 ./Drivers/STM32F4xx_HAL_Driver/stm32f4xx_hal_cortex.o
 .text.__NVIC_GetPriorityGrouping
                0x08001c6c       0x1c ./Drivers/STM32F4xx_HAL_Driver/stm32f4xx_hal_cortex.o
 .text.__NVIC_EnableIRQ
                0x08001c88       0x3c ./Drivers/STM32F4xx_HAL_Driver/stm32f4xx_hal_cortex.o
 .text.__NVIC_SetPriority
                0x08001cc4       0x54 ./Drivers/STM32F4xx_HAL_Driver/stm32f4xx_hal_cortex.o
 .text.NVIC_EncodePriority
                0x08001d18       0x66 ./Drivers/STM32F4xx_HAL_Driver/stm32f4xx_hal_cortex.o
 .text.HAL_NVIC_SetPriorityGrouping
                0x08001d7e       0x16 ./Drivers/STM32F4xx_HAL_Driver/stm32f4xx_hal_cortex.o
                0x08001d7e                HAL_NVIC_SetPriorityGrouping
 .text.HAL_NVIC_SetPriority
                0x08001d94       0x38 ./Drivers/STM32F4xx_HAL_Driver/stm32f4xx_hal_cortex.o
                0x08001d94                HAL_NVIC_SetPriority
 .text.HAL_NVIC_EnableIRQ
                0x08001dcc       0x1c ./Drivers/STM32F4xx_HAL_Driver/stm32f4xx_hal_cortex.o
                0x08001dcc                HAL_NVIC_EnableIRQ
 .text.HAL_DMA_Abort
                0x08001de8       0xe0 ./Drivers/STM32F4xx_HAL_Driver/stm32f4xx_hal_dma.o
                0x08001de8                HAL_DMA_Abort
 .text.HAL_DMA_Abort_IT
                0x08001ec8       0x44 ./Drivers/STM32F4xx_HAL_Driver/stm32f4xx_hal_dma.o
                0x08001ec8                HAL_DMA_Abort_IT
 .text.HAL_GPIO_Init
                0x08001f0c      0x308 ./Drivers/STM32F4xx_HAL_Driver/stm32f4xx_hal_gpio.o
                0x08001f0c                HAL_GPIO_Init
 .text.HAL_GPIO_EXTI_IRQHandler
                0x08002214       0x30 ./Drivers/STM32F4xx_HAL_Driver/stm32f4xx_hal_gpio.o
                0x08002214                HAL_GPIO_EXTI_IRQHandler
 .text.HAL_I2C_Init
                0x08002244      0x288 ./Drivers/STM32F4xx_HAL_Driver/stm32f4xx_hal_i2c.o
                0x08002244                HAL_I2C_Init
 .text.HAL_I2C_Mem_Write
                0x080024cc      0x1f4 ./Drivers/STM32F4xx_HAL_Driver/stm32f4xx_hal_i2c.o
                0x080024cc                HAL_I2C_Mem_Write
 .text.I2C_RequestMemoryWrite
                0x080026c0      0x12c ./Drivers/STM32F4xx_HAL_Driver/stm32f4xx_hal_i2c.o
 .text.I2C_WaitOnFlagUntilTimeout
                0x080027ec       0xf4 ./Drivers/STM32F4xx_HAL_Driver/stm32f4xx_hal_i2c.o
 .text.I2C_WaitOnMasterAddressFlagUntilTimeout
                0x080028e0      0x140 ./Drivers/STM32F4xx_HAL_Driver/stm32f4xx_hal_i2c.o
 .text.I2C_WaitOnTXEFlagUntilTimeout
                0x08002a20       0x90 ./Drivers/STM32F4xx_HAL_Driver/stm32f4xx_hal_i2c.o
 .text.I2C_WaitOnBTFFlagUntilTimeout
                0x08002ab0       0x90 ./Drivers/STM32F4xx_HAL_Driver/stm32f4xx_hal_i2c.o
 .text.I2C_IsAcknowledgeFailed
                0x08002b40       0x5e ./Drivers/STM32F4xx_HAL_Driver/stm32f4xx_hal_i2c.o
 .text.HAL_PCD_Init
                0x08002b9e      0x21e ./Drivers/STM32F4xx_HAL_Driver/stm32f4xx_hal_pcd.o
                0x08002b9e                HAL_PCD_Init
 .text.HAL_PCD_Start
                0x08002dbc       0x6a ./Drivers/STM32F4xx_HAL_Driver/stm32f4xx_hal_pcd.o
                0x08002dbc                HAL_PCD_Start
 .text.HAL_PCD_IRQHandler
                0x08002e26      0x942 ./Drivers/STM32F4xx_HAL_Driver/stm32f4xx_hal_pcd.o
                0x08002e26                HAL_PCD_IRQHandler
 .text.HAL_PCD_SetAddress
                0x08003768       0x48 ./Drivers/STM32F4xx_HAL_Driver/stm32f4xx_hal_pcd.o
                0x08003768                HAL_PCD_SetAddress
 .text.HAL_PCD_EP_Open
                0x080037b0       0xd4 ./Drivers/STM32F4xx_HAL_Driver/stm32f4xx_hal_pcd.o
                0x080037b0                HAL_PCD_EP_Open
 .text.HAL_PCD_EP_Close
                0x08003884       0x94 ./Drivers/STM32F4xx_HAL_Driver/stm32f4xx_hal_pcd.o
                0x08003884                HAL_PCD_EP_Close
 .text.HAL_PCD_EP_Receive
                0x08003918       0x76 ./Drivers/STM32F4xx_HAL_Driver/stm32f4xx_hal_pcd.o
                0x08003918                HAL_PCD_EP_Receive
 .text.HAL_PCD_EP_Transmit
                0x0800398e       0x74 ./Drivers/STM32F4xx_HAL_Driver/stm32f4xx_hal_pcd.o
                0x0800398e                HAL_PCD_EP_Transmit
 .text.HAL_PCD_EP_SetStall
                0x08003a02       0xc6 ./Drivers/STM32F4xx_HAL_Driver/stm32f4xx_hal_pcd.o
                0x08003a02                HAL_PCD_EP_SetStall
 .text.HAL_PCD_EP_ClrStall
                0x08003ac8       0xac ./Drivers/STM32F4xx_HAL_Driver/stm32f4xx_hal_pcd.o
                0x08003ac8                HAL_PCD_EP_ClrStall
 .text.HAL_PCD_EP_Abort
                0x08003b74       0x62 ./Drivers/STM32F4xx_HAL_Driver/stm32f4xx_hal_pcd.o
                0x08003b74                HAL_PCD_EP_Abort
 .text.PCD_WriteEmptyTxFifo
                0x08003bd6      0x118 ./Drivers/STM32F4xx_HAL_Driver/stm32f4xx_hal_pcd.o
 *fill*         0x08003cee        0x2 
 .text.PCD_EP_OutXfrComplete_int
                0x08003cf0      0x1d0 ./Drivers/STM32F4xx_HAL_Driver/stm32f4xx_hal_pcd.o
 .text.PCD_EP_OutSetupPacket_int
                0x08003ec0       0x8c ./Drivers/STM32F4xx_HAL_Driver/stm32f4xx_hal_pcd.o
 .text.HAL_PCDEx_SetTxFiFo
                0x08003f4c       0x8e ./Drivers/STM32F4xx_HAL_Driver/stm32f4xx_hal_pcd_ex.o
                0x08003f4c                HAL_PCDEx_SetTxFiFo
 .text.HAL_PCDEx_SetRxFiFo
                0x08003fda       0x22 ./Drivers/STM32F4xx_HAL_Driver/stm32f4xx_hal_pcd_ex.o
                0x08003fda                HAL_PCDEx_SetRxFiFo
 .text.HAL_PCDEx_LPM_Callback
                0x08003ffc       0x18 ./Drivers/STM32F4xx_HAL_Driver/stm32f4xx_hal_pcd_ex.o
                0x08003ffc                HAL_PCDEx_LPM_Callback
 .text.HAL_RCC_OscConfig
                0x08004014      0x4f0 ./Drivers/STM32F4xx_HAL_Driver/stm32f4xx_hal_rcc.o
                0x08004014                HAL_RCC_OscConfig
 .text.HAL_RCC_ClockConfig
                0x08004504      0x1cc ./Drivers/STM32F4xx_HAL_Driver/stm32f4xx_hal_rcc.o
                0x08004504                HAL_RCC_ClockConfig
 .text.HAL_RCC_GetSysClockFreq
                0x080046d0      0x18c ./Drivers/STM32F4xx_HAL_Driver/stm32f4xx_hal_rcc.o
                0x080046d0                HAL_RCC_GetSysClockFreq
 .text.HAL_RCC_GetHCLKFreq
                0x0800485c       0x18 ./Drivers/STM32F4xx_HAL_Driver/stm32f4xx_hal_rcc.o
                0x0800485c                HAL_RCC_GetHCLKFreq
 .text.HAL_RCC_GetPCLK1Freq
                0x08004874       0x28 ./Drivers/STM32F4xx_HAL_Driver/stm32f4xx_hal_rcc.o
                0x08004874                HAL_RCC_GetPCLK1Freq
 .text.HAL_RCC_GetPCLK2Freq
                0x0800489c       0x28 ./Drivers/STM32F4xx_HAL_Driver/stm32f4xx_hal_rcc.o
                0x0800489c                HAL_RCC_GetPCLK2Freq
 .text.HAL_RCC_GetClockConfig
                0x080048c4       0x64 ./Drivers/STM32F4xx_HAL_Driver/stm32f4xx_hal_rcc.o
                0x080048c4                HAL_RCC_GetClockConfig
 .text.HAL_TIM_Base_Init
                0x08004928       0x9e ./Drivers/STM32F4xx_HAL_Driver/stm32f4xx_hal_tim.o
                0x08004928                HAL_TIM_Base_Init
 *fill*         0x080049c6        0x2 
 .text.HAL_TIM_Base_Start_IT
                0x080049c8       0xc4 ./Drivers/STM32F4xx_HAL_Driver/stm32f4xx_hal_tim.o
                0x080049c8                HAL_TIM_Base_Start_IT
 .text.HAL_TIM_Base_Stop_IT
                0x08004a8c       0x5e ./Drivers/STM32F4xx_HAL_Driver/stm32f4xx_hal_tim.o
                0x08004a8c                HAL_TIM_Base_Stop_IT
 .text.HAL_TIM_Encoder_Init
                0x08004aea      0x14c ./Drivers/STM32F4xx_HAL_Driver/stm32f4xx_hal_tim.o
                0x08004aea                HAL_TIM_Encoder_Init
 .text.HAL_TIM_Encoder_Start
                0x08004c36      0x11c ./Drivers/STM32F4xx_HAL_Driver/stm32f4xx_hal_tim.o
                0x08004c36                HAL_TIM_Encoder_Start
 .text.HAL_TIM_IRQHandler
                0x08004d52      0x1e0 ./Drivers/STM32F4xx_HAL_Driver/stm32f4xx_hal_tim.o
                0x08004d52                HAL_TIM_IRQHandler
 .text.HAL_TIM_ConfigClockSource
                0x08004f32      0x18e ./Drivers/STM32F4xx_HAL_Driver/stm32f4xx_hal_tim.o
                0x08004f32                HAL_TIM_ConfigClockSource
 .text.HAL_TIM_OC_DelayElapsedCallback
                0x080050c0       0x14 ./Drivers/STM32F4xx_HAL_Driver/stm32f4xx_hal_tim.o
                0x080050c0                HAL_TIM_OC_DelayElapsedCallback
 .text.HAL_TIM_IC_CaptureCallback
                0x080050d4       0x14 ./Drivers/STM32F4xx_HAL_Driver/stm32f4xx_hal_tim.o
                0x080050d4                HAL_TIM_IC_CaptureCallback
 .text.HAL_TIM_PWM_PulseFinishedCallback
                0x080050e8       0x14 ./Drivers/STM32F4xx_HAL_Driver/stm32f4xx_hal_tim.o
                0x080050e8                HAL_TIM_PWM_PulseFinishedCallback
 .text.HAL_TIM_TriggerCallback
                0x080050fc       0x14 ./Drivers/STM32F4xx_HAL_Driver/stm32f4xx_hal_tim.o
                0x080050fc                HAL_TIM_TriggerCallback
 .text.TIM_Base_SetConfig
                0x08005110      0x118 ./Drivers/STM32F4xx_HAL_Driver/stm32f4xx_hal_tim.o
                0x08005110                TIM_Base_SetConfig
 .text.TIM_TI1_ConfigInputStage
                0x08005228       0x5e ./Drivers/STM32F4xx_HAL_Driver/stm32f4xx_hal_tim.o
 .text.TIM_TI2_ConfigInputStage
                0x08005286       0x60 ./Drivers/STM32F4xx_HAL_Driver/stm32f4xx_hal_tim.o
 .text.TIM_ITRx_SetConfig
                0x080052e6       0x36 ./Drivers/STM32F4xx_HAL_Driver/stm32f4xx_hal_tim.o
 .text.TIM_ETR_SetConfig
                0x0800531c       0x40 ./Drivers/STM32F4xx_HAL_Driver/stm32f4xx_hal_tim.o
                0x0800531c                TIM_ETR_SetConfig
 .text.TIM_CCxChannelCmd
                0x0800535c       0x4a ./Drivers/STM32F4xx_HAL_Driver/stm32f4xx_hal_tim.o
                0x0800535c                TIM_CCxChannelCmd
 *fill*         0x080053a6        0x2 
 .text.HAL_TIMEx_MasterConfigSynchronization
                0x080053a8       0xdc ./Drivers/STM32F4xx_HAL_Driver/stm32f4xx_hal_tim_ex.o
                0x080053a8                HAL_TIMEx_MasterConfigSynchronization
 .text.HAL_TIMEx_CommutCallback
                0x08005484       0x14 ./Drivers/STM32F4xx_HAL_Driver/stm32f4xx_hal_tim_ex.o
                0x08005484                HAL_TIMEx_CommutCallback
 .text.HAL_TIMEx_BreakCallback
                0x08005498       0x14 ./Drivers/STM32F4xx_HAL_Driver/stm32f4xx_hal_tim_ex.o
                0x08005498                HAL_TIMEx_BreakCallback
 .text.HAL_UART_Init
                0x080054ac       0xa0 ./Drivers/STM32F4xx_HAL_Driver/stm32f4xx_hal_uart.o
                0x080054ac                HAL_UART_Init
 .text.HAL_UART_Transmit
                0x0800554c      0x116 ./Drivers/STM32F4xx_HAL_Driver/stm32f4xx_hal_uart.o
                0x0800554c                HAL_UART_Transmit
 .text.HAL_UART_Receive_IT
                0x08005662       0x4a ./Drivers/STM32F4xx_HAL_Driver/stm32f4xx_hal_uart.o
                0x08005662                HAL_UART_Receive_IT
 .text.HAL_UART_IRQHandler
                0x080056ac      0x524 ./Drivers/STM32F4xx_HAL_Driver/stm32f4xx_hal_uart.o
                0x080056ac                HAL_UART_IRQHandler
 .text.HAL_UART_TxCpltCallback
                0x08005bd0       0x14 ./Drivers/STM32F4xx_HAL_Driver/stm32f4xx_hal_uart.o
                0x08005bd0                HAL_UART_TxCpltCallback
 .text.HAL_UART_ErrorCallback
                0x08005be4       0x14 ./Drivers/STM32F4xx_HAL_Driver/stm32f4xx_hal_uart.o
                0x08005be4                HAL_UART_ErrorCallback
 .text.HAL_UARTEx_RxEventCallback
                0x08005bf8       0x18 ./Drivers/STM32F4xx_HAL_Driver/stm32f4xx_hal_uart.o
                0x08005bf8                HAL_UARTEx_RxEventCallback
 .text.UART_WaitOnFlagUntilTimeout
                0x08005c10       0xb2 ./Drivers/STM32F4xx_HAL_Driver/stm32f4xx_hal_uart.o
 .text.UART_Start_Receive_IT
                0x08005cc2       0x74 ./Drivers/STM32F4xx_HAL_Driver/stm32f4xx_hal_uart.o
                0x08005cc2                UART_Start_Receive_IT
 .text.UART_EndRxTransfer
                0x08005d36       0xc6 ./Drivers/STM32F4xx_HAL_Driver/stm32f4xx_hal_uart.o
 .text.UART_DMAAbortOnError
                0x08005dfc       0x28 ./Drivers/STM32F4xx_HAL_Driver/stm32f4xx_hal_uart.o
 .text.UART_Transmit_IT
                0x08005e24       0xa0 ./Drivers/STM32F4xx_HAL_Driver/stm32f4xx_hal_uart.o
 .text.UART_EndTransmit_IT
                0x08005ec4       0x30 ./Drivers/STM32F4xx_HAL_Driver/stm32f4xx_hal_uart.o
 .text.UART_Receive_IT
                0x08005ef4      0x17c ./Drivers/STM32F4xx_HAL_Driver/stm32f4xx_hal_uart.o
 .text.UART_SetConfig
                0x08006070      0x4e8 ./Drivers/STM32F4xx_HAL_Driver/stm32f4xx_hal_uart.o
 .text.USB_CoreInit
                0x08006558       0xc8 ./Drivers/STM32F4xx_HAL_Driver/stm32f4xx_ll_usb.o
                0x08006558                USB_CoreInit
 .text.USB_SetTurnaroundTime
                0x08006620      0x144 ./Drivers/STM32F4xx_HAL_Driver/stm32f4xx_ll_usb.o
                0x08006620                USB_SetTurnaroundTime
 .text.USB_EnableGlobalInt
                0x08006764       0x22 ./Drivers/STM32F4xx_HAL_Driver/stm32f4xx_ll_usb.o
                0x08006764                USB_EnableGlobalInt
 .text.USB_DisableGlobalInt
                0x08006786       0x22 ./Drivers/STM32F4xx_HAL_Driver/stm32f4xx_ll_usb.o
                0x08006786                USB_DisableGlobalInt
 .text.USB_SetCurrentMode
                0x080067a8       0x98 ./Drivers/STM32F4xx_HAL_Driver/stm32f4xx_ll_usb.o
                0x080067a8                USB_SetCurrentMode
 .text.USB_DevInit
                0x08006840      0x2c8 ./Drivers/STM32F4xx_HAL_Driver/stm32f4xx_ll_usb.o
                0x08006840                USB_DevInit
 .text.USB_FlushTxFifo
                0x08006b08       0x64 ./Drivers/STM32F4xx_HAL_Driver/stm32f4xx_ll_usb.o
                0x08006b08                USB_FlushTxFifo
 .text.USB_FlushRxFifo
                0x08006b6c       0x5c ./Drivers/STM32F4xx_HAL_Driver/stm32f4xx_ll_usb.o
                0x08006b6c                USB_FlushRxFifo
 .text.USB_SetDevSpeed
                0x08006bc8       0x32 ./Drivers/STM32F4xx_HAL_Driver/stm32f4xx_ll_usb.o
                0x08006bc8                USB_SetDevSpeed
 .text.USB_GetDevSpeed
                0x08006bfa       0x4a ./Drivers/STM32F4xx_HAL_Driver/stm32f4xx_ll_usb.o
                0x08006bfa                USB_GetDevSpeed
 .text.USB_ActivateEndpoint
                0x08006c44      0x10e ./Drivers/STM32F4xx_HAL_Driver/stm32f4xx_ll_usb.o
                0x08006c44                USB_ActivateEndpoint
 *fill*         0x08006d52        0x2 
 .text.USB_DeactivateEndpoint
                0x08006d54      0x1b8 ./Drivers/STM32F4xx_HAL_Driver/stm32f4xx_ll_usb.o
                0x08006d54                USB_DeactivateEndpoint
 .text.USB_EPStartXfer
                0x08006f0c      0x53c ./Drivers/STM32F4xx_HAL_Driver/stm32f4xx_ll_usb.o
                0x08006f0c                USB_EPStartXfer
 .text.USB_EPStopXfer
                0x08007448      0x154 ./Drivers/STM32F4xx_HAL_Driver/stm32f4xx_ll_usb.o
                0x08007448                USB_EPStopXfer
 .text.USB_WritePacket
                0x0800759c       0x7c ./Drivers/STM32F4xx_HAL_Driver/stm32f4xx_ll_usb.o
                0x0800759c                USB_WritePacket
 .text.USB_ReadPacket
                0x08007618       0xb0 ./Drivers/STM32F4xx_HAL_Driver/stm32f4xx_ll_usb.o
                0x08007618                USB_ReadPacket
 .text.USB_EPSetStall
                0x080076c8       0xdc ./Drivers/STM32F4xx_HAL_Driver/stm32f4xx_ll_usb.o
                0x080076c8                USB_EPSetStall
 .text.USB_EPClearStall
                0x080077a4       0xcc ./Drivers/STM32F4xx_HAL_Driver/stm32f4xx_ll_usb.o
                0x080077a4                USB_EPClearStall
 .text.USB_SetDevAddress
                0x08007870       0x4c ./Drivers/STM32F4xx_HAL_Driver/stm32f4xx_ll_usb.o
                0x08007870                USB_SetDevAddress
 .text.USB_DevConnect
                0x080078bc       0x42 ./Drivers/STM32F4xx_HAL_Driver/stm32f4xx_ll_usb.o
                0x080078bc                USB_DevConnect
 .text.USB_DevDisconnect
                0x080078fe       0x42 ./Drivers/STM32F4xx_HAL_Driver/stm32f4xx_ll_usb.o
                0x080078fe                USB_DevDisconnect
 .text.USB_ReadInterrupts
                0x08007940       0x26 ./Drivers/STM32F4xx_HAL_Driver/stm32f4xx_ll_usb.o
                0x08007940                USB_ReadInterrupts
 .text.USB_ReadDevAllOutEpInterrupt
                0x08007966       0x34 ./Drivers/STM32F4xx_HAL_Driver/stm32f4xx_ll_usb.o
                0x08007966                USB_ReadDevAllOutEpInterrupt
 .text.USB_ReadDevAllInEpInterrupt
                0x0800799a       0x34 ./Drivers/STM32F4xx_HAL_Driver/stm32f4xx_ll_usb.o
                0x0800799a                USB_ReadDevAllInEpInterrupt
 .text.USB_ReadDevOutEPInterrupt
                0x080079ce       0x3c ./Drivers/STM32F4xx_HAL_Driver/stm32f4xx_ll_usb.o
                0x080079ce                USB_ReadDevOutEPInterrupt
 .text.USB_ReadDevInEPInterrupt
                0x08007a0a       0x5c ./Drivers/STM32F4xx_HAL_Driver/stm32f4xx_ll_usb.o
                0x08007a0a                USB_ReadDevInEPInterrupt
 .text.USB_GetMode
                0x08007a66       0x1c ./Drivers/STM32F4xx_HAL_Driver/stm32f4xx_ll_usb.o
                0x08007a66                USB_GetMode
 .text.USB_ActivateSetup
                0x08007a82       0x46 ./Drivers/STM32F4xx_HAL_Driver/stm32f4xx_ll_usb.o
                0x08007a82                USB_ActivateSetup
 .text.USB_EP0_OutStart
                0x08007ac8       0xbc ./Drivers/STM32F4xx_HAL_Driver/stm32f4xx_ll_usb.o
                0x08007ac8                USB_EP0_OutStart
 .text.USB_CoreReset
                0x08007b84       0x62 ./Drivers/STM32F4xx_HAL_Driver/stm32f4xx_ll_usb.o
 *fill*         0x08007be6        0x2 
 .text.__NVIC_SetPriority
                0x08007be8       0x54 ./Middlewares/FreeRTOS/cmsis_os2.o
 .text.SysTick_Handler
                0x08007c3c       0x20 ./Middlewares/FreeRTOS/cmsis_os2.o
                0x08007c3c                SysTick_Handler
 .text.SVC_Setup
                0x08007c5c       0x12 ./Middlewares/FreeRTOS/cmsis_os2.o
 *fill*         0x08007c6e        0x2 
 .text.osKernelInitialize
                0x08007c70       0x48 ./Middlewares/FreeRTOS/cmsis_os2.o
                0x08007c70                osKernelInitialize
 .text.osKernelStart
                0x08007cb8       0x4c ./Middlewares/FreeRTOS/cmsis_os2.o
                0x08007cb8                osKernelStart
 .text.osThreadNew
                0x08007d04      0x124 ./Middlewares/FreeRTOS/cmsis_os2.o
                0x08007d04                osThreadNew
 .text.osDelay  0x08007e28       0x36 ./Middlewares/FreeRTOS/cmsis_os2.o
                0x08007e28                osDelay
 *fill*         0x08007e5e        0x2 
 .text.vApplicationGetIdleTaskMemory
                0x08007e60       0x34 ./Middlewares/FreeRTOS/cmsis_os2.o
                0x08007e60                vApplicationGetIdleTaskMemory
 .text.vApplicationGetTimerTaskMemory
                0x08007e94       0x34 ./Middlewares/FreeRTOS/cmsis_os2.o
                0x08007e94                vApplicationGetTimerTaskMemory
 .text.pvPortMalloc
                0x08007ec8      0x19c ./Middlewares/FreeRTOS/heap_4.o
                0x08007ec8                pvPortMalloc
 .text.vPortFree
                0x08008064       0xc8 ./Middlewares/FreeRTOS/heap_4.o
                0x08008064                vPortFree
 .text.prvHeapInit
                0x0800812c       0xc4 ./Middlewares/FreeRTOS/heap_4.o
 .text.prvInsertBlockIntoFreeList
                0x080081f0       0xb4 ./Middlewares/FreeRTOS/heap_4.o
 .text.vListInitialise
                0x080082a4       0x40 ./Middlewares/FreeRTOS/list.o
                0x080082a4                vListInitialise
 .text.vListInitialiseItem
                0x080082e4       0x1a ./Middlewares/FreeRTOS/list.o
                0x080082e4                vListInitialiseItem
 .text.vListInsertEnd
                0x080082fe       0x48 ./Middlewares/FreeRTOS/list.o
                0x080082fe                vListInsertEnd
 .text.vListInsert
                0x08008346       0x72 ./Middlewares/FreeRTOS/list.o
                0x08008346                vListInsert
 .text.uxListRemove
                0x080083b8       0x54 ./Middlewares/FreeRTOS/list.o
                0x080083b8                uxListRemove
 .text.pxPortInitialiseStack
                0x0800840c       0x68 ./Middlewares/FreeRTOS/port.o
                0x0800840c                pxPortInitialiseStack
 .text.prvTaskExitError
                0x08008474       0x5c ./Middlewares/FreeRTOS/port.o
 .text.SVC_Handler
                0x080084d0       0x28 ./Middlewares/FreeRTOS/port.o
                0x080084d0                SVC_Handler
 .text.prvPortStartFirstTask
                0x080084f8       0x28 ./Middlewares/FreeRTOS/port.o
 .text.xPortStartScheduler
                0x08008520      0x148 ./Middlewares/FreeRTOS/port.o
                0x08008520                xPortStartScheduler
 .text.vPortEnterCritical
                0x08008668       0x64 ./Middlewares/FreeRTOS/port.o
                0x08008668                vPortEnterCritical
 .text.vPortExitCritical
                0x080086cc       0x54 ./Middlewares/FreeRTOS/port.o
                0x080086cc                vPortExitCritical
 .text.PendSV_Handler
                0x08008720       0x68 ./Middlewares/FreeRTOS/port.o
                0x08008720                PendSV_Handler
 .text.xPortSysTickHandler
                0x08008788       0x44 ./Middlewares/FreeRTOS/port.o
                0x08008788                xPortSysTickHandler
 .text.vPortSetupTimerInterrupt
                0x080087cc       0x48 ./Middlewares/FreeRTOS/port.o
                0x080087cc                vPortSetupTimerInterrupt
 .text.vPortEnableVFP
                0x08008814       0x14 ./Middlewares/FreeRTOS/port.o
 .text.vPortValidateInterruptPriority
                0x08008828       0x84 ./Middlewares/FreeRTOS/port.o
                0x08008828                vPortValidateInterruptPriority
 .text.xQueueGenericReset
                0x080088ac       0xd4 ./Middlewares/FreeRTOS/queue.o
                0x080088ac                xQueueGenericReset
 .text.xQueueGenericCreateStatic
                0x08008980       0xfa ./Middlewares/FreeRTOS/queue.o
                0x08008980                xQueueGenericCreateStatic
 .text.prvInitialiseNewQueue
                0x08008a7a       0x46 ./Middlewares/FreeRTOS/queue.o
 .text.xQueueGenericSend
                0x08008ac0      0x204 ./Middlewares/FreeRTOS/queue.o
                0x08008ac0                xQueueGenericSend
 .text.xQueueGenericSendFromISR
                0x08008cc4      0x13c ./Middlewares/FreeRTOS/queue.o
                0x08008cc4                xQueueGenericSendFromISR
 .text.xQueueReceive
                0x08008e00      0x1c4 ./Middlewares/FreeRTOS/queue.o
                0x08008e00                xQueueReceive
 .text.prvCopyDataToQueue
                0x08008fc4       0xd4 ./Middlewares/FreeRTOS/queue.o
 .text.prvCopyDataFromQueue
                0x08009098       0x4c ./Middlewares/FreeRTOS/queue.o
 .text.prvUnlockQueue
                0x080090e4       0xa4 ./Middlewares/FreeRTOS/queue.o
 .text.prvIsQueueEmpty
                0x08009188       0x2c ./Middlewares/FreeRTOS/queue.o
 .text.prvIsQueueFull
                0x080091b4       0x30 ./Middlewares/FreeRTOS/queue.o
 .text.vQueueAddToRegistry
                0x080091e4       0x54 ./Middlewares/FreeRTOS/queue.o
                0x080091e4                vQueueAddToRegistry
 .text.vQueueWaitForMessageRestricted
                0x08009238       0x68 ./Middlewares/FreeRTOS/queue.o
                0x08009238                vQueueWaitForMessageRestricted
 .text.xTaskCreateStatic
                0x080092a0       0xc0 ./Middlewares/FreeRTOS/tasks.o
                0x080092a0                xTaskCreateStatic
 .text.xTaskCreate
                0x08009360       0x8a ./Middlewares/FreeRTOS/tasks.o
                0x08009360                xTaskCreate
 *fill*         0x080093ea        0x2 
 .text.prvInitialiseNewTask
                0x080093ec      0x150 ./Middlewares/FreeRTOS/tasks.o
 .text.prvAddNewTaskToReadyList
                0x0800953c       0xe0 ./Middlewares/FreeRTOS/tasks.o
 .text.vTaskDelay
                0x0800961c       0x6c ./Middlewares/FreeRTOS/tasks.o
                0x0800961c                vTaskDelay
 .text.vTaskStartScheduler
                0x08009688       0xe0 ./Middlewares/FreeRTOS/tasks.o
                0x08009688                vTaskStartScheduler
 .text.vTaskSuspendAll
                0x08009768       0x1c ./Middlewares/FreeRTOS/tasks.o
                0x08009768                vTaskSuspendAll
 .text.xTaskResumeAll
                0x08009784      0x13c ./Middlewares/FreeRTOS/tasks.o
                0x08009784                xTaskResumeAll
 .text.xTaskGetTickCount
                0x080098c0       0x20 ./Middlewares/FreeRTOS/tasks.o
                0x080098c0                xTaskGetTickCount
 .text.xTaskIncrementTick
                0x080098e0      0x174 ./Middlewares/FreeRTOS/tasks.o
                0x080098e0                xTaskIncrementTick
 .text.vTaskSwitchContext
                0x08009a54       0xcc ./Middlewares/FreeRTOS/tasks.o
                0x08009a54                vTaskSwitchContext
 .text.vTaskPlaceOnEventList
                0x08009b20       0x4c ./Middlewares/FreeRTOS/tasks.o
                0x08009b20                vTaskPlaceOnEventList
 .text.vTaskPlaceOnEventListRestricted
                0x08009b6c       0x58 ./Middlewares/FreeRTOS/tasks.o
                0x08009b6c                vTaskPlaceOnEventListRestricted
 .text.xTaskRemoveFromEventList
                0x08009bc4       0xc8 ./Middlewares/FreeRTOS/tasks.o
                0x08009bc4                xTaskRemoveFromEventList
 .text.vTaskInternalSetTimeOutState
                0x08009c8c       0x2c ./Middlewares/FreeRTOS/tasks.o
                0x08009c8c                vTaskInternalSetTimeOutState
 .text.xTaskCheckForTimeOut
                0x08009cb8       0xc8 ./Middlewares/FreeRTOS/tasks.o
                0x08009cb8                xTaskCheckForTimeOut
 .text.vTaskMissedYield
                0x08009d80       0x18 ./Middlewares/FreeRTOS/tasks.o
                0x08009d80                vTaskMissedYield
 .text.prvIdleTask
                0x08009d98       0x30 ./Middlewares/FreeRTOS/tasks.o
 .text.prvInitialiseTaskLists
                0x08009dc8       0x80 ./Middlewares/FreeRTOS/tasks.o
 .text.prvCheckTasksWaitingTermination
                0x08009e48       0x5c ./Middlewares/FreeRTOS/tasks.o
 .text.prvDeleteTCB
                0x08009ea4       0x6a ./Middlewares/FreeRTOS/tasks.o
 *fill*         0x08009f0e        0x2 
 .text.prvResetNextTaskUnblockTime
                0x08009f10       0x40 ./Middlewares/FreeRTOS/tasks.o
 .text.xTaskGetSchedulerState
                0x08009f50       0x3c ./Middlewares/FreeRTOS/tasks.o
                0x08009f50                xTaskGetSchedulerState
 .text.xTaskPriorityDisinherit
                0x08009f8c       0xe0 ./Middlewares/FreeRTOS/tasks.o
                0x08009f8c                xTaskPriorityDisinherit
 .text.prvAddCurrentTaskToDelayedList
                0x0800a06c       0xa8 ./Middlewares/FreeRTOS/tasks.o
 .text.xTimerCreateTimerTask
                0x0800a114       0x94 ./Middlewares/FreeRTOS/timers.o
                0x0800a114                xTimerCreateTimerTask
 .text.xTimerGenericCommand
                0x0800a1a8       0x9c ./Middlewares/FreeRTOS/timers.o
                0x0800a1a8                xTimerGenericCommand
 .text.prvProcessExpiredTimer
                0x0800a244       0x9c ./Middlewares/FreeRTOS/timers.o
 .text.prvTimerTask
                0x0800a2e0       0x26 ./Middlewares/FreeRTOS/timers.o
 *fill*         0x0800a306        0x2 
 .text.prvProcessTimerOrBlockTask
                0x0800a308       0x9c ./Middlewares/FreeRTOS/timers.o
 .text.prvGetNextExpireTime
                0x0800a3a4       0x48 ./Middlewares/FreeRTOS/timers.o
 .text.prvSampleTimeNow
                0x0800a3ec       0x40 ./Middlewares/FreeRTOS/timers.o
 .text.prvInsertTimerInActiveList
                0x0800a42c       0x84 ./Middlewares/FreeRTOS/timers.o
 .text.prvProcessReceivedCommands
                0x0800a4b0      0x1cc ./Middlewares/FreeRTOS/timers.o
 .text.prvSwitchTimerLists
                0x0800a67c       0xcc ./Middlewares/FreeRTOS/timers.o
 .text.prvCheckForValidListAndQueue
                0x0800a748       0x80 ./Middlewares/FreeRTOS/timers.o
 .text.USBD_Init
                0x0800a7c8       0x60 ./Middlewares/USB_Device_Library/usbd_core.o
                0x0800a7c8                USBD_Init
 .text.USBD_RegisterClass
                0x0800a828       0x6c ./Middlewares/USB_Device_Library/usbd_core.o
                0x0800a828                USBD_RegisterClass
 .text.USBD_Start
                0x0800a894       0x18 ./Middlewares/USB_Device_Library/usbd_core.o
                0x0800a894                USBD_Start
 .text.USBD_RunTestMode
                0x0800a8ac       0x16 ./Middlewares/USB_Device_Library/usbd_core.o
                0x0800a8ac                USBD_RunTestMode
 .text.USBD_SetClassConfig
                0x0800a8c2       0x38 ./Middlewares/USB_Device_Library/usbd_core.o
                0x0800a8c2                USBD_SetClassConfig
 .text.USBD_ClrClassConfig
                0x0800a8fa       0x34 ./Middlewares/USB_Device_Library/usbd_core.o
                0x0800a8fa                USBD_ClrClassConfig
 .text.USBD_LL_SetupStage
                0x0800a92e       0xaa ./Middlewares/USB_Device_Library/usbd_core.o
                0x0800a92e                USBD_LL_SetupStage
 .text.USBD_LL_DataOutStage
                0x0800a9d8      0x166 ./Middlewares/USB_Device_Library/usbd_core.o
                0x0800a9d8                USBD_LL_DataOutStage
 .text.USBD_LL_DataInStage
                0x0800ab3e      0x164 ./Middlewares/USB_Device_Library/usbd_core.o
                0x0800ab3e                USBD_LL_DataInStage
 .text.USBD_LL_Reset
                0x0800aca2       0xa4 ./Middlewares/USB_Device_Library/usbd_core.o
                0x0800aca2                USBD_LL_Reset
 .text.USBD_LL_SetSpeed
                0x0800ad46       0x20 ./Middlewares/USB_Device_Library/usbd_core.o
                0x0800ad46                USBD_LL_SetSpeed
 .text.USBD_LL_Suspend
                0x0800ad66       0x38 ./Middlewares/USB_Device_Library/usbd_core.o
                0x0800ad66                USBD_LL_Suspend
 .text.USBD_LL_Resume
                0x0800ad9e       0x30 ./Middlewares/USB_Device_Library/usbd_core.o
                0x0800ad9e                USBD_LL_Resume
 .text.USBD_LL_SOF
                0x0800adce       0x40 ./Middlewares/USB_Device_Library/usbd_core.o
                0x0800adce                USBD_LL_SOF
 .text.USBD_LL_IsoINIncomplete
                0x0800ae0e       0x64 ./Middlewares/USB_Device_Library/usbd_core.o
                0x0800ae0e                USBD_LL_IsoINIncomplete
 .text.USBD_LL_IsoOUTIncomplete
                0x0800ae72       0x64 ./Middlewares/USB_Device_Library/usbd_core.o
                0x0800ae72                USBD_LL_IsoOUTIncomplete
 .text.USBD_LL_DevConnected
                0x0800aed6       0x16 ./Middlewares/USB_Device_Library/usbd_core.o
                0x0800aed6                USBD_LL_DevConnected
 .text.USBD_LL_DevDisconnected
                0x0800aeec       0x46 ./Middlewares/USB_Device_Library/usbd_core.o
                0x0800aeec                USBD_LL_DevDisconnected
 .text.USBD_CoreFindIF
                0x0800af32       0x1a ./Middlewares/USB_Device_Library/usbd_core.o
                0x0800af32                USBD_CoreFindIF
 .text.USBD_CoreFindEP
                0x0800af4c       0x1a ./Middlewares/USB_Device_Library/usbd_core.o
                0x0800af4c                USBD_CoreFindEP
 .text.USBD_GetEpDesc
                0x0800af66       0x70 ./Middlewares/USB_Device_Library/usbd_core.o
                0x0800af66                USBD_GetEpDesc
 .text.USBD_GetNextDesc
                0x0800afd6       0x38 ./Middlewares/USB_Device_Library/usbd_core.o
                0x0800afd6                USBD_GetNextDesc
 .text.SWAPBYTE
                0x0800b00e       0x3e ./Middlewares/USB_Device_Library/usbd_ctlreq.o
 .text.USBD_StdDevReq
                0x0800b04c       0xe4 ./Middlewares/USB_Device_Library/usbd_ctlreq.o
                0x0800b04c                USBD_StdDevReq
 .text.USBD_StdItfReq
                0x0800b130       0xd8 ./Middlewares/USB_Device_Library/usbd_ctlreq.o
                0x0800b130                USBD_StdItfReq
 .text.USBD_StdEPReq
                0x0800b208      0x33a ./Middlewares/USB_Device_Library/usbd_ctlreq.o
                0x0800b208                USBD_StdEPReq
 *fill*         0x0800b542        0x2 
 .text.USBD_GetDescriptor
                0x0800b544      0x2d4 ./Middlewares/USB_Device_Library/usbd_ctlreq.o
 .text.USBD_SetAddress
                0x0800b818       0x88 ./Middlewares/USB_Device_Library/usbd_ctlreq.o
 .text.USBD_SetConfig
                0x0800b8a0      0x154 ./Middlewares/USB_Device_Library/usbd_ctlreq.o
 .text.USBD_GetConfig
                0x0800b9f4       0x6c ./Middlewares/USB_Device_Library/usbd_ctlreq.o
 .text.USBD_GetStatus
                0x0800ba60       0x68 ./Middlewares/USB_Device_Library/usbd_ctlreq.o
 .text.USBD_SetFeature
                0x0800bac8       0x52 ./Middlewares/USB_Device_Library/usbd_ctlreq.o
 .text.USBD_ClrFeature
                0x0800bb1a       0x44 ./Middlewares/USB_Device_Library/usbd_ctlreq.o
 .text.USBD_ParseSetupRequest
                0x0800bb5e       0x74 ./Middlewares/USB_Device_Library/usbd_ctlreq.o
                0x0800bb5e                USBD_ParseSetupRequest
 .text.USBD_CtlError
                0x0800bbd2       0x22 ./Middlewares/USB_Device_Library/usbd_ctlreq.o
                0x0800bbd2                USBD_CtlError
 .text.USBD_GetString
                0x0800bbf4       0xa4 ./Middlewares/USB_Device_Library/usbd_ctlreq.o
                0x0800bbf4                USBD_GetString
 .text.USBD_GetLen
                0x0800bc98       0x34 ./Middlewares/USB_Device_Library/usbd_ctlreq.o
 .text.USBD_HID_Init
                0x0800bccc       0xcc ./Middlewares/USB_Device_Library/usbd_hid.o
 .text.USBD_HID_DeInit
                0x0800bd98       0x90 ./Middlewares/USB_Device_Library/usbd_hid.o
 .text.USBD_HID_Setup
                0x0800be28      0x210 ./Middlewares/USB_Device_Library/usbd_hid.o
 .text.USBD_HID_GetFSCfgDesc
                0x0800c038       0x34 ./Middlewares/USB_Device_Library/usbd_hid.o
 .text.USBD_HID_GetHSCfgDesc
                0x0800c06c       0x34 ./Middlewares/USB_Device_Library/usbd_hid.o
 .text.USBD_HID_GetOtherSpeedCfgDesc
                0x0800c0a0       0x34 ./Middlewares/USB_Device_Library/usbd_hid.o
 .text.USBD_HID_DataIn
                0x0800c0d4       0x2c ./Middlewares/USB_Device_Library/usbd_hid.o
 .text.USBD_HID_GetDeviceQualifierDesc
                0x0800c100       0x20 ./Middlewares/USB_Device_Library/usbd_hid.o
 .text.USBD_CtlSendData
                0x0800c120       0x36 ./Middlewares/USB_Device_Library/usbd_ioreq.o
                0x0800c120                USBD_CtlSendData
 .text.USBD_CtlContinueSendData
                0x0800c156       0x22 ./Middlewares/USB_Device_Library/usbd_ioreq.o
                0x0800c156                USBD_CtlContinueSendData
 .text.USBD_CtlContinueRx
                0x0800c178       0x22 ./Middlewares/USB_Device_Library/usbd_ioreq.o
                0x0800c178                USBD_CtlContinueRx
 .text.USBD_CtlSendStatus
                0x0800c19a       0x26 ./Middlewares/USB_Device_Library/usbd_ioreq.o
                0x0800c19a                USBD_CtlSendStatus
 .text.USBD_CtlReceiveStatus
                0x0800c1c0       0x26 ./Middlewares/USB_Device_Library/usbd_ioreq.o
                0x0800c1c0                USBD_CtlReceiveStatus
 *fill*         0x0800c1e6        0x2 
 .text.MX_USB_DEVICE_Init
                0x0800c1e8       0x4c ./USB_DEVICE/App/usb_device.o
                0x0800c1e8                MX_USB_DEVICE_Init
 .text.USBD_FS_DeviceDescriptor
                0x0800c234       0x24 ./USB_DEVICE/App/usbd_desc.o
                0x0800c234                USBD_FS_DeviceDescriptor
 .text.USBD_FS_LangIDStrDescriptor
                0x0800c258       0x24 ./USB_DEVICE/App/usbd_desc.o
                0x0800c258                USBD_FS_LangIDStrDescriptor
 .text.USBD_FS_ProductStrDescriptor
                0x0800c27c       0x3c ./USB_DEVICE/App/usbd_desc.o
                0x0800c27c                USBD_FS_ProductStrDescriptor
 .text.USBD_FS_ManufacturerStrDescriptor
                0x0800c2b8       0x28 ./USB_DEVICE/App/usbd_desc.o
                0x0800c2b8                USBD_FS_ManufacturerStrDescriptor
 .text.USBD_FS_SerialStrDescriptor
                0x0800c2e0       0x24 ./USB_DEVICE/App/usbd_desc.o
                0x0800c2e0                USBD_FS_SerialStrDescriptor
 .text.USBD_FS_ConfigStrDescriptor
                0x0800c304       0x3c ./USB_DEVICE/App/usbd_desc.o
                0x0800c304                USBD_FS_ConfigStrDescriptor
 .text.USBD_FS_InterfaceStrDescriptor
                0x0800c340       0x3c ./USB_DEVICE/App/usbd_desc.o
                0x0800c340                USBD_FS_InterfaceStrDescriptor
 .text.Get_SerialNum
                0x0800c37c       0x58 ./USB_DEVICE/App/usbd_desc.o
 .text.IntToUnicode
                0x0800c3d4       0x7e ./USB_DEVICE/App/usbd_desc.o
 *fill*         0x0800c452        0x2 
 .text.HAL_PCD_MspInit
                0x0800c454       0xa8 ./USB_DEVICE/Target/usbd_conf.o
                0x0800c454                HAL_PCD_MspInit
 .text.HAL_PCD_SetupStageCallback
                0x0800c4fc       0x24 ./USB_DEVICE/Target/usbd_conf.o
                0x0800c4fc                HAL_PCD_SetupStageCallback
 .text.HAL_PCD_DataOutStageCallback
                0x0800c520       0x36 ./USB_DEVICE/Target/usbd_conf.o
                0x0800c520                HAL_PCD_DataOutStageCallback
 .text.HAL_PCD_DataInStageCallback
                0x0800c556       0x34 ./USB_DEVICE/Target/usbd_conf.o
                0x0800c556                HAL_PCD_DataInStageCallback
 .text.HAL_PCD_SOFCallback
                0x0800c58a       0x1c ./USB_DEVICE/Target/usbd_conf.o
                0x0800c58a                HAL_PCD_SOFCallback
 .text.HAL_PCD_ResetCallback
                0x0800c5a6       0x3c ./USB_DEVICE/Target/usbd_conf.o
                0x0800c5a6                HAL_PCD_ResetCallback
 *fill*         0x0800c5e2        0x2 
 .text.HAL_PCD_SuspendCallback
                0x0800c5e4       0x4c ./USB_DEVICE/Target/usbd_conf.o
                0x0800c5e4                HAL_PCD_SuspendCallback
 .text.HAL_PCD_ResumeCallback
                0x0800c630       0x1c ./USB_DEVICE/Target/usbd_conf.o
                0x0800c630                HAL_PCD_ResumeCallback
 .text.HAL_PCD_ISOOUTIncompleteCallback
                0x0800c64c       0x24 ./USB_DEVICE/Target/usbd_conf.o
                0x0800c64c                HAL_PCD_ISOOUTIncompleteCallback
 .text.HAL_PCD_ISOINIncompleteCallback
                0x0800c670       0x24 ./USB_DEVICE/Target/usbd_conf.o
                0x0800c670                HAL_PCD_ISOINIncompleteCallback
 .text.HAL_PCD_ConnectCallback
                0x0800c694       0x1c ./USB_DEVICE/Target/usbd_conf.o
                0x0800c694                HAL_PCD_ConnectCallback
 .text.HAL_PCD_DisconnectCallback
                0x0800c6b0       0x1c ./USB_DEVICE/Target/usbd_conf.o
                0x0800c6b0                HAL_PCD_DisconnectCallback
 .text.USBD_LL_Init
                0x0800c6cc       0x98 ./USB_DEVICE/Target/usbd_conf.o
                0x0800c6cc                USBD_LL_Init
 .text.USBD_LL_Start
                0x0800c764       0x36 ./USB_DEVICE/Target/usbd_conf.o
                0x0800c764                USBD_LL_Start
 .text.USBD_LL_OpenEP
                0x0800c79a       0x4c ./USB_DEVICE/Target/usbd_conf.o
                0x0800c79a                USBD_LL_OpenEP
 .text.USBD_LL_CloseEP
                0x0800c7e6       0x3e ./USB_DEVICE/Target/usbd_conf.o
                0x0800c7e6                USBD_LL_CloseEP
 .text.USBD_LL_StallEP
                0x0800c824       0x3e ./USB_DEVICE/Target/usbd_conf.o
                0x0800c824                USBD_LL_StallEP
 .text.USBD_LL_ClearStallEP
                0x0800c862       0x3e ./USB_DEVICE/Target/usbd_conf.o
                0x0800c862                USBD_LL_ClearStallEP
 .text.USBD_LL_IsStallEP
                0x0800c8a0       0x58 ./USB_DEVICE/Target/usbd_conf.o
                0x0800c8a0                USBD_LL_IsStallEP
 .text.USBD_LL_SetUSBAddress
                0x0800c8f8       0x3e ./USB_DEVICE/Target/usbd_conf.o
                0x0800c8f8                USBD_LL_SetUSBAddress
 .text.USBD_LL_Transmit
                0x0800c936       0x42 ./USB_DEVICE/Target/usbd_conf.o
                0x0800c936                USBD_LL_Transmit
 .text.USBD_LL_PrepareReceive
                0x0800c978       0x42 ./USB_DEVICE/Target/usbd_conf.o
                0x0800c978                USBD_LL_PrepareReceive
 *fill*         0x0800c9ba        0x2 
 .text.USBD_static_malloc
                0x0800c9bc       0x1c ./USB_DEVICE/Target/usbd_conf.o
                0x0800c9bc                USBD_static_malloc
 .text.USBD_static_free
                0x0800c9d8       0x14 ./USB_DEVICE/Target/usbd_conf.o
                0x0800c9d8                USBD_static_free
 .text.USBD_Get_USB_Status
                0x0800c9ec       0x58 ./USB_DEVICE/Target/usbd_conf.o
                0x0800c9ec                USBD_Get_USB_Status
 .text.__itoa   0x0800ca44       0x30 C:/ST/STM32CubeIDE_1.17.0/STM32CubeIDE/plugins/com.st.stm32cube.ide.mcu.externaltools.gnu-tools-for-stm32.13.3.rel1.win32_1.0.0.202411081344/tools/bin/../lib/gcc/arm-none-eabi/13.3.1/../../../../arm-none-eabi/lib/thumb/v7e-m+fp/hard\libc_nano.a(libc_a-itoa.o)
                0x0800ca44                __itoa
 .text.itoa     0x0800ca74        0x4 C:/ST/STM32CubeIDE_1.17.0/STM32CubeIDE/plugins/com.st.stm32cube.ide.mcu.externaltools.gnu-tools-for-stm32.13.3.rel1.win32_1.0.0.202411081344/tools/bin/../lib/gcc/arm-none-eabi/13.3.1/../../../../arm-none-eabi/lib/thumb/v7e-m+fp/hard\libc_nano.a(libc_a-itoa.o)
                0x0800ca74                itoa
 .text.__utoa   0x0800ca78       0x84 C:/ST/STM32CubeIDE_1.17.0/STM32CubeIDE/plugins/com.st.stm32cube.ide.mcu.externaltools.gnu-tools-for-stm32.13.3.rel1.win32_1.0.0.202411081344/tools/bin/../lib/gcc/arm-none-eabi/13.3.1/../../../../arm-none-eabi/lib/thumb/v7e-m+fp/hard\libc_nano.a(libc_a-utoa.o)
                0x0800ca78                __utoa
 .text.snprintf
                0x0800cafc       0x6c C:/ST/STM32CubeIDE_1.17.0/STM32CubeIDE/plugins/com.st.stm32cube.ide.mcu.externaltools.gnu-tools-for-stm32.13.3.rel1.win32_1.0.0.202411081344/tools/bin/../lib/gcc/arm-none-eabi/13.3.1/../../../../arm-none-eabi/lib/thumb/v7e-m+fp/hard\libc_nano.a(libc_a-snprintf.o)
                0x0800cafc                sniprintf
                0x0800cafc                snprintf
 .text.sprintf  0x0800cb68       0x44 C:/ST/STM32CubeIDE_1.17.0/STM32CubeIDE/plugins/com.st.stm32cube.ide.mcu.externaltools.gnu-tools-for-stm32.13.3.rel1.win32_1.0.0.202411081344/tools/bin/../lib/gcc/arm-none-eabi/13.3.1/../../../../arm-none-eabi/lib/thumb/v7e-m+fp/hard\libc_nano.a(libc_a-sprintf.o)
                0x0800cb68                siprintf
                0x0800cb68                sprintf
 .text.memset   0x0800cbac       0x10 C:/ST/STM32CubeIDE_1.17.0/STM32CubeIDE/plugins/com.st.stm32cube.ide.mcu.externaltools.gnu-tools-for-stm32.13.3.rel1.win32_1.0.0.202411081344/tools/bin/../lib/gcc/arm-none-eabi/13.3.1/../../../../arm-none-eabi/lib/thumb/v7e-m+fp/hard\libc_nano.a(libc_a-memset.o)
                0x0800cbac                memset
 .text._reclaim_reent
                0x0800cbbc       0xbc C:/ST/STM32CubeIDE_1.17.0/STM32CubeIDE/plugins/com.st.stm32cube.ide.mcu.externaltools.gnu-tools-for-stm32.13.3.rel1.win32_1.0.0.202411081344/tools/bin/../lib/gcc/arm-none-eabi/13.3.1/../../../../arm-none-eabi/lib/thumb/v7e-m+fp/hard\libc_nano.a(libc_a-reent.o)
                0x0800cbbc                _reclaim_reent
 .text.__errno  0x0800cc78        0xc C:/ST/STM32CubeIDE_1.17.0/STM32CubeIDE/plugins/com.st.stm32cube.ide.mcu.externaltools.gnu-tools-for-stm32.13.3.rel1.win32_1.0.0.202411081344/tools/bin/../lib/gcc/arm-none-eabi/13.3.1/../../../../arm-none-eabi/lib/thumb/v7e-m+fp/hard\libc_nano.a(libc_a-errno.o)
                0x0800cc78                __errno
 .text.__libc_init_array
                0x0800cc84       0x48 C:/ST/STM32CubeIDE_1.17.0/STM32CubeIDE/plugins/com.st.stm32cube.ide.mcu.externaltools.gnu-tools-for-stm32.13.3.rel1.win32_1.0.0.202411081344/tools/bin/../lib/gcc/arm-none-eabi/13.3.1/../../../../arm-none-eabi/lib/thumb/v7e-m+fp/hard\libc_nano.a(libc_a-init.o)
                0x0800cc84                __libc_init_array
 .text.__retarget_lock_acquire_recursive
                0x0800cccc        0x2 C:/ST/STM32CubeIDE_1.17.0/STM32CubeIDE/plugins/com.st.stm32cube.ide.mcu.externaltools.gnu-tools-for-stm32.13.3.rel1.win32_1.0.0.202411081344/tools/bin/../lib/gcc/arm-none-eabi/13.3.1/../../../../arm-none-eabi/lib/thumb/v7e-m+fp/hard\libc_nano.a(libc_a-lock.o)
                0x0800cccc                __retarget_lock_acquire_recursive
 .text.__retarget_lock_release_recursive
                0x0800ccce        0x2 C:/ST/STM32CubeIDE_1.17.0/STM32CubeIDE/plugins/com.st.stm32cube.ide.mcu.externaltools.gnu-tools-for-stm32.13.3.rel1.win32_1.0.0.202411081344/tools/bin/../lib/gcc/arm-none-eabi/13.3.1/../../../../arm-none-eabi/lib/thumb/v7e-m+fp/hard\libc_nano.a(libc_a-lock.o)
                0x0800ccce                __retarget_lock_release_recursive
 .text.memcpy   0x0800ccd0       0x1c C:/ST/STM32CubeIDE_1.17.0/STM32CubeIDE/plugins/com.st.stm32cube.ide.mcu.externaltools.gnu-tools-for-stm32.13.3.rel1.win32_1.0.0.202411081344/tools/bin/../lib/gcc/arm-none-eabi/13.3.1/../../../../arm-none-eabi/lib/thumb/v7e-m+fp/hard\libc_nano.a(libc_a-memcpy-stub.o)
                0x0800ccd0                memcpy
 .text._free_r  0x0800ccec       0x94 C:/ST/STM32CubeIDE_1.17.0/STM32CubeIDE/plugins/com.st.stm32cube.ide.mcu.externaltools.gnu-tools-for-stm32.13.3.rel1.win32_1.0.0.202411081344/tools/bin/../lib/gcc/arm-none-eabi/13.3.1/../../../../arm-none-eabi/lib/thumb/v7e-m+fp/hard\libc_nano.a(libc_a-freer.o)
                0x0800ccec                _free_r
 .text.sbrk_aligned
                0x0800cd80       0x44 C:/ST/STM32CubeIDE_1.17.0/STM32CubeIDE/plugins/com.st.stm32cube.ide.mcu.externaltools.gnu-tools-for-stm32.13.3.rel1.win32_1.0.0.202411081344/tools/bin/../lib/gcc/arm-none-eabi/13.3.1/../../../../arm-none-eabi/lib/thumb/v7e-m+fp/hard\libc_nano.a(libc_a-mallocr.o)
 .text._malloc_r
                0x0800cdc4      0x100 C:/ST/STM32CubeIDE_1.17.0/STM32CubeIDE/plugins/com.st.stm32cube.ide.mcu.externaltools.gnu-tools-for-stm32.13.3.rel1.win32_1.0.0.202411081344/tools/bin/../lib/gcc/arm-none-eabi/13.3.1/../../../../arm-none-eabi/lib/thumb/v7e-m+fp/hard\libc_nano.a(libc_a-mallocr.o)
                0x0800cdc4                _malloc_r
 .text.__malloc_lock
                0x0800cec4        0xc C:/ST/STM32CubeIDE_1.17.0/STM32CubeIDE/plugins/com.st.stm32cube.ide.mcu.externaltools.gnu-tools-for-stm32.13.3.rel1.win32_1.0.0.202411081344/tools/bin/../lib/gcc/arm-none-eabi/13.3.1/../../../../arm-none-eabi/lib/thumb/v7e-m+fp/hard\libc_nano.a(libc_a-mlock.o)
                0x0800cec4                __malloc_lock
 .text.__malloc_unlock
                0x0800ced0        0xc C:/ST/STM32CubeIDE_1.17.0/STM32CubeIDE/plugins/com.st.stm32cube.ide.mcu.externaltools.gnu-tools-for-stm32.13.3.rel1.win32_1.0.0.202411081344/tools/bin/../lib/gcc/arm-none-eabi/13.3.1/../../../../arm-none-eabi/lib/thumb/v7e-m+fp/hard\libc_nano.a(libc_a-mlock.o)
                0x0800ced0                __malloc_unlock
 .text.__ssputs_r
                0x0800cedc       0xb6 C:/ST/STM32CubeIDE_1.17.0/STM32CubeIDE/plugins/com.st.stm32cube.ide.mcu.externaltools.gnu-tools-for-stm32.13.3.rel1.win32_1.0.0.202411081344/tools/bin/../lib/gcc/arm-none-eabi/13.3.1/../../../../arm-none-eabi/lib/thumb/v7e-m+fp/hard\libc_nano.a(libc_a-nano-svfprintf.o)
                0x0800cedc                __ssputs_r
 *fill*         0x0800cf92        0x2 
 .text._svfprintf_r
                0x0800cf94      0x1f8 C:/ST/STM32CubeIDE_1.17.0/STM32CubeIDE/plugins/com.st.stm32cube.ide.mcu.externaltools.gnu-tools-for-stm32.13.3.rel1.win32_1.0.0.202411081344/tools/bin/../lib/gcc/arm-none-eabi/13.3.1/../../../../arm-none-eabi/lib/thumb/v7e-m+fp/hard\libc_nano.a(libc_a-nano-svfprintf.o)
                0x0800cf94                _svfiprintf_r
                0x0800cf94                _svfprintf_r
 .text._printf_common
                0x0800d18c       0xda C:/ST/STM32CubeIDE_1.17.0/STM32CubeIDE/plugins/com.st.stm32cube.ide.mcu.externaltools.gnu-tools-for-stm32.13.3.rel1.win32_1.0.0.202411081344/tools/bin/../lib/gcc/arm-none-eabi/13.3.1/../../../../arm-none-eabi/lib/thumb/v7e-m+fp/hard\libc_nano.a(libc_a-nano-vfprintf_i.o)
                0x0800d18c                _printf_common
 *fill*         0x0800d266        0x2 
 .text._printf_i
                0x0800d268      0x23c C:/ST/STM32CubeIDE_1.17.0/STM32CubeIDE/plugins/com.st.stm32cube.ide.mcu.externaltools.gnu-tools-for-stm32.13.3.rel1.win32_1.0.0.202411081344/tools/bin/../lib/gcc/arm-none-eabi/13.3.1/../../../../arm-none-eabi/lib/thumb/v7e-m+fp/hard\libc_nano.a(libc_a-nano-vfprintf_i.o)
                0x0800d268                _printf_i
 .text.memmove  0x0800d4a4       0x34 C:/ST/STM32CubeIDE_1.17.0/STM32CubeIDE/plugins/com.st.stm32cube.ide.mcu.externaltools.gnu-tools-for-stm32.13.3.rel1.win32_1.0.0.202411081344/tools/bin/../lib/gcc/arm-none-eabi/13.3.1/../../../../arm-none-eabi/lib/thumb/v7e-m+fp/hard\libc_nano.a(libc_a-memmove.o)
                0x0800d4a4                memmove
 .text._sbrk_r  0x0800d4d8       0x20 C:/ST/STM32CubeIDE_1.17.0/STM32CubeIDE/plugins/com.st.stm32cube.ide.mcu.externaltools.gnu-tools-for-stm32.13.3.rel1.win32_1.0.0.202411081344/tools/bin/../lib/gcc/arm-none-eabi/13.3.1/../../../../arm-none-eabi/lib/thumb/v7e-m+fp/hard\libc_nano.a(libc_a-sbrkr.o)
                0x0800d4d8                _sbrk_r
 .text._realloc_r
                0x0800d4f8       0x5c C:/ST/STM32CubeIDE_1.17.0/STM32CubeIDE/plugins/com.st.stm32cube.ide.mcu.externaltools.gnu-tools-for-stm32.13.3.rel1.win32_1.0.0.202411081344/tools/bin/../lib/gcc/arm-none-eabi/13.3.1/../../../../arm-none-eabi/lib/thumb/v7e-m+fp/hard\libc_nano.a(libc_a-reallocr.o)
                0x0800d4f8                _realloc_r
 .text._malloc_usable_size_r
                0x0800d554       0x10 C:/ST/STM32CubeIDE_1.17.0/STM32CubeIDE/plugins/com.st.stm32cube.ide.mcu.externaltools.gnu-tools-for-stm32.13.3.rel1.win32_1.0.0.202411081344/tools/bin/../lib/gcc/arm-none-eabi/13.3.1/../../../../arm-none-eabi/lib/thumb/v7e-m+fp/hard\libc_nano.a(libc_a-msizer.o)
                0x0800d554                _malloc_usable_size_r
 *(.glue_7)
 .glue_7        0x0800d564        0x0 linker stubs
 *(.glue_7t)
 .glue_7t       0x0800d564        0x0 linker stubs
 *(.eh_frame)
 .eh_frame      0x0800d564        0x0 C:/ST/STM32CubeIDE_1.17.0/STM32CubeIDE/plugins/com.st.stm32cube.ide.mcu.externaltools.gnu-tools-for-stm32.13.3.rel1.win32_1.0.0.202411081344/tools/bin/../lib/gcc/arm-none-eabi/13.3.1/thumb/v7e-m+fp/hard/crtbegin.o
 *(.init)
 .init          0x0800d564        0x4 C:/ST/STM32CubeIDE_1.17.0/STM32CubeIDE/plugins/com.st.stm32cube.ide.mcu.externaltools.gnu-tools-for-stm32.13.3.rel1.win32_1.0.0.202411081344/tools/bin/../lib/gcc/arm-none-eabi/13.3.1/thumb/v7e-m+fp/hard/crti.o
                0x0800d564                _init
 .init          0x0800d568        0x8 C:/ST/STM32CubeIDE_1.17.0/STM32CubeIDE/plugins/com.st.stm32cube.ide.mcu.externaltools.gnu-tools-for-stm32.13.3.rel1.win32_1.0.0.202411081344/tools/bin/../lib/gcc/arm-none-eabi/13.3.1/thumb/v7e-m+fp/hard/crtn.o
 *(.fini)
 .fini          0x0800d570        0x4 C:/ST/STM32CubeIDE_1.17.0/STM32CubeIDE/plugins/com.st.stm32cube.ide.mcu.externaltools.gnu-tools-for-stm32.13.3.rel1.win32_1.0.0.202411081344/tools/bin/../lib/gcc/arm-none-eabi/13.3.1/thumb/v7e-m+fp/hard/crti.o
                0x0800d570                _fini
 .fini          0x0800d574        0x8 C:/ST/STM32CubeIDE_1.17.0/STM32CubeIDE/plugins/com.st.stm32cube.ide.mcu.externaltools.gnu-tools-for-stm32.13.3.rel1.win32_1.0.0.202411081344/tools/bin/../lib/gcc/arm-none-eabi/13.3.1/thumb/v7e-m+fp/hard/crtn.o
                0x0800d57c                        . = ALIGN (0x4)
                0x0800d57c                        _etext = .

.vfp11_veneer   0x0800d57c        0x0
 .vfp11_veneer  0x0800d57c        0x0 linker stubs

.v4_bx          0x0800d57c        0x0
 .v4_bx         0x0800d57c        0x0 linker stubs

.iplt           0x0800d57c        0x0
 .iplt          0x0800d57c        0x0 C:/ST/STM32CubeIDE_1.17.0/STM32CubeIDE/plugins/com.st.stm32cube.ide.mcu.externaltools.gnu-tools-for-stm32.13.3.rel1.win32_1.0.0.202411081344/tools/bin/../lib/gcc/arm-none-eabi/13.3.1/thumb/v7e-m+fp/hard/crtbegin.o

.rodata         0x0800d57c     0x1988
                0x0800d57c                        . = ALIGN (0x4)
 *(.rodata)
 .rodata        0x0800d57c       0x54 ./Core/Src/main.o
 .rodata        0x0800d5d0       0x11 ./Core/Src/midi_modify.o
 *fill*         0x0800d5e1        0x3 
 .rodata        0x0800d5e4       0x2e ./Core/Src/midi_tempo.o
 *fill*         0x0800d612        0x2 
 .rodata        0x0800d614        0x5 ./Middlewares/FreeRTOS/tasks.o
 *fill*         0x0800d619        0x3 
 .rodata        0x0800d61c        0xd ./Middlewares/FreeRTOS/timers.o
 *fill*         0x0800d629        0x3 
 .rodata        0x0800d62c       0x46 ./USB_DEVICE/App/usbd_desc.o
 *(.rodata*)
 *fill*         0x0800d672        0x2 
 .rodata.midi_send_attributes
                0x0800d674       0x24 ./Core/Src/main.o
                0x0800d674                midi_send_attributes
 .rodata.other_tasks_attributes
                0x0800d698       0x24 ./Core/Src/main.o
                0x0800d698                other_tasks_attributes
 .rodata.Font6x8
                0x0800d6bc      0x5f0 ./Core/Src/screen_driver_fonts.o
 .rodata.Font16x24
                0x0800dcac     0x11d0 ./Core/Src/screen_driver_fonts.o
 .rodata.Font_6x8
                0x0800ee7c        0xc ./Core/Src/screen_driver_fonts.o
                0x0800ee7c                Font_6x8
 .rodata.Font_16x24
                0x0800ee88        0xc ./Core/Src/screen_driver_fonts.o
                0x0800ee88                Font_16x24
 .rodata.AHBPrescTable
                0x0800ee94       0x10 ./Core/Src/system_stm32f4xx.o
                0x0800ee94                AHBPrescTable
 .rodata.APBPrescTable
                0x0800eea4        0x8 ./Core/Src/system_stm32f4xx.o
                0x0800eea4                APBPrescTable
 .rodata.__utoa.str1.1
                0x0800eeac       0x58 C:/ST/STM32CubeIDE_1.17.0/STM32CubeIDE/plugins/com.st.stm32cube.ide.mcu.externaltools.gnu-tools-for-stm32.13.3.rel1.win32_1.0.0.202411081344/tools/bin/../lib/gcc/arm-none-eabi/13.3.1/../../../../arm-none-eabi/lib/thumb/v7e-m+fp/hard\libc_nano.a(libc_a-utoa.o)
                                 0x25 (size before relaxing)
 .rodata._svfprintf_r.str1.1
                0x0800ef04       0x11 C:/ST/STM32CubeIDE_1.17.0/STM32CubeIDE/plugins/com.st.stm32cube.ide.mcu.externaltools.gnu-tools-for-stm32.13.3.rel1.win32_1.0.0.202411081344/tools/bin/../lib/gcc/arm-none-eabi/13.3.1/../../../../arm-none-eabi/lib/thumb/v7e-m+fp/hard\libc_nano.a(libc_a-nano-svfprintf.o)
 .rodata._printf_i.str1.1
                0x0800ef04       0x22 C:/ST/STM32CubeIDE_1.17.0/STM32CubeIDE/plugins/com.st.stm32cube.ide.mcu.externaltools.gnu-tools-for-stm32.13.3.rel1.win32_1.0.0.202411081344/tools/bin/../lib/gcc/arm-none-eabi/13.3.1/../../../../arm-none-eabi/lib/thumb/v7e-m+fp/hard\libc_nano.a(libc_a-nano-vfprintf_i.o)
                0x0800ef28                        . = ALIGN (0x4)

.ARM.extab      0x0800ef04        0x0
                0x0800ef04                        . = ALIGN (0x4)
 *(.ARM.extab* .gnu.linkonce.armextab.*)
                0x0800ef04                        . = ALIGN (0x4)

.ARM            0x0800ef04        0x8
                0x0800ef04                        . = ALIGN (0x4)
                0x0800ef04                        __exidx_start = .
 *(.ARM.exidx*)
 .ARM.exidx     0x0800ef04        0x8 C:/ST/STM32CubeIDE_1.17.0/STM32CubeIDE/plugins/com.st.stm32cube.ide.mcu.externaltools.gnu-tools-for-stm32.13.3.rel1.win32_1.0.0.202411081344/tools/bin/../lib/gcc/arm-none-eabi/13.3.1/../../../../arm-none-eabi/lib/thumb/v7e-m+fp/hard\libc_nano.a(libc_a-memchr.o)
 .ARM.exidx     0x0800ef0c        0x0 C:/ST/STM32CubeIDE_1.17.0/STM32CubeIDE/plugins/com.st.stm32cube.ide.mcu.externaltools.gnu-tools-for-stm32.13.3.rel1.win32_1.0.0.202411081344/tools/bin/../lib/gcc/arm-none-eabi/13.3.1/thumb/v7e-m+fp/hard\libgcc.a(_udivmoddi4.o)
                                  0x8 (size before relaxing)
                0x0800ef0c                        __exidx_end = .
                0x0800ef0c                        . = ALIGN (0x4)

.preinit_array  0x0800ef0c        0x0
                0x0800ef0c                        . = ALIGN (0x4)
                0x0800ef0c                        PROVIDE (__preinit_array_start = .)
 *(.preinit_array*)
                0x0800ef0c                        PROVIDE (__preinit_array_end = .)
                0x0800ef0c                        . = ALIGN (0x4)

.init_array     0x0800ef0c        0x4
                0x0800ef0c                        . = ALIGN (0x4)
                0x0800ef0c                        PROVIDE (__init_array_start = .)
 *(SORT_BY_NAME(.init_array.*))
 *(.init_array*)
 .init_array    0x0800ef0c        0x4 C:/ST/STM32CubeIDE_1.17.0/STM32CubeIDE/plugins/com.st.stm32cube.ide.mcu.externaltools.gnu-tools-for-stm32.13.3.rel1.win32_1.0.0.202411081344/tools/bin/../lib/gcc/arm-none-eabi/13.3.1/thumb/v7e-m+fp/hard/crtbegin.o
                0x0800ef10                        PROVIDE (__init_array_end = .)
                0x0800ef10                        . = ALIGN (0x4)

.fini_array     0x0800ef10        0x4
                0x0800ef10                        . = ALIGN (0x4)
                [!provide]                        PROVIDE (__fini_array_start = .)
 *(SORT_BY_NAME(.fini_array.*))
 *(.fini_array*)
 .fini_array    0x0800ef10        0x4 C:/ST/STM32CubeIDE_1.17.0/STM32CubeIDE/plugins/com.st.stm32cube.ide.mcu.externaltools.gnu-tools-for-stm32.13.3.rel1.win32_1.0.0.202411081344/tools/bin/../lib/gcc/arm-none-eabi/13.3.1/thumb/v7e-m+fp/hard/crtbegin.o
                [!provide]                        PROVIDE (__fini_array_end = .)
                0x0800ef14                        . = ALIGN (0x4)
                0x0800ef14                        _sidata = LOADADDR (.data)

.rel.dyn        0x0800ef14        0x0
 .rel.iplt      0x0800ef14        0x0 C:/ST/STM32CubeIDE_1.17.0/STM32CubeIDE/plugins/com.st.stm32cube.ide.mcu.externaltools.gnu-tools-for-stm32.13.3.rel1.win32_1.0.0.202411081344/tools/bin/../lib/gcc/arm-none-eabi/13.3.1/thumb/v7e-m+fp/hard/crtbegin.o

.data           0x20000000      0x184 load address 0x0800ef14
                0x20000000                        . = ALIGN (0x4)
                0x20000000                        _sdata = .
 *(.data)
 *(.data*)
 .data.tempo_counter
                0x20000000        0x4 ./Core/Src/main.o
                0x20000000                tempo_counter
 .data.tempo_click_rate
                0x20000004        0x4 ./Core/Src/main.o
                0x20000004                tempo_click_rate
 .data.current_menu
                0x20000008        0x1 ./Core/Src/main.o
                0x20000008                current_menu
 *fill*         0x20000009        0x3 
 .data.midi_rx_buff_ptr
                0x2000000c        0x4 ./Core/Src/main.o
                0x2000000c                midi_rx_buff_ptr
 .data.tempo    0x20000010        0x4 ./Core/Src/midi_tempo.o
                0x20000010                tempo
 .data.SystemCoreClock
                0x20000014        0x4 ./Core/Src/system_stm32f4xx.o
                0x20000014                SystemCoreClock
 .data.uwTickPrio
                0x20000018        0x4 ./Drivers/STM32F4xx_HAL_Driver/stm32f4xx_hal.o
                0x20000018                uwTickPrio
 .data.uwTickFreq
                0x2000001c        0x1 ./Drivers/STM32F4xx_HAL_Driver/stm32f4xx_hal.o
                0x2000001c                uwTickFreq
 *fill*         0x2000001d        0x3 
 .data.uxCriticalNesting
                0x20000020        0x4 ./Middlewares/FreeRTOS/port.o
 .data.USBD_HID
                0x20000024       0x38 ./Middlewares/USB_Device_Library/usbd_hid.o
                0x20000024                USBD_HID
 .data.USBD_HID_CfgDesc
                0x2000005c       0x22 ./Middlewares/USB_Device_Library/usbd_hid.o
 *fill*         0x2000007e        0x2 
 .data.USBD_HID_Desc
                0x20000080        0x9 ./Middlewares/USB_Device_Library/usbd_hid.o
 *fill*         0x20000089        0x3 
 .data.USBD_HID_DeviceQualifierDesc
                0x2000008c        0xa ./Middlewares/USB_Device_Library/usbd_hid.o
 *fill*         0x20000096        0x2 
 .data.HID_MOUSE_ReportDesc
                0x20000098       0x4a ./Middlewares/USB_Device_Library/usbd_hid.o
 .data.HIDInEpAdd
                0x200000e2        0x1 ./Middlewares/USB_Device_Library/usbd_hid.o
 *fill*         0x200000e3        0x1 
 .data.FS_Desc  0x200000e4       0x1c ./USB_DEVICE/App/usbd_desc.o
                0x200000e4                FS_Desc
 .data.USBD_FS_DeviceDesc
                0x20000100       0x12 ./USB_DEVICE/App/usbd_desc.o
                0x20000100                USBD_FS_DeviceDesc
 *fill*         0x20000112        0x2 
 .data.USBD_LangIDDesc
                0x20000114        0x4 ./USB_DEVICE/App/usbd_desc.o
                0x20000114                USBD_LangIDDesc
 .data.USBD_StringSerial
                0x20000118       0x1a ./USB_DEVICE/App/usbd_desc.o
                0x20000118                USBD_StringSerial
 *fill*         0x20000132        0x2 
 .data._impure_ptr
                0x20000134        0x4 C:/ST/STM32CubeIDE_1.17.0/STM32CubeIDE/plugins/com.st.stm32cube.ide.mcu.externaltools.gnu-tools-for-stm32.13.3.rel1.win32_1.0.0.202411081344/tools/bin/../lib/gcc/arm-none-eabi/13.3.1/../../../../arm-none-eabi/lib/thumb/v7e-m+fp/hard\libc_nano.a(libc_a-impure.o)
                0x20000134                _impure_ptr
 .data._impure_data
                0x20000138       0x4c C:/ST/STM32CubeIDE_1.17.0/STM32CubeIDE/plugins/com.st.stm32cube.ide.mcu.externaltools.gnu-tools-for-stm32.13.3.rel1.win32_1.0.0.202411081344/tools/bin/../lib/gcc/arm-none-eabi/13.3.1/../../../../arm-none-eabi/lib/thumb/v7e-m+fp/hard\libc_nano.a(libc_a-impure.o)
                0x20000138                _impure_data
 *(.RamFunc)
 *(.RamFunc*)
                0x20000184                        . = ALIGN (0x4)
                0x20000184                        _edata = .

.igot.plt       0x20000184        0x0 load address 0x0800f098
 .igot.plt      0x20000184        0x0 C:/ST/STM32CubeIDE_1.17.0/STM32CubeIDE/plugins/com.st.stm32cube.ide.mcu.externaltools.gnu-tools-for-stm32.13.3.rel1.win32_1.0.0.202411081344/tools/bin/../lib/gcc/arm-none-eabi/13.3.1/thumb/v7e-m+fp/hard/crtbegin.o
                0x20000184                        . = ALIGN (0x4)

.bss            0x20000184     0x5b44 load address 0x0800f098
                0x20000184                        _sbss = .
                0x20000184                        __bss_start__ = _sbss
 *(.bss)
 .bss           0x20000184       0x1c C:/ST/STM32CubeIDE_1.17.0/STM32CubeIDE/plugins/com.st.stm32cube.ide.mcu.externaltools.gnu-tools-for-stm32.13.3.rel1.win32_1.0.0.202411081344/tools/bin/../lib/gcc/arm-none-eabi/13.3.1/thumb/v7e-m+fp/hard/crtbegin.o
 *(.bss*)
 .bss.hi2c1     0x200001a0       0x54 ./Core/Src/main.o
                0x200001a0                hi2c1
 .bss.htim2     0x200001f4       0x48 ./Core/Src/main.o
                0x200001f4                htim2
 .bss.htim3     0x2000023c       0x48 ./Core/Src/main.o
                0x2000023c                htim3
 .bss.htim4     0x20000284       0x48 ./Core/Src/main.o
                0x20000284                htim4
 .bss.huart1    0x200002cc       0x48 ./Core/Src/main.o
                0x200002cc                huart1
 .bss.huart2    0x20000314       0x48 ./Core/Src/main.o
                0x20000314                huart2
 .bss.midi_sendHandle
                0x2000035c        0x4 ./Core/Src/main.o
                0x2000035c                midi_sendHandle
 .bss.other_tasksHandle
                0x20000360        0x4 ./Core/Src/main.o
                0x20000360                other_tasksHandle
 .bss.midi_rx_buff
                0x20000364        0x3 ./Core/Src/main.o
                0x20000364                midi_rx_buff
 *fill*         0x20000367        0x1 
 .bss.screen_driver_Buffer
                0x20000368      0x400 ./Core/Src/screen_driver.o
 .bss.screen_driver
                0x20000768        0x6 ./Core/Src/screen_driver.o
 *fill*         0x2000076e        0x2 
 .bss.htim1     0x20000770       0x48 ./Core/Src/stm32f4xx_hal_timebase_tim.o
                0x20000770                htim1
 .bss.__sbrk_heap_end
                0x200007b8        0x4 ./Core/Src/sysmem.o
 .bss.uwTick    0x200007bc        0x4 ./Drivers/STM32F4xx_HAL_Driver/stm32f4xx_hal.o
                0x200007bc                uwTick
 .bss.KernelState
                0x200007c0        0x4 ./Middlewares/FreeRTOS/cmsis_os2.o
 .bss.Idle_TCB.3
                0x200007c4       0xa8 ./Middlewares/FreeRTOS/cmsis_os2.o
 .bss.Idle_Stack.2
                0x2000086c      0x200 ./Middlewares/FreeRTOS/cmsis_os2.o
 .bss.Timer_TCB.1
                0x20000a6c       0xa8 ./Middlewares/FreeRTOS/cmsis_os2.o
 .bss.Timer_Stack.0
                0x20000b14      0x400 ./Middlewares/FreeRTOS/cmsis_os2.o
 .bss.ucHeap    0x20000f14     0x3c00 ./Middlewares/FreeRTOS/heap_4.o
 .bss.xStart    0x20004b14        0x8 ./Middlewares/FreeRTOS/heap_4.o
 .bss.pxEnd     0x20004b1c        0x4 ./Middlewares/FreeRTOS/heap_4.o
 .bss.xFreeBytesRemaining
                0x20004b20        0x4 ./Middlewares/FreeRTOS/heap_4.o
 .bss.xMinimumEverFreeBytesRemaining
                0x20004b24        0x4 ./Middlewares/FreeRTOS/heap_4.o
 .bss.xNumberOfSuccessfulAllocations
                0x20004b28        0x4 ./Middlewares/FreeRTOS/heap_4.o
 .bss.xNumberOfSuccessfulFrees
                0x20004b2c        0x4 ./Middlewares/FreeRTOS/heap_4.o
 .bss.xBlockAllocatedBit
                0x20004b30        0x4 ./Middlewares/FreeRTOS/heap_4.o
 .bss.ucMaxSysCallPriority
                0x20004b34        0x1 ./Middlewares/FreeRTOS/port.o
 *fill*         0x20004b35        0x3 
 .bss.ulMaxPRIGROUPValue
                0x20004b38        0x4 ./Middlewares/FreeRTOS/port.o
 .bss.xQueueRegistry
                0x20004b3c       0x40 ./Middlewares/FreeRTOS/queue.o
                0x20004b3c                xQueueRegistry
 .bss.pxCurrentTCB
                0x20004b7c        0x4 ./Middlewares/FreeRTOS/tasks.o
                0x20004b7c                pxCurrentTCB
 .bss.pxReadyTasksLists
                0x20004b80      0x460 ./Middlewares/FreeRTOS/tasks.o
 .bss.xDelayedTaskList1
                0x20004fe0       0x14 ./Middlewares/FreeRTOS/tasks.o
 .bss.xDelayedTaskList2
                0x20004ff4       0x14 ./Middlewares/FreeRTOS/tasks.o
 .bss.pxDelayedTaskList
                0x20005008        0x4 ./Middlewares/FreeRTOS/tasks.o
 .bss.pxOverflowDelayedTaskList
                0x2000500c        0x4 ./Middlewares/FreeRTOS/tasks.o
 .bss.xPendingReadyList
                0x20005010       0x14 ./Middlewares/FreeRTOS/tasks.o
 .bss.xTasksWaitingTermination
                0x20005024       0x14 ./Middlewares/FreeRTOS/tasks.o
 .bss.uxDeletedTasksWaitingCleanUp
                0x20005038        0x4 ./Middlewares/FreeRTOS/tasks.o
 .bss.xSuspendedTaskList
                0x2000503c       0x14 ./Middlewares/FreeRTOS/tasks.o
 .bss.uxCurrentNumberOfTasks
                0x20005050        0x4 ./Middlewares/FreeRTOS/tasks.o
 .bss.xTickCount
                0x20005054        0x4 ./Middlewares/FreeRTOS/tasks.o
 .bss.uxTopReadyPriority
                0x20005058        0x4 ./Middlewares/FreeRTOS/tasks.o
 .bss.xSchedulerRunning
                0x2000505c        0x4 ./Middlewares/FreeRTOS/tasks.o
 .bss.xPendedTicks
                0x20005060        0x4 ./Middlewares/FreeRTOS/tasks.o
 .bss.xYieldPending
                0x20005064        0x4 ./Middlewares/FreeRTOS/tasks.o
 .bss.xNumOfOverflows
                0x20005068        0x4 ./Middlewares/FreeRTOS/tasks.o
 .bss.uxTaskNumber
                0x2000506c        0x4 ./Middlewares/FreeRTOS/tasks.o
 .bss.xNextTaskUnblockTime
                0x20005070        0x4 ./Middlewares/FreeRTOS/tasks.o
 .bss.xIdleTaskHandle
                0x20005074        0x4 ./Middlewares/FreeRTOS/tasks.o
 .bss.uxSchedulerSuspended
                0x20005078        0x4 ./Middlewares/FreeRTOS/tasks.o
 .bss.xActiveTimerList1
                0x2000507c       0x14 ./Middlewares/FreeRTOS/timers.o
 .bss.xActiveTimerList2
                0x20005090       0x14 ./Middlewares/FreeRTOS/timers.o
 .bss.pxCurrentTimerList
                0x200050a4        0x4 ./Middlewares/FreeRTOS/timers.o
 .bss.pxOverflowTimerList
                0x200050a8        0x4 ./Middlewares/FreeRTOS/timers.o
 .bss.xTimerQueue
                0x200050ac        0x4 ./Middlewares/FreeRTOS/timers.o
 .bss.xTimerTaskHandle
                0x200050b0        0x4 ./Middlewares/FreeRTOS/timers.o
 .bss.xLastTime.2
                0x200050b4        0x4 ./Middlewares/FreeRTOS/timers.o
 .bss.ucStaticTimerQueueStorage.1
                0x200050b8       0xa0 ./Middlewares/FreeRTOS/timers.o
 .bss.xStaticTimerQueue.0
                0x20005158       0x50 ./Middlewares/FreeRTOS/timers.o
 .bss.cfgidx.0  0x200051a8        0x1 ./Middlewares/USB_Device_Library/usbd_ctlreq.o
 *fill*         0x200051a9        0x3 
 .bss.hUsbDeviceFS
                0x200051ac      0x2dc ./USB_DEVICE/App/usb_device.o
                0x200051ac                hUsbDeviceFS
 .bss.USBD_StrDesc
                0x20005488      0x200 ./USB_DEVICE/App/usbd_desc.o
                0x20005488                USBD_StrDesc
 .bss.hpcd_USB_OTG_FS
                0x20005688      0x4e4 ./USB_DEVICE/Target/usbd_conf.o
                0x20005688                hpcd_USB_OTG_FS
 .bss.mem.0     0x20005b6c       0x14 ./USB_DEVICE/Target/usbd_conf.o
 .bss.__sf      0x20005b80      0x138 C:/ST/STM32CubeIDE_1.17.0/STM32CubeIDE/plugins/com.st.stm32cube.ide.mcu.externaltools.gnu-tools-for-stm32.13.3.rel1.win32_1.0.0.202411081344/tools/bin/../lib/gcc/arm-none-eabi/13.3.1/../../../../arm-none-eabi/lib/thumb/v7e-m+fp/hard\libc_nano.a(libc_a-findfp.o)
                0x20005b80                __sf
 .bss.errno     0x20005cb8        0x4 C:/ST/STM32CubeIDE_1.17.0/STM32CubeIDE/plugins/com.st.stm32cube.ide.mcu.externaltools.gnu-tools-for-stm32.13.3.rel1.win32_1.0.0.202411081344/tools/bin/../lib/gcc/arm-none-eabi/13.3.1/../../../../arm-none-eabi/lib/thumb/v7e-m+fp/hard\libc_nano.a(libc_a-reent.o)
                0x20005cb8                errno
 .bss.__lock___malloc_recursive_mutex
                0x20005cbc        0x1 C:/ST/STM32CubeIDE_1.17.0/STM32CubeIDE/plugins/com.st.stm32cube.ide.mcu.externaltools.gnu-tools-for-stm32.13.3.rel1.win32_1.0.0.202411081344/tools/bin/../lib/gcc/arm-none-eabi/13.3.1/../../../../arm-none-eabi/lib/thumb/v7e-m+fp/hard\libc_nano.a(libc_a-lock.o)
                0x20005cbc                __lock___malloc_recursive_mutex
 *fill*         0x20005cbd        0x3 
 .bss.__malloc_sbrk_start
                0x20005cc0        0x4 C:/ST/STM32CubeIDE_1.17.0/STM32CubeIDE/plugins/com.st.stm32cube.ide.mcu.externaltools.gnu-tools-for-stm32.13.3.rel1.win32_1.0.0.202411081344/tools/bin/../lib/gcc/arm-none-eabi/13.3.1/../../../../arm-none-eabi/lib/thumb/v7e-m+fp/hard\libc_nano.a(libc_a-mallocr.o)
                0x20005cc0                __malloc_sbrk_start
 .bss.__malloc_free_list
                0x20005cc4        0x4 C:/ST/STM32CubeIDE_1.17.0/STM32CubeIDE/plugins/com.st.stm32cube.ide.mcu.externaltools.gnu-tools-for-stm32.13.3.rel1.win32_1.0.0.202411081344/tools/bin/../lib/gcc/arm-none-eabi/13.3.1/../../../../arm-none-eabi/lib/thumb/v7e-m+fp/hard\libc_nano.a(libc_a-mallocr.o)
                0x20005cc4                __malloc_free_list
 *(COMMON)
                0x20005cc8                        . = ALIGN (0x4)
                0x20005cc8                        _ebss = .
                0x20005cc8                        __bss_end__ = _ebss

._user_heap_stack
                0x20005cc8      0x600 load address 0x0800f098
                0x20005cc8                        . = ALIGN (0x8)
                [!provide]                        PROVIDE (end = .)
                0x20005cc8                        PROVIDE (_end = .)
                0x20005ec8                        . = (. + _Min_Heap_Size)
 *fill*         0x20005cc8      0x200 
                0x200062c8                        . = (. + _Min_Stack_Size)
 *fill*         0x20005ec8      0x400 
                0x200062c8                        . = ALIGN (0x8)

/DISCARD/
 libc.a(*)
 libm.a(*)
 libgcc.a(*)

.ARM.attributes
                0x00000000       0x30
 *(.ARM.attributes)
 .ARM.attributes
                0x00000000       0x22 C:/ST/STM32CubeIDE_1.17.0/STM32CubeIDE/plugins/com.st.stm32cube.ide.mcu.externaltools.gnu-tools-for-stm32.13.3.rel1.win32_1.0.0.202411081344/tools/bin/../lib/gcc/arm-none-eabi/13.3.1/thumb/v7e-m+fp/hard/crti.o
 .ARM.attributes