../Core/Src/main.c:119:5:main	8	static
../Core/Src/main.c:219:6:SystemClock_Config	88	static
../Core/Src/main.c:265:13:MX_ADC1_Init	24	static
../Core/Src/main.c:317:13:MX_SPI1_Init	8	static
../Core/Src/main.c:355:13:MX_TIM2_Init	32	static
../Core/Src/main.c:400:13:MX_TIM3_Init	56	static
../Core/Src/main.c:449:13:MX_TIM4_Init	56	static
../Core/Src/main.c:498:13:MX_USART1_UART_Init	8	static
../Core/Src/main.c:531:13:MX_USART2_UART_Init	8	static
../Core/Src/main.c:564:13:MX_GPIO_Init	40	static
../Core/Src/main.c:619:6:HAL_GPIO_EXTI_Callback	16	static
../Core/Src/main.c:649:6:HAL_UART_RxCpltCallback	16	static
../Core/Src/main.c:667:6:StartDefaultTask	16	static
../Core/Src/main.c:688:6:StartTask02	88	static
../Core/Src/main.c:733:6:HAL_TIM_PeriodElapsedCallback	96	static
../Core/Src/main.c:758:6:Error_Handler	4	static,ignoring_inline_asm
