../Core/Src/screen_driver.c:24:6:screen_driver_Reset	8	static
../Core/Src/screen_driver.c:36:6:screen_driver_WriteCommand	16	static
../Core/Src/screen_driver.c:44:6:screen_driver_WriteData	16	static
../Core/Src/screen_driver.c:63:23:screen_driver_FillBuffer	24	static
../Core/Src/screen_driver.c:73:6:screen_driver_Init	8	static
../Core/Src/screen_driver.c:196:6:screen_driver_Fill	16	static
../Core/Src/screen_driver.c:201:6:screen_driver_UpdateScreen	16	static
../Core/Src/screen_driver.c:222:6:screen_driver_DrawPixel	16	static
../Core/Src/screen_driver.c:242:6:screen_driver_WriteChar	48	static
../Core/Src/screen_driver.c:277:6:screen_driver_WriteString	32	static
../Core/Src/screen_driver.c:291:6:screen_driver_SetCursor	16	static
../Core/Src/screen_driver.c:297:6:screen_driver_Line	48	static
../Core/Src/screen_driver.c:324:6:screen_driver_Polyline	40	static
../Core/Src/screen_driver.c:338:14:screen_driver_DegToRad	16	static
../Core/Src/screen_driver.c:343:17:screen_driver_NormalizeTo0_360	24	static
../Core/Src/screen_driver.c:359:6:screen_driver_DrawArc	64	static
../Core/Src/screen_driver.c:399:6:screen_driver_DrawArcWithRadiusLine	72	static
../Core/Src/screen_driver.c:442:6:screen_driver_DrawCircle	40	static
../Core/Src/screen_driver.c:477:6:screen_driver_FillCircle	48	static
../Core/Src/screen_driver.c:513:6:screen_driver_DrawRectangle	32	static
../Core/Src/screen_driver.c:523:6:screen_driver_FillRectangle	32	static
../Core/Src/screen_driver.c:537:23:screen_driver_InvertRectangle	32	static
../Core/Src/screen_driver.c:568:6:screen_driver_DrawBitmap	24	static
../Core/Src/screen_driver.c:592:6:screen_driver_SetContrast	24	static
../Core/Src/screen_driver.c:598:6:screen_driver_SetDisplayOn	24	static
../Core/Src/screen_driver.c:610:9:screen_driver_GetDisplayOn	4	static
